Component: ARM Compiler 5.06 update 7 (build 960) Tool: armlink [4d3601]

==============================================================================

Section Cross References

    main.o(i.main) refers to memseta.o(.text) for __aeabi_memclr4
    main.o(i.main) refers to system.o(i.System_Systick_Init) for System_Systick_Init
    main.o(i.main) refers to misc.o(i.NVIC_PriorityGroupConfig) for NVIC_PriorityGroupConfig
    main.o(i.main) refers to systick.o(i.SysTick_Init) for SysTick_Init
    main.o(i.main) refers to freertos_demo.o(i.HardWare_Init) for HardWare_Init
    main.o(i.main) refers to freertos_demo.o(i.freertos_demo) for freertos_demo
    main.o(i.main) refers to main.o(.constdata) for .constdata
    freertos_demo.o(i.HardWare_Init) refers to usart.o(i.Usart_Init) for Usart_Init
    freertos_demo.o(i.HardWare_Init) refers to led.o(i.LED_Init) for LED_Init
    freertos_demo.o(i.HardWare_Init) refers to ctrl.o(i.PID_Data_Init) for PID_Data_Init
    freertos_demo.o(i.HardWare_Init) refers to mpu6050.o(i.MPU6050_Init) for MPU6050_Init
    freertos_demo.o(i.HardWare_Init) refers to motor.o(i.TIM3_PWM_Init) for TIM3_PWM_Init
    freertos_demo.o(i.HardWare_Init) refers to si24r.o(i.Si24r_Init) for Si24r_Init
    freertos_demo.o(i.HardWare_Init) refers to si24r.o(i.Si24r_TX_Mode) for Si24r_TX_Mode
    freertos_demo.o(i.HardWare_Init) refers to exit.o(i.EXIT_GPIOC8_Init) for EXIT_GPIOC8_Init
    freertos_demo.o(i.HardWare_Init) refers to time4.o(i.Time4_Init) for Time4_Init
    freertos_demo.o(i.HardWare_Init) refers to printf3.o(i.__0printf$3) for __2printf
    freertos_demo.o(i.HardWare_Init) refers to systick.o(i.delay_ms) for delay_ms
    freertos_demo.o(i.MPU6050_Task) refers to imu.o(i.Get_Attitude_Angle) for Get_Attitude_Angle
    freertos_demo.o(i.MPU6050_Task) refers to ctrl.o(i.Fly_Control) for Fly_Control
    freertos_demo.o(i.MPU6050_Task) refers to tasks.o(i.vTaskDelay) for vTaskDelay
    freertos_demo.o(i.MPU6050_Task) refers to imu.o(.bss) for MY_Attitude_Angle
    freertos_demo.o(i.MPU6050_Task) refers to remotedata.o(.data) for lock_flag
    freertos_demo.o(i.MPU6050_Task) refers to remotedata.o(.bss) for Remote_Data
    freertos_demo.o(i.MPU6050_Task) refers to mpu6050.o(.bss) for MPU6050_Original_Data
    freertos_demo.o(i.REMOTE_Task) refers to remotedata.o(i.Connect_Communication) for Connect_Communication
    freertos_demo.o(i.REMOTE_Task) refers to remotedata.o(i.Remote_Data_Decode) for Remote_Data_Decode
    freertos_demo.o(i.REMOTE_Task) refers to remotedata.o(i.Fly_Unlock) for Fly_Unlock
    freertos_demo.o(i.REMOTE_Task) refers to tasks.o(i.vTaskDelay) for vTaskDelay
    freertos_demo.o(i.REMOTE_Task) refers to exit.o(.data) for rx_flag
    freertos_demo.o(i.Start_Task) refers to port.o(i.vPortEnterCritical) for vPortEnterCritical
    freertos_demo.o(i.Start_Task) refers to tasks.o(i.xTaskCreate) for xTaskCreate
    freertos_demo.o(i.Start_Task) refers to tasks.o(i.vTaskDelete) for vTaskDelete
    freertos_demo.o(i.Start_Task) refers to port.o(i.vPortExitCritical) for vPortExitCritical
    freertos_demo.o(i.Start_Task) refers to freertos_demo.o(.data) for Task1_Handler
    freertos_demo.o(i.Start_Task) refers to freertos_demo.o(i.Task1) for Task1
    freertos_demo.o(i.Start_Task) refers to freertos_demo.o(i.MPU6050_Task) for MPU6050_Task
    freertos_demo.o(i.Start_Task) refers to freertos_demo.o(i.REMOTE_Task) for REMOTE_Task
    freertos_demo.o(i.Task1) refers to tasks.o(i.vTaskDelay) for vTaskDelay
    freertos_demo.o(i.freertos_demo) refers to tasks.o(i.xTaskCreate) for xTaskCreate
    freertos_demo.o(i.freertos_demo) refers to tasks.o(i.vTaskStartScheduler) for vTaskStartScheduler
    freertos_demo.o(i.freertos_demo) refers to freertos_demo.o(.data) for Start_Task_Handler
    freertos_demo.o(i.freertos_demo) refers to freertos_demo.o(i.Start_Task) for Start_Task
    startup_stm32f10x_hd.o(RESET) refers to startup_stm32f10x_hd.o(STACK) for __initial_sp
    startup_stm32f10x_hd.o(RESET) refers to startup_stm32f10x_hd.o(.text) for Reset_Handler
    startup_stm32f10x_hd.o(RESET) refers to stm32f10x_it.o(i.NMI_Handler) for NMI_Handler
    startup_stm32f10x_hd.o(RESET) refers to stm32f10x_it.o(i.HardFault_Handler) for HardFault_Handler
    startup_stm32f10x_hd.o(RESET) refers to stm32f10x_it.o(i.MemManage_Handler) for MemManage_Handler
    startup_stm32f10x_hd.o(RESET) refers to stm32f10x_it.o(i.BusFault_Handler) for BusFault_Handler
    startup_stm32f10x_hd.o(RESET) refers to stm32f10x_it.o(i.UsageFault_Handler) for UsageFault_Handler
    startup_stm32f10x_hd.o(RESET) refers to port.o(.emb_text) for SVC_Handler
    startup_stm32f10x_hd.o(RESET) refers to stm32f10x_it.o(i.DebugMon_Handler) for DebugMon_Handler
    startup_stm32f10x_hd.o(RESET) refers to systick.o(i.SysTick_Handler) for SysTick_Handler
    startup_stm32f10x_hd.o(RESET) refers to stm32f10x_it.o(i.TAMPER_IRQHandler) for TAMPER_IRQHandler
[...]
    i.MPU_IIC_STOP                           0x08001f20   Section        0  iic.o(i.MPU_IIC_STOP)
    i.MPU_IIC_SendByte                       0x08001f50   Section        0  iic.o(i.MPU_IIC_SendByte)
    i.MPU_IIC_Start                          0x08001fac   Section        0  iic.o(i.MPU_IIC_Start)
    i.MPU_IIC_Wait_ACK                       0x08001fe0   Section        0  iic.o(i.MPU_IIC_Wait_ACK)
    i.MPU_IIC_WriteByteToSlave               0x08002028   Section        0  iic.o(i.MPU_IIC_WriteByteToSlave)
    i.MemManage_Handler                      0x08002078   Section        0  stm32f10x_it.o(i.MemManage_Handler)
    i.Motor_Pwm                              0x0800207c   Section        0  motor.o(i.Motor_Pwm)
    i.NMI_Handler                            0x080020d4   Section        0  stm32f10x_it.o(i.NMI_Handler)
    i.NVIC_Init                              0x080020d8   Section        0  misc.o(i.NVIC_Init)
    i.NVIC_PriorityGroupConfig               0x08002148   Section        0  misc.o(i.NVIC_PriorityGroupConfig)
    i.PID_Control                            0x0800215c   Section        0  pid.o(i.PID_Control)
    i.PID_Data_Init                          0x08002244   Section        0  ctrl.o(i.PID_Data_Init)
    i.Prepare_Data                           0x08002318   Section        0  imu.o(i.Prepare_Data)
    i.RCC_APB1PeriphClockCmd                 0x080023b8   Section        0  stm32f10x_rcc.o(i.RCC_APB1PeriphClockCmd)
    i.RCC_APB2PeriphClockCmd                 0x080023d8   Section        0  stm32f10x_rcc.o(i.RCC_APB2PeriphClockCmd)
    i.RCC_GetClocksFreq                      0x080023f8   Section        0  stm32f10x_rcc.o(i.RCC_GetClocksFreq)
    i.REMOTE_Task                            0x080024cc   Section        0  freertos_demo.o(i.REMOTE_Task)
    i.Read_MPU6050_Original_Data             0x080024f4   Section        0  mpu6050.o(i.Read_MPU6050_Original_Data)
    i.Remote_Data_Decode                     0x08002620   Section        0  remotedata.o(i.Remote_Data_Decode)
    i.Reset_PID                              0x080026cc   Section        0  pid.o(i.Reset_PID)
    i.SI24R1_RxPacket                        0x08002700   Section        0  si24r.o(i.SI24R1_RxPacket)
    i.SI24R1_TxPacket                        0x08002730   Section        0  si24r.o(i.SI24R1_TxPacket)
    i.SPI2_Init                              0x08002788   Section        0  spi.o(i.SPI2_Init)
    i.SPI2_ReadWrite                         0x08002808   Section        0  spi.o(i.SPI2_ReadWrite)
    i.SPI_Cmd                                0x08002840   Section        0  stm32f10x_spi.o(i.SPI_Cmd)
    i.SPI_I2S_GetFlagStatus                  0x08002858   Section        0  stm32f10x_spi.o(i.SPI_I2S_GetFlagStatus)
    i.SPI_I2S_ReceiveData                    0x0800286a   Section        0  stm32f10x_spi.o(i.SPI_I2S_ReceiveData)
    i.SPI_I2S_SendData                       0x08002870   Section        0  stm32f10x_spi.o(i.SPI_I2S_SendData)
    i.SPI_Init                               0x08002874   Section        0  stm32f10x_spi.o(i.SPI_Init)
    i.Send_Attitude                          0x080028b0   Section        0  com_ano.o(i.Send_Attitude)
    i.SetSysClock                            0x0800295c   Section        0  system_stm32f10x.o(i.SetSysClock)
    SetSysClock                              0x0800295d   Thumb Code     8  system_stm32f10x.o(i.SetSysClock)
    i.SetSysClockTo72                        0x08002964   Section        0  system_stm32f10x.o(i.SetSysClockTo72)
    SetSysClockTo72                          0x08002965   Thumb Code   214  system_stm32f10x.o(i.SetSysClockTo72)
    i.Si24r_Check                            0x08002a44   Section        0  si24r.o(i.Si24r_Check)
    i.Si24r_Init                             0x08002a8c   Section        0  si24r.o(i.Si24r_Init)
    i.Si24r_Read_Data                        0x08002af4   Section        0  si24r.o(i.Si24r_Read_Data)
    i.Si24r_Read_reg                         0x08002b34   Section        0  si24r.o(i.Si24r_Read_reg)
    i.Si24r_TX_Mode                          0x08002b60   Section        0  si24r.o(i.Si24r_TX_Mode)
    i.Si24r_TestConnection                   0x08002bf0   Section        0  si24r.o(i.Si24r_TestConnection)
    i.Si24r_Write_Data                       0x08002c3c   Section        0  si24r.o(i.Si24r_Write_Data)
    i.Si24r_Write_reg                        0x08002c7c   Section        0  si24r.o(i.Si24r_Write_reg)
    i.Si24rset_Mode                          0x08002ca8   Section        0  si24r.o(i.Si24rset_Mode)
    i.Start_Task                             0x08002d00   Section        0  freertos_demo.o(i.Start_Task)
    i.SysTick_CLKSourceConfig                0x08002d94   Section        0  misc.o(i.SysTick_CLKSourceConfig)
    i.SysTick_Handler                        0x08002dbc   Section        0  systick.o(i.SysTick_Handler)
    i.SysTick_Init                           0x08002dcc   Section        0  systick.o(i.SysTick_Init)
    i.SystemInit                             0x08002e1c   Section        0  system_stm32f10x.o(i.SystemInit)
    i.System_Systick_Init                    0x08002e7c   Section        0  system.o(i.System_Systick_Init)
    i.TAMPER_IRQHandler                      0x08002ed0   Section        0  stm32f10x_it.o(i.TAMPER_IRQHandler)
    i.TIM3_PWM_Init                          0x08002ed4   Section        0  motor.o(i.TIM3_PWM_Init)
    i.TIM4_IRQHandler                        0x08002fec   Section        0  time4.o(i.TIM4_IRQHandler)
    i.TIM_ClearITPendingBit                  0x0800300c   Section        0  stm32f10x_tim.o(i.TIM_ClearITPendingBit)
    i.TIM_Cmd                                0x08003012   Section        0  stm32f10x_tim.o(i.TIM_Cmd)
    i.TIM_GetITStatus                        0x0800302a   Section        0  stm32f10x_tim.o(i.TIM_GetITStatus)
    i.TIM_ITConfig                           0x0800304c   Section        0  stm32f10x_tim.o(i.TIM_ITConfig)
    i.TIM_OC1Init                            0x08003060   Section        0  stm32f10x_tim.o(i.TIM_OC1Init)
    i.TIM_OC1PreloadConfig                   0x080030f8   Section        0  stm32f10x_tim.o(i.TIM_OC1PreloadConfig)
    i.TIM_OC2Init                            0x0800310c   Section        0  stm32f10x_tim.o(i.TIM_OC2Init)
    i.TIM_OC2PreloadConfig                   0x080031b0   Section        0  stm32f10x_tim.o(i.TIM_OC2PreloadConfig)
    i.TIM_OC3Init                            0x080031cc   Section        0  stm32f10x_tim.o(i.TIM_OC3Init)
    i.TIM_OC3PreloadConfig                   0x0800326c   Section        0  stm32f10x_tim.o(i.TIM_OC3PreloadConfig)
    i.TIM_OC4Init                            0x08003280   Section        0  stm32f10x_tim.o(i.TIM_OC4Init)
    i.TIM_OC4PreloadConfig                   0x080032fc   Section        0  stm32f10x_tim.o(i.TIM_OC4PreloadConfig)
    i.TIM_TimeBaseInit                       0x08003318   Section        0  stm32f10x_tim.o(i.TIM_TimeBaseInit)
    i.Takeoff_Attitude_Check                 0x080033bc   Section        0  mpu6050.o(i.Takeoff_Attitude_Check)
    i.Task1                                  0x08003494   Section        0  freertos_demo.o(i.Task1)
    i.Time4_Init                             0x080034b4   Section        0  time4.o(i.Time4_Init)
    i.USART1_IRQHandler                      0x08003514   Section        0  usart.o(i.USART1_IRQHandler)
    i.USART_ClearFlag                        0x0800359c   Section        0  stm32f10x_usart.o(i.USART_ClearFlag)
    i.USART_Cmd                              0x080035ae   Section        0  stm32f10x_usart.o(i.USART_Cmd)
    i.USART_GetFlagStatus                    0x080035c6   Section        0  stm32f10x_usart.o(i.USART_GetFlagStatus)
    i.USART_GetITStatus                      0x080035e0   Section        0  stm32f10x_usart.o(i.USART_GetITStatus)
    i.USART_ITConfig                         0x08003634   Section        0  stm32f10x_usart.o(i.USART_ITConfig)
    i.USART_Init                             0x08003680   Section        0  stm32f10x_usart.o(i.USART_Init)
    i.USART_ReceiveData                      0x08003758   Section        0  stm32f10x_usart.o(i.USART_ReceiveData)
    i.USART_SendData                         0x08003762   Section        0  stm32f10x_usart.o(i.USART_SendData)
    i.UsageFault_Handler                     0x0800376a   Section        0  stm32f10x_it.o(i.UsageFault_Handler)
    i.Usart_Init                             0x08003770   Section        0  usart.o(i.Usart_Init)
    i.__0printf$3                            0x08003820   Section        0  printf3.o(i.__0printf$3)
    i.__ARM_fpclassify                       0x08003840   Section        0  fpclassify.o(i.__ARM_fpclassify)
    i.__kernel_poly                          0x08003868   Section        0  poly.o(i.__kernel_poly)
    i.__mathlib_dbl_infnan                   0x08003912   Section        0  dunder.o(i.__mathlib_dbl_infnan)
    i.__mathlib_dbl_infnan2                  0x08003918   Section        0  dunder.o(i.__mathlib_dbl_infnan2)
    i.__mathlib_dbl_invalid                  0x0800391c   Section        0  dunder.o(i.__mathlib_dbl_invalid)
    i.__mathlib_dbl_underflow                0x08003928   Section        0  dunder.o(i.__mathlib_dbl_underflow)
    i.__scatterload_copy                     0x08003938   Section       14  handlers.o(i.__scatterload_copy)
    i.__scatterload_null                     0x08003946   Section        2  handlers.o(i.__scatterload_null)
    i.__scatterload_zeroinit                 0x08003948   Section       14  handlers.o(i.__scatterload_zeroinit)
    i.__set_errno                            0x08003958   Section        0  errno.o(i.__set_errno)
    i._printf_core                           0x08003964   Section        0  printf3.o(i._printf_core)
    _printf_core                             0x08003965   Thumb Code   436  printf3.o(i._printf_core)
    i.asin                                   0x08003b1c   Section        0  asin.o(i.asin)
    i.atan                                   0x08003d8c   Section        0  atan.o(i.atan)
    i.atan2                                  0x08003fac   Section        0  atan2.o(i.atan2)
    i.delay_ms                               0x08004148   Section        0  systick.o(i.delay_ms)
    i.delay_us                               0x08004164   Section        0  systick.o(i.delay_us)
    i.fputc                                  0x080041ac   Section        0  usart.o(i.fputc)
    i.freertos_demo                          0x080041d0   Section        0  freertos_demo.o(i.freertos_demo)
    i.invSqrt                                0x08004204   Section        0  imu.o(i.invSqrt)
    invSqrt                                  0x08004205   Thumb Code    72  imu.o(i.invSqrt)
    i.main                                   0x08004250   Section        0  main.o(i.main)
    i.motor_range                            0x08004288   Section        0  ctrl.o(i.motor_range)
    i.prvAddCurrentTaskToDelayedList         0x0800429c   Section        0  tasks.o(i.prvAddCurrentTaskToDelayedList)
    prvAddCurrentTaskToDelayedList           0x0800429d   Thumb Code   164  tasks.o(i.prvAddCurrentTaskToDelayedList)
    i.prvAddNewTaskToReadyList               0x0800435c   Section        0  tasks.o(i.prvAddNewTaskToReadyList)
    prvAddNewTaskToReadyList                 0x0800435d   Thumb Code   200  tasks.o(i.prvAddNewTaskToReadyList)
    i.prvCheckTasksWaitingTermination        0x08004440   Section        0  tasks.o(i.prvCheckTasksWaitingTermination)
    prvCheckTasksWaitingTermination          0x08004441   Thumb Code    60  tasks.o(i.prvCheckTasksWaitingTermination)
    i.prvDeleteTCB                           0x08004488   Section        0  tasks.o(i.prvDeleteTCB)
    prvDeleteTCB                             0x08004489   Thumb Code    18  tasks.o(i.prvDeleteTCB)
    i.prvHeapInit                            0x0800449c   Section        0  heap_4.o(i.prvHeapInit)
    prvHeapInit                              0x0800449d   Thumb Code    90  heap_4.o(i.prvHeapInit)
    i.prvIdleTask                            0x0800450c   Section        0  tasks.o(i.prvIdleTask)
    prvIdleTask                              0x0800450d   Thumb Code    32  tasks.o(i.prvIdleTask)
    i.prvInitialiseNewTask                   0x08004534   Section        0  tasks.o(i.prvInitialiseNewTask)
    prvInitialiseNewTask                     0x08004535   Thumb Code   122  tasks.o(i.prvInitialiseNewTask)
    i.prvInitialiseTaskLists                 0x080045b0   Section        0  tasks.o(i.prvInitialiseTaskLists)
    prvInitialiseTaskLists                   0x080045b1   Thumb Code    70  tasks.o(i.prvInitialiseTaskLists)
    i.prvInsertBlockIntoFreeList             0x08004618   Section        0  heap_4.o(i.prvInsertBlockIntoFreeList)
    prvInsertBlockIntoFreeList               0x08004619   Thumb Code    96  heap_4.o(i.prvInsertBlockIntoFreeList)
    i.prvResetNextTaskUnblockTime            0x08004680   Section        0  tasks.o(i.prvResetNextTaskUnblockTime)
    prvResetNextTaskUnblockTime              0x08004681   Thumb Code    40  tasks.o(i.prvResetNextTaskUnblockTime)
    i.prvTaskExitError                       0x080046b0   Section        0  port.o(i.prvTaskExitError)
    prvTaskExitError                         0x080046b1   Thumb Code    22  port.o(i.prvTaskExitError)
    i.pvPortMalloc                           0x080046c8   Section        0  heap_4.o(i.pvPortMalloc)
    i.pxPortInitialiseStack                  0x080047ac   Section        0  port.o(i.pxPortInitialiseStack)
    i.sqrt                                   0x080047d0   Section        0  sqrt.o(i.sqrt)
    i.uxListRemove                           0x0800481c   Section        0  list.o(i.uxListRemove)
    i.vListInitialise                        0x08004844   Section        0  list.o(i.vListInitialise)
    i.vListInitialiseItem                    0x0800485e   Section        0  list.o(i.vListInitialiseItem)
    i.vListInsert                            0x08004864   Section        0  list.o(i.vListInsert)
    i.vListInsertEnd                         0x08004898   Section        0  list.o(i.vListInsertEnd)
    i.vPortEnterCritical                     0x080048b0   Section        0  port.o(i.vPortEnterCritical)
    i.vPortExitCritical                      0x080048d4   Section        0  port.o(i.vPortExitCritical)
    i.vPortFree                              0x080048f4   Section        0  heap_4.o(i.vPortFree)
    i.vPortSetupTimerInterrupt               0x08004940   Section        0  port.o(i.vPortSetupTimerInterrupt)
    i.vTaskDelay                             0x08004958   Section        0  tasks.o(i.vTaskDelay)
    i.vTaskDelete                            0x0800498c   Section        0  tasks.o(i.vTaskDelete)
    i.vTaskStartScheduler                    0x08004a60   Section        0  tasks.o(i.vTaskStartScheduler)
    i.vTaskSuspendAll                        0x08004acc   Section        0  tasks.o(i.vTaskSuspendAll)
    i.vTaskSwitchContext                     0x08004adc   Section        0  tasks.o(i.vTaskSwitchContext)
    i.xPortStartScheduler                    0x08004b3c   Section        0  port.o(i.xPortStartScheduler)
    i.xPortSysTickHandler                    0x08004b70   Section        0  port.o(i.xPortSysTickHandler)
    i.xTaskCreate                            0x08004ba4   Section        0  tasks.o(i.xTaskCreate)
    i.xTaskGetSchedulerState                 0x08004c0c   Section        0  tasks.o(i.xTaskGetSchedulerState)
    i.xTaskIncrementTick                     0x08004c2c   Section        0  tasks.o(i.xTaskIncrementTick)
    i.xTaskResumeAll                         0x08004dbc   Section        0  tasks.o(i.xTaskResumeAll)
    .constdata                               0x08004f18   Section       12  main.o(.constdata)
    .constdata                               0x08004f28   Section       80  asin.o(.constdata)
    pS                                       0x08004f28   Data          48  asin.o(.constdata)
    qS                                       0x08004f58   Data          32  asin.o(.constdata)
    .constdata                               0x08004f78   Section      152  atan.o(.constdata)
    atanhi                                   0x08004f78   Data          32  atan.o(.constdata)
    atanlo                                   0x08004f98   Data          32  atan.o(.constdata)
    aTodd                                    0x08004fb8   Data          40  atan.o(.constdata)
    aTeven                                   0x08004fe0   Data          48  atan.o(.constdata)
    .constdata                               0x08005010   Section        8  qnan.o(.constdata)
    .data                                    0x20000000   Section       48  freertos_demo.o(.data)
    .data                                    0x20000030   Section       20  stm32f10x_rcc.o(.data)
    APBAHBPrescTable                         0x20000030   Data          16  stm32f10x_rcc.o(.data)
    ADCPrescTable                            0x20000040   Data           4  stm32f10x_rcc.o(.data)
    .data                                    0x20000044   Section       11  si24r.o(.data)
    .data                                    0x2000004f   Section        1  exit.o(.data)
    .data                                    0x20000050   Section        4  systick.o(.data)
    fac_us                                   0x20000050   Data           1  systick.o(.data)
    fac_ms                                   0x20000052   Data           2  systick.o(.data)
    .data                                    0x20000054   Section        2  usart.o(.data)
    .data                                    0x20000058   Section       64  tasks.o(.data)
    pxDelayedTaskList                        0x2000005c   Data           4  tasks.o(.data)
    pxOverflowDelayedTaskList                0x20000060   Data           4  tasks.o(.data)
    uxDeletedTasksWaitingCleanUp             0x20000064   Data           4  tasks.o(.data)
    uxCurrentNumberOfTasks                   0x20000068   Data           4  tasks.o(.data)
    xTickCount                               0x2000006c   Data           4  tasks.o(.data)
    uxTopReadyPriority                       0x20000070   Data           4  tasks.o(.data)
    xSchedulerRunning                        0x20000074   Data           4  tasks.o(.data)
    xPendedTicks                             0x20000078   Data           4  tasks.o(.data)
    xYieldPending                            0x2000007c   Data           4  tasks.o(.data)
    xNumOfOverflows                          0x20000080   Data           4  tasks.o(.data)
    uxTaskNumber                             0x20000084   Data           4  tasks.o(.data)
    xNextTaskUnblockTime                     0x20000088   Data           4  tasks.o(.data)
    xIdleTaskHandle                          0x2000008c   Data           4  tasks.o(.data)
    uxSchedulerSuspended                     0x20000094   Data           4  tasks.o(.data)
    .data                                    0x20000098   Section       28  heap_4.o(.data)
    xStart                                   0x20000098   Data           8  heap_4.o(.data)
    pxEnd                                    0x200000a0   Data           4  heap_4.o(.data)
    xFreeBytesRemaining                      0x200000a4   Data           4  heap_4.o(.data)
    xMinimumEverFreeBytesRemaining           0x200000a8   Data           4  heap_4.o(.data)
    xNumberOfSuccessfulAllocations           0x200000ac   Data           4  heap_4.o(.data)
    xNumberOfSuccessfulFrees                 0x200000b0   Data           4  heap_4.o(.data)
    .data                                    0x200000b4   Section        4  port.o(.data)
    uxCriticalNesting                        0x200000b4   Data           4  port.o(.data)
    .data                                    0x200000b8   Section      109  filtering.o(.data)
    t                                        0x20000124   Data           1  filtering.o(.data)
    .data                                    0x20000128   Section       28  imu.o(.data)
    q0                                       0x20000134   Data           4  imu.o(.data)
    q1                                       0x20000138   Data           4  imu.o(.data)
    q2                                       0x2000013c   Data           4  imu.o(.data)
    q3                                       0x20000140   Data           4  imu.o(.data)
    .data                                    0x20000144   Section        8  remotedata.o(.data)
    lock_state                               0x20000144   Data           1  remotedata.o(.data)
    statecount                               0x2000014a   Data           2  remotedata.o(.data)
    .data                                    0x2000014c   Section       32  ctrl.o(.data)
    .data                                    0x2000016c   Section        4  stdout.o(.data)
    .data                                    0x20000170   Section        4  errno.o(.data)
    _errno                                   0x20000170   Data           4  errno.o(.data)
    .bss                                     0x20000174   Section       68  mpu6050.o(.bss)
    .bss                                     0x200001b8   Section       32  exit.o(.bss)
    .bss                                     0x200001d8   Section      200  usart.o(.bss)
    .bss                                     0x200002a0   Section      740  tasks.o(.bss)
    pxReadyTasksLists                        0x200002a0   Data         640  tasks.o(.bss)
    xDelayedTaskList1                        0x20000520   Data          20  tasks.o(.bss)
    xDelayedTaskList2                        0x20000534   Data          20  tasks.o(.bss)
    xPendingReadyList                        0x20000548   Data          20  tasks.o(.bss)
    xTasksWaitingTermination                 0x2000055c   Data          20  tasks.o(.bss)
    xSuspendedTaskList                       0x20000570   Data          20  tasks.o(.bss)
    .bss                                     0x20000584   Section    32768  heap_4.o(.bss)
    ucHeap                                   0x20000584   Data       32768  heap_4.o(.bss)
    .bss                                     0x20008584   Section       24  filtering.o(.bss)
    .bss                                     0x2000859c   Section       48  imu.o(.bss)
    .bss                                     0x200085cc   Section       20  remotedata.o(.bss)
    .bss                                     0x200085e0   Section      336  ctrl.o(.bss)
    STACK                                    0x20008730   Section     1024  startup_stm32f10x_hd.o(STACK)

    Global Symbols

    Symbol Name                              Value     Ov Type        Size  Object(Section)

    BuildAttributes$$THM_ISAv4$P$D$K$B$S$PE$A:L22UL41UL21$X:L11$S22US41US21$IEEE1$IW$USESV6$~STKCKD$USESV7$~SHL$OTIME$ROPI$IEEEX$EBA8$MICROLIB$REQ8$PRES8$EABIv2 0x00000000   Number         0  anon$$obj.o ABSOLUTE
    __ARM_use_no_argv                        0x00000000   Number         0  main.o ABSOLUTE
    _printf_a                                0x00000000   Number         0  stubs.o ABSOLUTE
    _printf_c                                0x00000000   Number         0  stubs.o ABSOLUTE
    _printf_charcount                        0x00000000   Number         0  stubs.o ABSOLUTE
    _printf_d                                0x00000000   Number         0  stubs.o ABSOLUTE
    _printf_e                                0x00000000   Number         0  stubs.o ABSOLUTE
    _printf_f                                0x00000000   Number         0  stubs.o ABSOLUTE
    _printf_flags                            0x00000000   Number         0  stubs.o ABSOLUTE
    _printf_fp_dec                           0x00000000   Number         0  stubs.o ABSOLUTE
    _printf_fp_hex                           0x00000000   Number         0  stubs.o ABSOLUTE
    _printf_g                                0x00000000   Number         0  stubs.o ABSOLUTE
    _printf_i                                0x00000000   Number         0  stubs.o ABSOLUTE
    _printf_int_dec                          0x00000000   Number         0  stubs.o ABSOLUTE
    _printf_l                                0x00000000   Number         0  stubs.o ABSOLUTE
    _printf_lc                               0x00000000   Number         0  stubs.o ABSOLUTE
    _printf_ll                               0x00000000   Number         0  stubs.o ABSOLUTE
    _printf_lld                              0x00000000   Number         0  stubs.o ABSOLUTE
    _printf_lli                              0x00000000   Number         0  stubs.o ABSOLUTE
    _printf_llo                              0x00000000   Number         0  stubs.o ABSOLUTE
    _printf_llu                              0x00000000   Number         0  stubs.o ABSOLUTE
    _printf_llx                              0x00000000   Number         0  stubs.o ABSOLUTE
    _printf_longlong_dec                     0x00000000   Number         0  stubs.o ABSOLUTE
    _printf_longlong_hex                     0x00000000   Number         0  stubs.o ABSOLUTE
    _printf_longlong_oct                     0x00000000   Number         0  stubs.o ABSOLUTE
    _printf_ls                               0x00000000   Number         0  stubs.o ABSOLUTE
    _printf_mbtowc                           0x00000000   Number         0  stubs.o ABSOLUTE
    _printf_n                                0x00000000   Number         0  stubs.o ABSOLUTE
    _printf_o                                0x00000000   Number         0  stubs.o ABSOLUTE
    _printf_p                                0x00000000   Number         0  stubs.o ABSOLUTE
    _printf_percent                          0x00000000   Number         0  stubs.o ABSOLUTE
    _printf_pre_padding                      0x00000000   Number         0  stubs.o ABSOLUTE
    _printf_return_value                     0x00000000   Number         0  stubs.o ABSOLUTE
    _printf_s                                0x00000000   Number         0  stubs.o ABSOLUTE
    _printf_sizespec                         0x00000000   Number         0  stubs.o ABSOLUTE
    _printf_str                              0x00000000   Number         0  stubs.o ABSOLUTE
    _printf_truncate_signed                  0x00000000   Number         0  stubs.o ABSOLUTE
    _printf_truncate_unsigned                0x00000000   Number         0  stubs.o ABSOLUTE
    _printf_u                                0x00000000   Number         0  stubs.o ABSOLUTE
    _printf_wc                               0x00000000   Number         0  stubs.o ABSOLUTE
    _printf_wctomb                           0x00000000   Number         0  stubs.o ABSOLUTE
    _printf_widthprec                        0x00000000   Number         0  stubs.o ABSOLUTE
    _printf_x                                0x00000000   Number         0  stubs.o ABSOLUTE
    __arm_fini_                               - Undefined Weak Reference
    __cpp_initialize__aeabi_                  - Undefined Weak Reference
    __cxa_finalize                            - Undefined Weak Reference
    _clock_init                               - Undefined Weak Reference
    _microlib_exit                            - Undefined Weak Reference
    __Vectors_Size                           0x00000130   Number         0  startup_stm32f10x_hd.o ABSOLUTE
    __Vectors                                0x08000000   Data           4  startup_stm32f10x_hd.o(RESET)
    __Vectors_End                            0x08000130   Data           0  startup_stm32f10x_hd.o(RESET)
    __main                                   0x08000131   Thumb Code     0  entry.o(.ARM.Collect$$$$00000000)
    _main_stk                                0x08000131   Thumb Code     0  entry2.o(.ARM.Collect$$$$00000001)
    _main_scatterload                        0x08000135   Thumb Code     0  entry5.o(.ARM.Collect$$$$00000004)
    __main_after_scatterload                 0x08000139   Thumb Code     0  entry5.o(.ARM.Collect$$$$00000004)
    _main_clock                              0x08000139   Thumb Code     0  entry7b.o(.ARM.Collect$$$$00000008)
    _main_cpp_init                           0x08000139   Thumb Code     0  entry8b.o(.ARM.Collect$$$$0000000A)
    _main_init                               0x08000139   Thumb Code     0  entry9a.o(.ARM.Collect$$$$0000000B)
    __rt_lib_shutdown_fini                   0x08000141   Thumb Code     0  entry12b.o(.ARM.Collect$$$$0000000E)
    __rt_final_cpp                           0x08000145   Thumb Code     0  entry10a.o(.ARM.Collect$$$$0000000F)
    __rt_final_exit                          0x08000145   Thumb Code     0  entry11a.o(.ARM.Collect$$$$00000011)
    SVC_Handler                              0x08000149   Thumb Code    32  port.o(.emb_text)
    __asm___6_port_c_39a90d8d__prvStartFirstTask 0x0800016d   Thumb Code    28  port.o(.emb_text)
    PendSV_Handler                           0x0800018d   Thumb Code    72  port.o(.emb_text)
    vPortGetIPSR                             0x080001d9   Thumb Code     6  port.o(.emb_text)
    Reset_Handler                            0x080001e1   Thumb Code     8  startup_stm32f10x_hd.o(.text)
    ADC1_2_IRQHandler                        0x080001fb   Thumb Code     0  startup_stm32f10x_hd.o(.text)
    ADC3_IRQHandler                          0x080001fb   Thumb Code     0  startup_stm32f10x_hd.o(.text)
    CAN1_RX1_IRQHandler                      0x080001fb   Thumb Code     0  startup_stm32f10x_hd.o(.text)
    CAN1_SCE_IRQHandler                      0x080001fb   Thumb Code     0  startup_stm32f10x_hd.o(.text)
    DMA1_Channel1_IRQHandler                 0x080001fb   Thumb Code     0  startup_stm32f10x_hd.o(.text)
    DMA1_Channel2_IRQHandler                 0x080001fb   Thumb Code     0  startup_stm32f10x_hd.o(.text)
    DMA1_Channel3_IRQHandler                 0x080001fb   Thumb Code     0  startup_stm32f10x_hd.o(.text)
    DMA1_Channel4_IRQHandler                 0x080001fb   Thumb Code     0  startup_stm32f10x_hd.o(.text)
    DMA1_Channel5_IRQHandler                 0x080001fb   Thumb Code     0  startup_stm32f10x_hd.o(.text)
    DMA1_Channel6_IRQHandler                 0x080001fb   Thumb Code     0  startup_stm32f10x_hd.o(.text)
    DMA1_Channel7_IRQHandler                 0x080001fb   Thumb Code     0  startup_stm32f10x_hd.o(.text)
    DMA2_Channel1_IRQHandler                 0x080001fb   Thumb Code     0  startup_stm32f10x_hd.o(.text)
    DMA2_Channel2_IRQHandler                 0x080001fb   Thumb Code     0  startup_stm32f10x_hd.o(.text)
    DMA2_Channel3_IRQHandler                 0x080001fb   Thumb Code     0  startup_stm32f10x_hd.o(.text)
    DMA2_Channel4_5_IRQHandler               0x080001fb   Thumb Code     0  startup_stm32f10x_hd.o(.text)
    EXTI0_IRQHandler                         0x080001fb   Thumb Code     0  startup_stm32f10x_hd.o(.text)
    EXTI15_10_IRQHandler                     0x080001fb   Thumb Code     0  startup_stm32f10x_hd.o(.text)
    EXTI1_IRQHandler                         0x080001fb   Thumb Code     0  startup_stm32f10x_hd.o(.text)
    EXTI2_IRQHandler                         0x080001fb   Thumb Code     0  startup_stm32f10x_hd.o(.text)
    EXTI3_IRQHandler                         0x080001fb   Thumb Code     0  startup_stm32f10x_hd.o(.text)
    EXTI4_IRQHandler                         0x080001fb   Thumb Code     0  startup_stm32f10x_hd.o(.text)
    FLASH_IRQHandler                         0x080001fb   Thumb Code     0  startup_stm32f10x_hd.o(.text)
    FSMC_IRQHandler                          0x080001fb   Thumb Code     0  startup_stm32f10x_hd.o(.text)
    I2C1_ER_IRQHandler                       0x080001fb   Thumb Code     0  startup_stm32f10x_hd.o(.text)
    I2C1_EV_IRQHandler                       0x080001fb   Thumb Code     0  startup_stm32f10x_hd.o(.text)
    I2C2_ER_IRQHandler                       0x080001fb   Thumb Code     0  startup_stm32f10x_hd.o(.text)
    I2C2_EV_IRQHandler                       0x080001fb   Thumb Code     0  startup_stm32f10x_hd.o(.text)
    PVD_IRQHandler                           0x080001fb   Thumb Code     0  startup_stm32f10x_hd.o(.text)
    RCC_IRQHandler                           0x080001fb   Thumb Code     0  startup_stm32f10x_hd.o(.text)
    RTCAlarm_IRQHandler                      0x080001fb   Thumb Code     0  startup_stm32f10x_hd.o(.text)
    RTC_IRQHandler                           0x080001fb   Thumb Code     0  startup_stm32f10x_hd.o(.text)
    SDIO_IRQHandler                          0x080001fb   Thumb Code     0  startup_stm32f10x_hd.o(.text)
    SPI1_IRQHandler                          0x080001fb   Thumb Code     0  startup_stm32f10x_hd.o(.text)
    SPI2_IRQHandler                          0x080001fb   Thumb Code     0  startup_stm32f10x_hd.o(.text)
    SPI3_IRQHandler                          0x080001fb   Thumb Code     0  startup_stm32f10x_hd.o(.text)
    TIM1_BRK_IRQHandler                      0x080001fb   Thumb Code     0  startup_stm32f10x_hd.o(.text)
    TIM1_CC_IRQHandler                       0x080001fb   Thumb Code     0  startup_stm32f10x_hd.o(.text)
    TIM1_TRG_COM_IRQHandler                  0x080001fb   Thumb Code     0  startup_stm32f10x_hd.o(.text)
    TIM1_UP_IRQHandler                       0x080001fb   Thumb Code     0  startup_stm32f10x_hd.o(.text)
    TIM2_IRQHandler                          0x080001fb   Thumb Code     0  startup_stm32f10x_hd.o(.text)
    TIM3_IRQHandler                          0x080001fb   Thumb Code     0  startup_stm32f10x_hd.o(.text)
    TIM5_IRQHandler                          0x080001fb   Thumb Code     0  startup_stm32f10x_hd.o(.text)
    TIM6_IRQHandler                          0x080001fb   Thumb Code     0  startup_stm32f10x_hd.o(.text)
    TIM7_IRQHandler                          0x080001fb   Thumb Code     0  startup_stm32f10x_hd.o(.text)
    TIM8_BRK_IRQHandler                      0x080001fb   Thumb Code     0  startup_stm32f10x_hd.o(.text)
    TIM8_CC_IRQHandler                       0x080001fb   Thumb Code     0  startup_stm32f10x_hd.o(.text)
    TIM8_TRG_COM_IRQHandler                  0x080001fb   Thumb Code     0  startup_stm32f10x_hd.o(.text)
    TIM8_UP_IRQHandler                       0x080001fb   Thumb Code     0  startup_stm32f10x_hd.o(.text)
    UART4_IRQHandler                         0x080001fb   Thumb Code     0  startup_stm32f10x_hd.o(.text)
    UART5_IRQHandler                         0x080001fb   Thumb Code     0  startup_stm32f10x_hd.o(.text)
    USART2_IRQHandler                        0x080001fb   Thumb Code     0  startup_stm32f10x_hd.o(.text)
    USART3_IRQHandler                        0x080001fb   Thumb Code     0  startup_stm32f10x_hd.o(.text)
    USBWakeUp_IRQHandler                     0x080001fb   Thumb Code     0  startup_stm32f10x_hd.o(.text)
    USB_HP_CAN1_TX_IRQHandler                0x080001fb   Thumb Code     0  startup_stm32f10x_hd.o(.text)
    USB_LP_CAN1_RX0_IRQHandler               0x080001fb   Thumb Code     0  startup_stm32f10x_hd.o(.text)
    WWDG_IRQHandler                          0x080001fb   Thumb Code     0  startup_stm32f10x_hd.o(.text)
    __aeabi_memset                           0x08000205   Thumb Code    14  memseta.o(.text)
    __aeabi_memset4                          0x08000205   Thumb Code     0  memseta.o(.text)
    __aeabi_memset8                          0x08000205   Thumb Code     0  memseta.o(.text)
    __aeabi_memclr                           0x08000213   Thumb Code     4  memseta.o(.text)
    __aeabi_memclr4                          0x08000213   Thumb Code     0  memseta.o(.text)
    __aeabi_memclr8                          0x08000213   Thumb Code     0  memseta.o(.text)
    _memset$wrapper                          0x08000217   Thumb Code    18  memseta.o(.text)
    __aeabi_fadd                             0x08000229   Thumb Code   164  fadd.o(.text)
    __aeabi_fsub                             0x080002cd   Thumb Code     6  fadd.o(.text)
    __aeabi_frsub                            0x080002d3   Thumb Code     6  fadd.o(.text)
    __aeabi_fmul                             0x080002d9   Thumb Code   100  fmul.o(.text)
    __aeabi_fdiv                             0x0800033d   Thumb Code   124  fdiv.o(.text)
    __aeabi_dmul                             0x080003b9   Thumb Code   228  dmul.o(.text)
    __aeabi_ddiv                             0x0800049d   Thumb Code   222  ddiv.o(.text)
    __aeabi_i2f                              0x0800057b   Thumb Code    18  fflti.o(.text)
    __aeabi_ui2f                             0x0800058d   Thumb Code    10  ffltui.o(.text)
    __aeabi_i2d                              0x08000597   Thumb Code    34  dflti.o(.text)
    __aeabi_f2iz                             0x080005b9   Thumb Code    50  ffixi.o(.text)
    __aeabi_f2uiz                            0x080005eb   Thumb Code    40  ffixui.o(.text)
    __aeabi_d2iz                             0x08000613   Thumb Code    62  dfixi.o(.text)
    __aeabi_f2d                              0x08000651   Thumb Code    38  f2d.o(.text)
    __aeabi_d2f                              0x08000677   Thumb Code    56  d2f.o(.text)
    __aeabi_cfcmpeq                          0x080006b1   Thumb Code     0  cfcmple.o(.text)
    __aeabi_cfcmple                          0x080006b1   Thumb Code    20  cfcmple.o(.text)
    __aeabi_cfrcmple                         0x080006c5   Thumb Code    20  cfrcmple.o(.text)
    __aeabi_uidiv                            0x080006d9   Thumb Code     0  uidiv.o(.text)
    __aeabi_uidivmod                         0x080006d9   Thumb Code    44  uidiv.o(.text)
    __aeabi_llsr                             0x08000705   Thumb Code    32  llushr.o(.text)
    _ll_ushift_r                             0x08000705   Thumb Code     0  llushr.o(.text)
    __I$use$fp                               0x08000725   Thumb Code     0  iusefp.o(.text)
    _float_round                             0x08000725   Thumb Code    18  fepilogue.o(.text)
    _float_epilogue                          0x08000737   Thumb Code    92  fepilogue.o(.text)
    _double_round                            0x08000793   Thumb Code    30  depilogue.o(.text)
    _double_epilogue                         0x080007b1   Thumb Code   156  depilogue.o(.text)
    __aeabi_dadd                             0x0800084d   Thumb Code   322  dadd.o(.text)
    __aeabi_dsub                             0x0800098f   Thumb Code     6  dadd.o(.text)
    __aeabi_drsub                            0x08000995   Thumb Code     6  dadd.o(.text)
    __ARM_scalbn                             0x0800099b   Thumb Code    46  dscalb.o(.text)
    scalbn                                   0x0800099b   Thumb Code     0  dscalb.o(.text)
    __aeabi_cdcmpeq                          0x080009c9   Thumb Code     0  cdcmple.o(.text)
    __aeabi_cdcmple                          0x080009c9   Thumb Code    48  cdcmple.o(.text)
    __scatterload                            0x080009f9   Thumb Code    28  init.o(.text)
    __scatterload_rt2                        0x080009f9   Thumb Code     0  init.o(.text)
    __aeabi_llsl                             0x08000a1d   Thumb Code    30  llshl.o(.text)
    _ll_shift_l                              0x08000a1d   Thumb Code     0  llshl.o(.text)
    __aeabi_lasr                             0x08000a3b   Thumb Code    36  llsshr.o(.text)
    _ll_sshift_r                             0x08000a3b   Thumb Code     0  llsshr.o(.text)
    _dsqrt                                   0x08000a5f   Thumb Code   162  dsqrt.o(.text)
    __decompress                             0x08000b01   Thumb Code     0  __dczerorl2.o(.text)
    __decompress1                            0x08000b01   Thumb Code    86  __dczerorl2.o(.text)
    BusFault_Handler                         0x08000b57   Thumb Code     4  stm32f10x_it.o(i.BusFault_Handler)
    Connect_Communication                    0x08000b5d   Thumb Code    72  remotedata.o(i.Connect_Communication)
    DebugMon_Handler                         0x08000bbd   Thumb Code     2  stm32f10x_it.o(i.DebugMon_Handler)
    EXIT_GPIOC8_Init                         0x08000bc1   Thumb Code   102  exit.o(i.EXIT_GPIOC8_Init)
    EXTI9_5_IRQHandler                       0x08000c2d   Thumb Code   140  exit.o(i.EXTI9_5_IRQHandler)
    EXTI_ClearITPendingBit                   0x08000cc9   Thumb Code     6  stm32f10x_exti.o(i.EXTI_ClearITPendingBit)
    EXTI_GetITStatus                         0x08000cd5   Thumb Code    34  stm32f10x_exti.o(i.EXTI_GetITStatus)
    EXTI_Init                                0x08000cfd   Thumb Code   142  stm32f10x_exti.o(i.EXTI_Init)
    Fly_Control                              0x08000d91   Thumb Code   612  ctrl.o(i.Fly_Control)
    Fly_Unlock                               0x08001065   Thumb Code   152  remotedata.o(i.Fly_Unlock)
    GPIO_EXTILineConfig                      0x08001119   Thumb Code    60  stm32f10x_gpio.o(i.GPIO_EXTILineConfig)
    GPIO_Init                                0x08001159   Thumb Code   278  stm32f10x_gpio.o(i.GPIO_Init)
    GPIO_SetBits                             0x0800126f   Thumb Code     4  stm32f10x_gpio.o(i.GPIO_SetBits)
    Get_Attitude_Angle                       0x08001275   Thumb Code  1630  imu.o(i.Get_Attitude_Angle)
    Get_MPU6050_ID                           0x080018f9   Thumb Code    14  mpu6050.o(i.Get_MPU6050_ID)
    HardFault_Handler                        0x08001907   Thumb Code     4  stm32f10x_it.o(i.HardFault_Handler)
    HardWare_Init                            0x0800190d   Thumb Code    70  freertos_demo.o(i.HardWare_Init)
    IIC_MPU_Init                             0x08001975   Thumb Code    50  iic.o(i.IIC_MPU_Init)
    KaermanFilter                            0x080019b5   Thumb Code   106  filtering.o(i.KaermanFilter)
    LED_Init                                 0x08001a21   Thumb Code    44  led.o(i.LED_Init)
    LowPassFilter                            0x08001a51   Thumb Code    66  filtering.o(i.LowPassFilter)
    MPU6050_Check_MPU6050_ID                 0x08001aa1   Thumb Code    24  mpu6050.o(i.MPU6050_Check_MPU6050_ID)
    MPU6050_Filetering_Data                  0x08001ab9   Thumb Code   148  mpu6050.o(i.MPU6050_Filetering_Data)
    MPU6050_Init                             0x08001b59   Thumb Code   128  mpu6050.o(i.MPU6050_Init)
    MPU6050_Offset                           0x08001c15   Thumb Code   280  mpu6050.o(i.MPU6050_Offset)
    MPU6050_Original_Offset_Data             0x08001d39   Thumb Code   104  mpu6050.o(i.MPU6050_Original_Offset_Data)
    MPU6050_ReadData                         0x08001da9   Thumb Code    22  mpu6050.o(i.MPU6050_ReadData)
    MPU6050_Task                             0x08001dc1   Thumb Code    30  freertos_demo.o(i.MPU6050_Task)
    MPU6050_WriteData                        0x08001df1   Thumb Code    22  mpu6050.o(i.MPU6050_WriteData)
    MPU_IIC_ACK                              0x08001e09   Thumb Code    42  iic.o(i.MPU_IIC_ACK)
    MPU_IIC_NACK                             0x08001e3d   Thumb Code    46  iic.o(i.MPU_IIC_NACK)
    MPU_IIC_ReadByte                         0x08001e75   Thumb Code    78  iic.o(i.MPU_IIC_ReadByte)
    MPU_IIC_ReadByteFrommSlave               0x08001ecd   Thumb Code    84  iic.o(i.MPU_IIC_ReadByteFrommSlave)
    MPU_IIC_STOP                             0x08001f21   Thumb Code    40  iic.o(i.MPU_IIC_STOP)
    MPU_IIC_SendByte                         0x08001f51   Thumb Code    84  iic.o(i.MPU_IIC_SendByte)
    MPU_IIC_Start                            0x08001fad   Thumb Code    44  iic.o(i.MPU_IIC_Start)
    MPU_IIC_Wait_ACK                         0x08001fe1   Thumb Code    64  iic.o(i.MPU_IIC_Wait_ACK)
    MPU_IIC_WriteByteToSlave                 0x08002029   Thumb Code    80  iic.o(i.MPU_IIC_WriteByteToSlave)
    MemManage_Handler                        0x08002079   Thumb Code     4  stm32f10x_it.o(i.MemManage_Handler)
    Motor_Pwm                                0x0800207d   Thumb Code    84  motor.o(i.Motor_Pwm)
    NMI_Handler                              0x080020d5   Thumb Code     2  stm32f10x_it.o(i.NMI_Handler)
    NVIC_Init                                0x080020d9   Thumb Code   100  misc.o(i.NVIC_Init)
    NVIC_PriorityGroupConfig                 0x08002149   Thumb Code    10  misc.o(i.NVIC_PriorityGroupConfig)
    PID_Control                              0x0800215d   Thumb Code   226  pid.o(i.PID_Control)
    PID_Data_Init                            0x08002245   Thumb Code   164  ctrl.o(i.PID_Data_Init)
    Prepare_Data                             0x08002319   Thumb Code   142  imu.o(i.Prepare_Data)
    RCC_APB1PeriphClockCmd                   0x080023b9   Thumb Code    26  stm32f10x_rcc.o(i.RCC_APB1PeriphClockCmd)
    RCC_APB2PeriphClockCmd                   0x080023d9   Thumb Code    26  stm32f10x_rcc.o(i.RCC_APB2PeriphClockCmd)
    RCC_GetClocksFreq                        0x080023f9   Thumb Code   192  stm32f10x_rcc.o(i.RCC_GetClocksFreq)
    REMOTE_Task                              0x080024cd   Thumb Code    36  freertos_demo.o(i.REMOTE_Task)
    Read_MPU6050_Original_Data               0x080024f5   Thumb Code   288  mpu6050.o(i.Read_MPU6050_Original_Data)
    Remote_Data_Decode                       0x08002621   Thumb Code   164  remotedata.o(i.Remote_Data_Decode)
    Reset_PID                                0x080026cd   Thumb Code    52  pid.o(i.Reset_PID)
    SI24R1_RxPacket                          0x08002701   Thumb Code    38  si24r.o(i.SI24R1_RxPacket)
    SI24R1_TxPacket                          0x08002731   Thumb Code    72  si24r.o(i.SI24R1_TxPacket)
    SPI2_Init                                0x08002789   Thumb Code   120  spi.o(i.SPI2_Init)
    SPI2_ReadWrite                           0x08002809   Thumb Code    50  spi.o(i.SPI2_ReadWrite)
    SPI_Cmd                                  0x08002841   Thumb Code    24  stm32f10x_spi.o(i.SPI_Cmd)
    SPI_I2S_GetFlagStatus                    0x08002859   Thumb Code    18  stm32f10x_spi.o(i.SPI_I2S_GetFlagStatus)
    SPI_I2S_ReceiveData                      0x0800286b   Thumb Code     6  stm32f10x_spi.o(i.SPI_I2S_ReceiveData)
    SPI_I2S_SendData                         0x08002871   Thumb Code     4  stm32f10x_spi.o(i.SPI_I2S_SendData)
    SPI_Init                                 0x08002875   Thumb Code    60  stm32f10x_spi.o(i.SPI_Init)
    Send_Attitude                            0x080028b1   Thumb Code   164  com_ano.o(i.Send_Attitude)
    Si24r_Check                              0x08002a45   Thumb Code    26  si24r.o(i.Si24r_Check)
    Si24r_Init                               0x08002a8d   Thumb Code    86  si24r.o(i.Si24r_Init)
    Si24r_Read_Data                          0x08002af5   Thumb Code    58  si24r.o(i.Si24r_Read_Data)
    Si24r_Read_reg                           0x08002b35   Thumb Code    36  si24r.o(i.Si24r_Read_reg)
    Si24r_TX_Mode                            0x08002b61   Thumb Code   126  si24r.o(i.Si24r_TX_Mode)
    Si24r_TestConnection                     0x08002bf1   Thumb Code    66  si24r.o(i.Si24r_TestConnection)
    Si24r_Write_Data                         0x08002c3d   Thumb Code    58  si24r.o(i.Si24r_Write_Data)
    Si24r_Write_reg                          0x08002c7d   Thumb Code    34  si24r.o(i.Si24r_Write_reg)
    Si24rset_Mode                            0x08002ca9   Thumb Code    78  si24r.o(i.Si24rset_Mode)
    Start_Task                               0x08002d01   Thumb Code    88  freertos_demo.o(i.Start_Task)
    SysTick_CLKSourceConfig                  0x08002d95   Thumb Code    40  misc.o(i.SysTick_CLKSourceConfig)
    SysTick_Handler                          0x08002dbd   Thumb Code    16  systick.o(i.SysTick_Handler)
    SysTick_Init                             0x08002dcd   Thumb Code    76  systick.o(i.SysTick_Init)
    SystemInit                               0x08002e1d   Thumb Code    78  system_stm32f10x.o(i.SystemInit)
    System_Systick_Init                      0x08002e7d   Thumb Code    74  system.o(i.System_Systick_Init)
    TAMPER_IRQHandler                        0x08002ed1   Thumb Code     2  stm32f10x_it.o(i.TAMPER_IRQHandler)
    TIM3_PWM_Init                            0x08002ed5   Thumb Code   266  motor.o(i.TIM3_PWM_Init)
    TIM4_IRQHandler                          0x08002fed   Thumb Code    26  time4.o(i.TIM4_IRQHandler)
    TIM_ClearITPendingBit                    0x0800300d   Thumb Code     6  stm32f10x_tim.o(i.TIM_ClearITPendingBit)
    TIM_Cmd                                  0x08003013   Thumb Code    24  stm32f10x_tim.o(i.TIM_Cmd)
    TIM_GetITStatus                          0x0800302b   Thumb Code    34  stm32f10x_tim.o(i.TIM_GetITStatus)
    TIM_ITConfig                             0x0800304d   Thumb Code    18  stm32f10x_tim.o(i.TIM_ITConfig)
    TIM_OC1Init                              0x08003061   Thumb Code   132  stm32f10x_tim.o(i.TIM_OC1Init)
    TIM_OC1PreloadConfig                     0x080030f9   Thumb Code    18  stm32f10x_tim.o(i.TIM_OC1PreloadConfig)
    TIM_OC2Init                              0x0800310d   Thumb Code   154  stm32f10x_tim.o(i.TIM_OC2Init)
    TIM_OC2PreloadConfig                     0x080031b1   Thumb Code    26  stm32f10x_tim.o(i.TIM_OC2PreloadConfig)
    TIM_OC3Init                              0x080031cd   Thumb Code   150  stm32f10x_tim.o(i.TIM_OC3Init)
    TIM_OC3PreloadConfig                     0x0800326d   Thumb Code    18  stm32f10x_tim.o(i.TIM_OC3PreloadConfig)
    TIM_OC4Init                              0x08003281   Thumb Code   114  stm32f10x_tim.o(i.TIM_OC4Init)
    TIM_OC4PreloadConfig                     0x080032fd   Thumb Code    26  stm32f10x_tim.o(i.TIM_OC4PreloadConfig)
    TIM_TimeBaseInit                         0x08003319   Thumb Code   122  stm32f10x_tim.o(i.TIM_TimeBaseInit)
    Takeoff_Attitude_Check                   0x080033bd   Thumb Code   210  mpu6050.o(i.Takeoff_Attitude_Check)
    Task1                                    0x08003495   Thumb Code    22  freertos_demo.o(i.Task1)
    Time4_Init                               0x080034b5   Thumb Code    90  time4.o(i.Time4_Init)
    USART1_IRQHandler                        0x08003515   Thumb Code   122  usart.o(i.USART1_IRQHandler)
    USART_ClearFlag                          0x0800359d   Thumb Code    18  stm32f10x_usart.o(i.USART_ClearFlag)
    USART_Cmd                                0x080035af   Thumb Code    24  stm32f10x_usart.o(i.USART_Cmd)
    USART_GetFlagStatus                      0x080035c7   Thumb Code    26  stm32f10x_usart.o(i.USART_GetFlagStatus)
    USART_GetITStatus                        0x080035e1   Thumb Code    84  stm32f10x_usart.o(i.USART_GetITStatus)
    USART_ITConfig                           0x08003635   Thumb Code    74  stm32f10x_usart.o(i.USART_ITConfig)
    USART_Init                               0x08003681   Thumb Code   210  stm32f10x_usart.o(i.USART_Init)
    USART_ReceiveData                        0x08003759   Thumb Code    10  stm32f10x_usart.o(i.USART_ReceiveData)
    USART_SendData                           0x08003763   Thumb Code     8  stm32f10x_usart.o(i.USART_SendData)
    UsageFault_Handler                       0x0800376b   Thumb Code     4  stm32f10x_it.o(i.UsageFault_Handler)
    Usart_Init                               0x08003771   Thumb Code   166  usart.o(i.Usart_Init)
    __0printf$3                              0x08003821   Thumb Code    22  printf3.o(i.__0printf$3)
    __1printf$3                              0x08003821   Thumb Code     0  printf3.o(i.__0printf$3)
    __2printf                                0x08003821   Thumb Code     0  printf3.o(i.__0printf$3)
    __ARM_fpclassify                         0x08003841   Thumb Code    40  fpclassify.o(i.__ARM_fpclassify)
    __kernel_poly                            0x08003869   Thumb Code   170  poly.o(i.__kernel_poly)
    __mathlib_dbl_infnan                     0x08003913   Thumb Code     6  dunder.o(i.__mathlib_dbl_infnan)
    __mathlib_dbl_infnan2                    0x08003919   Thumb Code     4  dunder.o(i.__mathlib_dbl_infnan2)
    __mathlib_dbl_invalid                    0x0800391d   Thumb Code    12  dunder.o(i.__mathlib_dbl_invalid)
    __mathlib_dbl_underflow                  0x08003929   Thumb Code    10  dunder.o(i.__mathlib_dbl_underflow)
    __scatterload_copy                       0x08003939   Thumb Code    14  handlers.o(i.__scatterload_copy)
    __scatterload_null                       0x08003947   Thumb Code     2  handlers.o(i.__scatterload_null)
    __scatterload_zeroinit                   0x08003949   Thumb Code    14  handlers.o(i.__scatterload_zeroinit)
    __set_errno                              0x08003959   Thumb Code     6  errno.o(i.__set_errno)
    asin                                     0x08003b1d   Thumb Code   572  asin.o(i.asin)
    atan                                     0x08003d8d   Thumb Code   474  atan.o(i.atan)
    atan2                                    0x08003fad   Thumb Code   374  atan2.o(i.atan2)
    delay_ms                                 0x08004149   Thumb Code    26  systick.o(i.delay_ms)
    delay_us                                 0x08004165   Thumb Code    68  systick.o(i.delay_us)
    fputc                                    0x080041ad   Thumb Code    32  usart.o(i.fputc)
    freertos_demo                            0x080041d1   Thumb Code    30  freertos_demo.o(i.freertos_demo)
    main                                     0x08004251   Thumb Code    52  main.o(i.main)
    motor_range                              0x08004289   Thumb Code    18  ctrl.o(i.motor_range)
    pvPortMalloc                             0x080046c9   Thumb Code   208  heap_4.o(i.pvPortMalloc)
    pxPortInitialiseStack                    0x080047ad   Thumb Code    30  port.o(i.pxPortInitialiseStack)
    sqrt                                     0x080047d1   Thumb Code    76  sqrt.o(i.sqrt)
    uxListRemove                             0x0800481d   Thumb Code    40  list.o(i.uxListRemove)
    vListInitialise                          0x08004845   Thumb Code    26  list.o(i.vListInitialise)
    vListInitialiseItem                      0x0800485f   Thumb Code     6  list.o(i.vListInitialiseItem)
    vListInsert                              0x08004865   Thumb Code    52  list.o(i.vListInsert)
    vListInsertEnd                           0x08004899   Thumb Code    24  list.o(i.vListInsertEnd)
    vPortEnterCritical                       0x080048b1   Thumb Code    30  port.o(i.vPortEnterCritical)
    vPortExitCritical                        0x080048d5   Thumb Code    28  port.o(i.vPortExitCritical)
    vPortFree                                0x080048f5   Thumb Code    68  heap_4.o(i.vPortFree)
    vPortSetupTimerInterrupt                 0x08004941   Thumb Code    20  port.o(i.vPortSetupTimerInterrupt)
    vTaskDelay                               0x08004959   Thumb Code    46  tasks.o(i.vTaskDelay)
    vTaskDelete                              0x0800498d   Thumb Code   174  tasks.o(i.vTaskDelete)
    vTaskStartScheduler                      0x08004a61   Thumb Code    76  tasks.o(i.vTaskStartScheduler)
    vTaskSuspendAll                          0x08004acd   Thumb Code    12  tasks.o(i.vTaskSuspendAll)
    vTaskSwitchContext                       0x08004add   Thumb Code    76  tasks.o(i.vTaskSwitchContext)
    xPortStartScheduler                      0x08004b3d   Thumb Code    42  port.o(i.xPortStartScheduler)
    xPortSysTickHandler                      0x08004b71   Thumb Code    46  port.o(i.xPortSysTickHandler)
    xTaskCreate                              0x08004ba5   Thumb Code   104  tasks.o(i.xTaskCreate)
    xTaskGetSchedulerState                   0x08004c0d   Thumb Code    24  tasks.o(i.xTaskGetSchedulerState)
    xTaskIncrementTick                       0x08004c2d   Thumb Code   356  tasks.o(i.xTaskIncrementTick)
    xTaskResumeAll                           0x08004dbd   Thumb Code   310  tasks.o(i.xTaskResumeAll)
    __mathlib_zero                           0x08005010   Data           8  qnan.o(.constdata)
    Region$$Table$$Base                      0x08005018   Number         0  anon$$obj.o(Region$$Table)
    Region$$Table$$Limit                     0x08005038   Number         0  anon$$obj.o(Region$$Table)
    Start_Task_Handler                       0x20000000   Data           4  freertos_demo.o(.data)
    Task1_Handler                            0x20000004   Data           4  freertos_demo.o(.data)
    MPU6050_TASK_Handler                     0x20000008   Data           4  freertos_demo.o(.data)
    REMOTE_TASK_Handler                      0x2000000c   Data           4  freertos_demo.o(.data)
    txbuf                                    0x20000010   Data          32  freertos_demo.o(.data)
    TX_ADDR                                  0x20000044   Data           5  si24r.o(.data)
    RX_ADDR                                  0x20000049   Data           5  si24r.o(.data)
    state                                    0x2000004e   Data           1  si24r.o(.data)
    rx_flag                                  0x2000004f   Data           1  exit.o(.data)
    USART1_RX_STA                            0x20000054   Data           2  usart.o(.data)
    pxCurrentTCB                             0x20000058   Data           4  tasks.o(.data)
    uxTopUsedPriority                        0x20000090   Data           4  tasks.o(.data)
    Kaerman                                  0x200000b8   Data         108  filtering.o(.data)
    exInt                                    0x20000128   Data           4  imu.o(.data)
    eyInt                                    0x2000012c   Data           4  imu.o(.data)
    ezInt                                    0x20000130   Data           4  imu.o(.data)
    lock_flag                                0x20000145   Data           1  remotedata.o(.data)
    Connection_State                         0x20000146   Data           4  remotedata.o(.data)
    ReSet                                    0x2000014c   Data          24  ctrl.o(.data)
    motor1                                   0x20000164   Data           2  ctrl.o(.data)
    motor2                                   0x20000166   Data           2  ctrl.o(.data)
    motor3                                   0x20000168   Data           2  ctrl.o(.data)
    motor4                                   0x2000016a   Data           2  ctrl.o(.data)
    __stdout                                 0x2000016c   Data           4  stdout.o(.data)
    MPU6050_Original_Data                    0x20000174   Data          56  mpu6050.o(.bss)
    MPU6050_offset_struct                    0x200001ac   Data          12  mpu6050.o(.bss)
    rxbuf                                    0x200001b8   Data          32  exit.o(.bss)
    USART1_RX_BUF                            0x200001d8   Data         200  usart.o(.bss)
    Low_Pass                                 0x20008584   Data          24  filtering.o(.bss)
    MY_Attitude_Angle                        0x2000859c   Data          12  imu.o(.bss)
    DCMgb                                    0x200085a8   Data          36  imu.o(.bss)
    Remote_Data                              0x200085cc   Data          20  remotedata.o(.bss)
    PID_ROL_Angal                            0x200085e0   Data          56  ctrl.o(.bss)
    PID_PIT_Angal                            0x20008618   Data          56  ctrl.o(.bss)
    PID_YAW_Angal                            0x20008650   Data          56  ctrl.o(.bss)
    PID_ROL_Rate                             0x20008688   Data          56  ctrl.o(.bss)
    PID_PIT_Rate                             0x200086c0   Data          56  ctrl.o(.bss)
    PID_YAW_Rate                             0x200086f8   Data          56  ctrl.o(.bss)
    __initial_sp                             0x20008b30   Data           0  startup_stm32f10x_hd.o(STACK)



==============================================================================

Memory Map of the image

  Image Entry point : 0x08000131

  Load Region LR_IROM1 (Base: 0x08000000, Size: 0x000051ac, Max: 0x00080000, ABSOLUTE, COMPRESSED[0x00005098])

    Execution Region ER_IROM1 (Exec base: 0x08000000, Load base: 0x08000000, Size: 0x00005038, Max: 0x00080000, ABSOLUTE)

    Exec Addr    Load Addr    Size         Type   Attr      Idx    E Section Name        Object

    0x08000000   0x08000000   0x00000130   Data   RO          479    RESET               startup_stm32f10x_hd.o
    0x08000130   0x08000130   0x00000000   Code   RO         4991  * .ARM.Collect$$$$00000000  mc_w.l(entry.o)
    0x08000130   0x08000130   0x00000004   Code   RO         5328    .ARM.Collect$$$$00000001  mc_w.l(entry2.o)
    0x08000134   0x08000134   0x00000004   Code   RO         5331    .ARM.Collect$$$$00000004  mc_w.l(entry5.o)
    0x08000138   0x08000138   0x00000000   Code   RO         5333    .ARM.Collect$$$$00000008  mc_w.l(entry7b.o)
    0x08000138   0x08000138   0x00000000   Code   RO         5335    .ARM.Collect$$$$0000000A  mc_w.l(entry8b.o)
    0x08000138   0x08000138   0x00000008   Code   RO         5336    .ARM.Collect$$$$0000000B  mc_w.l(entry9a.o)
    0x08000140   0x08000140   0x00000004   Code   RO         5343    .ARM.Collect$$$$0000000E  mc_w.l(entry12b.o)
    0x08000144   0x08000144   0x00000000   Code   RO         5338    .ARM.Collect$$$$0000000F  mc_w.l(entry10a.o)
    0x08000144   0x08000144   0x00000000   Code   RO         5340    .ARM.Collect$$$$00000011  mc_w.l(entry11a.o)
    0x08000144   0x08000144   0x00000004   Code   RO         5329    .ARM.Collect$$$$00002712  mc_w.l(entry2.o)
    0x08000148   0x08000148   0x00000096   Code   RO         4732    .emb_text           port.o
    0x080001de   0x080001de   0x00000002   PAD
    0x080001e0   0x080001e0   0x00000024   Code   RO          480    .text               startup_stm32f10x_hd.o
    0x08000204   0x08000204   0x00000024   Code   RO         4996    .text               mc_w.l(memseta.o)
    0x08000228   0x08000228   0x000000b0   Code   RO         5261    .text               mf_w.l(fadd.o)
    0x080002d8   0x080002d8   0x00000064   Code   RO         5263    .text               mf_w.l(fmul.o)
    0x0800033c   0x0800033c   0x0000007c   Code   RO         5265    .text               mf_w.l(fdiv.o)
    0x080003b8   0x080003b8   0x000000e4   Code   RO         5267    .text               mf_w.l(dmul.o)
    0x0800049c   0x0800049c   0x000000de   Code   RO         5269    .text               mf_w.l(ddiv.o)
    0x0800057a   0x0800057a   0x00000012   Code   RO         5271    .text               mf_w.l(fflti.o)
    0x0800058c   0x0800058c   0x0000000a   Code   RO         5273    .text               mf_w.l(ffltui.o)
    0x08000596   0x08000596   0x00000022   Code   RO         5275    .text               mf_w.l(dflti.o)
    0x080005b8   0x080005b8   0x00000032   Code   RO         5277    .text               mf_w.l(ffixi.o)
    0x080005ea   0x080005ea   0x00000028   Code   RO         5279    .text               mf_w.l(ffixui.o)
    0x08000612   0x08000612   0x0000003e   Code   RO         5281    .text               mf_w.l(dfixi.o)
    0x08000650   0x08000650   0x00000026   Code   RO         5283    .text               mf_w.l(f2d.o)
    0x08000676   0x08000676   0x00000038   Code   RO         5285    .text               mf_w.l(d2f.o)
    0x080006ae   0x080006ae   0x00000002   PAD
    0x080006b0   0x080006b0   0x00000014   Code   RO         5287    .text               mf_w.l(cfcmple.o)
    0x080006c4   0x080006c4   0x00000014   Code   RO         5289    .text               mf_w.l(cfrcmple.o)
    0x080006d8   0x080006d8   0x0000002c   Code   RO         5345    .text               mc_w.l(uidiv.o)
    0x08000704   0x08000704   0x00000020   Code   RO         5349    .text               mc_w.l(llushr.o)
    0x08000724   0x08000724   0x00000000   Code   RO         5358    .text               mc_w.l(iusefp.o)
    0x08000724   0x08000724   0x0000006e   Code   RO         5359    .text               mf_w.l(fepilogue.o)
    0x08000792   0x08000792   0x000000ba   Code   RO         5361    .text               mf_w.l(depilogue.o)
    0x0800084c   0x0800084c   0x0000014e   Code   RO         5363    .text               mf_w.l(dadd.o)
    0x0800099a   0x0800099a   0x0000002e   Code   RO         5365    .text               mf_w.l(dscalb.o)
    0x080009c8   0x080009c8   0x00000030   Code   RO         5369    .text               mf_w.l(cdcmple.o)
    0x080009f8   0x080009f8   0x00000024   Code   RO         5373    .text               mc_w.l(init.o)
    0x08000a1c   0x08000a1c   0x0000001e   Code   RO         5375    .text               mc_w.l(llshl.o)
    0x08000a3a   0x08000a3a   0x00000024   Code   RO         5377    .text               mc_w.l(llsshr.o)
    0x08000a5e   0x08000a5e   0x000000a2   Code   RO         5379    .text               mf_w.l(dsqrt.o)
    0x08000b00   0x08000b00   0x00000056   Code   RO         5389    .text               mc_w.l(__dczerorl2.o)
    0x08000b56   0x08000b56   0x00000004   Code   RO          157    i.BusFault_Handler  stm32f10x_it.o
    0x08000b5a   0x08000b5a   0x00000002   PAD
    0x08000b5c   0x08000b5c   0x00000060   Code   RO         4884    i.Connect_Communication  remotedata.o
    0x08000bbc   0x08000bbc   0x00000002   Code   RO          158    i.DebugMon_Handler  stm32f10x_it.o
    0x08000bbe   0x08000bbe   0x00000002   PAD
    0x08000bc0   0x08000bc0   0x0000006c   Code   RO         3799    i.EXIT_GPIOC8_Init  exit.o
    0x08000c2c   0x08000c2c   0x0000009c   Code   RO         3800    i.EXTI9_5_IRQHandler  exit.o
    0x08000cc8   0x08000cc8   0x0000000c   Code   RO         1283    i.EXTI_ClearITPendingBit  stm32f10x_exti.o
    0x08000cd4   0x08000cd4   0x00000028   Code   RO         1287    i.EXTI_GetITStatus  stm32f10x_exti.o
    0x08000cfc   0x08000cfc   0x00000094   Code   RO         1288    i.EXTI_Init         stm32f10x_exti.o
    0x08000d90   0x08000d90   0x000002d4   Code   RO         4938    i.Fly_Control       ctrl.o
    0x08001064   0x08001064   0x000000b4   Code   RO         4885    i.Fly_Unlock        remotedata.o
    0x08001118   0x08001118   0x00000040   Code   RO         1633    i.GPIO_EXTILineConfig  stm32f10x_gpio.o
    0x08001158   0x08001158   0x00000116   Code   RO         1636    i.GPIO_Init         stm32f10x_gpio.o
    0x0800126e   0x0800126e   0x00000004   Code   RO         1644    i.GPIO_SetBits      stm32f10x_gpio.o
    0x08001272   0x08001272   0x00000002   PAD
    0x08001274   0x08001274   0x00000684   Code   RO         4828    i.Get_Attitude_Angle  imu.o
    0x080018f8   0x080018f8   0x0000000e   Code   RO         3583    i.Get_MPU6050_ID    mpu6050.o
    0x08001906   0x08001906   0x00000004   Code   RO          159    i.HardFault_Handler  stm32f10x_it.o
    0x0800190a   0x0800190a   0x00000002   PAD
    0x0800190c   0x0800190c   0x00000068   Code   RO          260    i.HardWare_Init     freertos_demo.o
    0x08001974   0x08001974   0x00000040   Code   RO         3508    i.IIC_MPU_Init      iic.o
    0x080019b4   0x080019b4   0x0000006a   Code   RO         4803    i.KaermanFilter     filtering.o
    0x08001a1e   0x08001a1e   0x00000002   PAD
    0x08001a20   0x08001a20   0x00000030   Code   RO         3496    i.LED_Init          led.o
    0x08001a50   0x08001a50   0x00000050   Code   RO         4804    i.LowPassFilter     filtering.o
    0x08001aa0   0x08001aa0   0x00000018   Code   RO         3584    i.MPU6050_Check_MPU6050_ID  mpu6050.o
    0x08001ab8   0x08001ab8   0x000000a0   Code   RO         3585    i.MPU6050_Filetering_Data  mpu6050.o
    0x08001b58   0x08001b58   0x000000bc   Code   RO         3586    i.MPU6050_Init      mpu6050.o
    0x08001c14   0x08001c14   0x00000124   Code   RO         3587    i.MPU6050_Offset    mpu6050.o
    0x08001d38   0x08001d38   0x00000070   Code   RO         3588    i.MPU6050_Original_Offset_Data  mpu6050.o
    0x08001da8   0x08001da8   0x00000016   Code   RO         3589    i.MPU6050_ReadData  mpu6050.o
    0x08001dbe   0x08001dbe   0x00000002   PAD
    0x08001dc0   0x08001dc0   0x00000030   Code   RO          261    i.MPU6050_Task      freertos_demo.o
    0x08001df0   0x08001df0   0x00000016   Code   RO         3591    i.MPU6050_WriteData  mpu6050.o
    0x08001e06   0x08001e06   0x00000002   PAD
    0x08001e08   0x08001e08   0x00000034   Code   RO         3509    i.MPU_IIC_ACK       iic.o
    0x08001e3c   0x08001e3c   0x00000038   Code   RO         3510    i.MPU_IIC_NACK      iic.o
    0x08001e74   0x08001e74   0x00000058   Code   RO         3511    i.MPU_IIC_ReadByte  iic.o
    0x08001ecc   0x08001ecc   0x00000054   Code   RO         3512    i.MPU_IIC_ReadByteFrommSlave  iic.o
    0x08001f20   0x08001f20   0x00000030   Code   RO         3514    i.MPU_IIC_STOP      iic.o
    0x08001f50   0x08001f50   0x0000005c   Code   RO         3515    i.MPU_IIC_SendByte  iic.o
    0x08001fac   0x08001fac   0x00000034   Code   RO         3516    i.MPU_IIC_Start     iic.o
    0x08001fe0   0x08001fe0   0x00000048   Code   RO         3517    i.MPU_IIC_Wait_ACK  iic.o
    0x08002028   0x08002028   0x00000050   Code   RO         3518    i.MPU_IIC_WriteByteToSlave  iic.o
    0x08002078   0x08002078   0x00000004   Code   RO          160    i.MemManage_Handler  stm32f10x_it.o
    0x0800207c   0x0800207c   0x00000058   Code   RO         3669    i.Motor_Pwm         motor.o
    0x080020d4   0x080020d4   0x00000002   Code   RO          161    i.NMI_Handler       stm32f10x_it.o
    0x080020d6   0x080020d6   0x00000002   PAD
    0x080020d8   0x080020d8   0x00000070   Code   RO          485    i.NVIC_Init         misc.o
    0x08002148   0x08002148   0x00000014   Code   RO          486    i.NVIC_PriorityGroupConfig  misc.o
    0x0800215c   0x0800215c   0x000000e8   Code   RO         4920    i.PID_Control       pid.o
    0x08002244   0x08002244   0x000000d4   Code   RO         4939    i.PID_Data_Init     ctrl.o
    0x08002318   0x08002318   0x000000a0   Code   RO         4829    i.Prepare_Data      imu.o
    0x080023b8   0x080023b8   0x00000020   Code   RO         2052    i.RCC_APB1PeriphClockCmd  stm32f10x_rcc.o
    0x080023d8   0x080023d8   0x00000020   Code   RO         2054    i.RCC_APB2PeriphClockCmd  stm32f10x_rcc.o
    0x080023f8   0x080023f8   0x000000d4   Code   RO         2062    i.RCC_GetClocksFreq  stm32f10x_rcc.o
    0x080024cc   0x080024cc   0x00000028   Code   RO          262    i.REMOTE_Task       freertos_demo.o
    0x080024f4   0x080024f4   0x0000012c   Code   RO         3592    i.Read_MPU6050_Original_Data  mpu6050.o
    0x08002620   0x08002620   0x000000ac   Code   RO         4886    i.Remote_Data_Decode  remotedata.o
    0x080026cc   0x080026cc   0x00000034   Code   RO         4921    i.Reset_PID         pid.o
    0x08002700   0x08002700   0x00000030   Code   RO         3711    i.SI24R1_RxPacket   si24r.o
    0x08002730   0x08002730   0x00000058   Code   RO         3712    i.SI24R1_TxPacket   si24r.o
    0x08002788   0x08002788   0x00000080   Code   RO         3690    i.SPI2_Init         spi.o
    0x08002808   0x08002808   0x00000038   Code   RO         3691    i.SPI2_ReadWrite    spi.o
    0x08002840   0x08002840   0x00000018   Code   RO         2531    i.SPI_Cmd           stm32f10x_spi.o
    0x08002858   0x08002858   0x00000012   Code   RO         2539    i.SPI_I2S_GetFlagStatus  stm32f10x_spi.o
    0x0800286a   0x0800286a   0x00000006   Code   RO         2542    i.SPI_I2S_ReceiveData  stm32f10x_spi.o
    0x08002870   0x08002870   0x00000004   Code   RO         2543    i.SPI_I2S_SendData  stm32f10x_spi.o
    0x08002874   0x08002874   0x0000003c   Code   RO         2544    i.SPI_Init          stm32f10x_spi.o
    0x080028b0   0x080028b0   0x000000ac   Code   RO         4863    i.Send_Attitude     com_ano.o
    0x0800295c   0x0800295c   0x00000008   Code   RO         3462    i.SetSysClock       system_stm32f10x.o
    0x08002964   0x08002964   0x000000e0   Code   RO         3463    i.SetSysClockTo72   system_stm32f10x.o
    0x08002a44   0x08002a44   0x00000048   Code   RO         3713    i.Si24r_Check       si24r.o
    0x08002a8c   0x08002a8c   0x00000068   Code   RO         3714    i.Si24r_Init        si24r.o
    0x08002af4   0x08002af4   0x00000040   Code   RO         3716    i.Si24r_Read_Data   si24r.o
    0x08002b34   0x08002b34   0x0000002c   Code   RO         3717    i.Si24r_Read_reg    si24r.o
    0x08002b60   0x08002b60   0x00000090   Code   RO         3718    i.Si24r_TX_Mode     si24r.o
    0x08002bf0   0x08002bf0   0x0000004c   Code   RO         3719    i.Si24r_TestConnection  si24r.o
    0x08002c3c   0x08002c3c   0x00000040   Code   RO         3720    i.Si24r_Write_Data  si24r.o
    0x08002c7c   0x08002c7c   0x0000002c   Code   RO         3721    i.Si24r_Write_reg   si24r.o
    0x08002ca8   0x08002ca8   0x00000058   Code   RO         3722    i.Si24rset_Mode     si24r.o
    0x08002d00   0x08002d00   0x00000094   Code   RO          263    i.Start_Task        freertos_demo.o
    0x08002d94   0x08002d94   0x00000028   Code   RO          489    i.SysTick_CLKSourceConfig  misc.o
    0x08002dbc   0x08002dbc   0x00000010   Code   RO         3872    i.SysTick_Handler   systick.o
    0x08002dcc   0x08002dcc   0x00000050   Code   RO         3873    i.SysTick_Init      systick.o
    0x08002e1c   0x08002e1c   0x00000060   Code   RO         3465    i.SystemInit        system_stm32f10x.o
    0x08002e7c   0x08002e7c   0x00000054   Code   RO         3860    i.System_Systick_Init  system.o
    0x08002ed0   0x08002ed0   0x00000002   Code   RO          162    i.TAMPER_IRQHandler  stm32f10x_it.o
    0x08002ed2   0x08002ed2   0x00000002   PAD
    0x08002ed4   0x08002ed4   0x00000118   Code   RO         3670    i.TIM3_PWM_Init     motor.o
    0x08002fec   0x08002fec   0x00000020   Code   RO         3832    i.TIM4_IRQHandler   time4.o
    0x0800300c   0x0800300c   0x00000006   Code   RO         2681    i.TIM_ClearITPendingBit  stm32f10x_tim.o
    0x08003012   0x08003012   0x00000018   Code   RO         2686    i.TIM_Cmd           stm32f10x_tim.o
    0x0800302a   0x0800302a   0x00000022   Code   RO         2707    i.TIM_GetITStatus   stm32f10x_tim.o
    0x0800304c   0x0800304c   0x00000012   Code   RO         2711    i.TIM_ITConfig      stm32f10x_tim.o
    0x0800305e   0x0800305e   0x00000002   PAD
    0x08003060   0x08003060   0x00000098   Code   RO         2715    i.TIM_OC1Init       stm32f10x_tim.o
    0x080030f8   0x080030f8   0x00000012   Code   RO         2718    i.TIM_OC1PreloadConfig  stm32f10x_tim.o
    0x0800310a   0x0800310a   0x00000002   PAD
    0x0800310c   0x0800310c   0x000000a4   Code   RO         2720    i.TIM_OC2Init       stm32f10x_tim.o
    0x080031b0   0x080031b0   0x0000001a   Code   RO         2723    i.TIM_OC2PreloadConfig  stm32f10x_tim.o
    0x080031ca   0x080031ca   0x00000002   PAD
    0x080031cc   0x080031cc   0x000000a0   Code   RO         2725    i.TIM_OC3Init       stm32f10x_tim.o
    0x0800326c   0x0800326c   0x00000012   Code   RO         2728    i.TIM_OC3PreloadConfig  stm32f10x_tim.o
    0x0800327e   0x0800327e   0x00000002   PAD
    0x08003280   0x08003280   0x0000007c   Code   RO         2730    i.TIM_OC4Init       stm32f10x_tim.o
    0x080032fc   0x080032fc   0x0000001a   Code   RO         2732    i.TIM_OC4PreloadConfig  stm32f10x_tim.o
    0x08003316   0x08003316   0x00000002   PAD
    0x08003318   0x08003318   0x000000a4   Code   RO         2757    i.TIM_TimeBaseInit  stm32f10x_tim.o
    0x080033bc   0x080033bc   0x000000d8   Code   RO         3593    i.Takeoff_Attitude_Check  mpu6050.o
    0x08003494   0x08003494   0x00000020   Code   RO          264    i.Task1             freertos_demo.o
    0x080034b4   0x080034b4   0x00000060   Code   RO         3833    i.Time4_Init        time4.o
    0x08003514   0x08003514   0x00000088   Code   RO         3904    i.USART1_IRQHandler  usart.o
    0x0800359c   0x0800359c   0x00000012   Code   RO         3218    i.USART_ClearFlag   stm32f10x_usart.o
    0x080035ae   0x080035ae   0x00000018   Code   RO         3222    i.USART_Cmd         stm32f10x_usart.o
    0x080035c6   0x080035c6   0x0000001a   Code   RO         3225    i.USART_GetFlagStatus  stm32f10x_usart.o
    0x080035e0   0x080035e0   0x00000054   Code   RO         3226    i.USART_GetITStatus  stm32f10x_usart.o
    0x08003634   0x08003634   0x0000004a   Code   RO         3228    i.USART_ITConfig    stm32f10x_usart.o
    0x0800367e   0x0800367e   0x00000002   PAD
    0x08003680   0x08003680   0x000000d8   Code   RO         3229    i.USART_Init        stm32f10x_usart.o
    0x08003758   0x08003758   0x0000000a   Code   RO         3236    i.USART_ReceiveData  stm32f10x_usart.o
    0x08003762   0x08003762   0x00000008   Code   RO         3239    i.USART_SendData    stm32f10x_usart.o
    0x0800376a   0x0800376a   0x00000004   Code   RO          163    i.UsageFault_Handler  stm32f10x_it.o
    0x0800376e   0x0800376e   0x00000002   PAD
    0x08003770   0x08003770   0x000000b0   Code   RO         3905    i.Usart_Init        usart.o
    0x08003820   0x08003820   0x00000020   Code   RO         5089    i.__0printf$3       mc_w.l(printf3.o)
    0x08003840   0x08003840   0x00000028   Code   RO         5315    i.__ARM_fpclassify  m_ws.l(fpclassify.o)
    0x08003868   0x08003868   0x000000aa   Code   RO         5317    i.__kernel_poly     m_ws.l(poly.o)
    0x08003912   0x08003912   0x00000006   Code   RO         5302    i.__mathlib_dbl_infnan  m_ws.l(dunder.o)
    0x08003918   0x08003918   0x00000004   Code   RO         5303    i.__mathlib_dbl_infnan2  m_ws.l(dunder.o)
    0x0800391c   0x0800391c   0x0000000c   Code   RO         5304    i.__mathlib_dbl_invalid  m_ws.l(dunder.o)
    0x08003928   0x08003928   0x00000010   Code   RO         5307    i.__mathlib_dbl_underflow  m_ws.l(dunder.o)
    0x08003938   0x08003938   0x0000000e   Code   RO         5383    i.__scatterload_copy  mc_w.l(handlers.o)
    0x08003946   0x08003946   0x00000002   Code   RO         5384    i.__scatterload_null  mc_w.l(handlers.o)
    0x08003948   0x08003948   0x0000000e   Code   RO         5385    i.__scatterload_zeroinit  mc_w.l(handlers.o)
    0x08003956   0x08003956   0x00000002   PAD
    0x08003958   0x08003958   0x0000000c   Code   RO         5353    i.__set_errno       mc_w.l(errno.o)
    0x08003964   0x08003964   0x000001b8   Code   RO         5096    i._printf_core      mc_w.l(printf3.o)
    0x08003b1c   0x08003b1c   0x00000270   Code   RO         4974    i.asin              m_ws.l(asin.o)
    0x08003d8c   0x08003d8c   0x00000220   Code   RO         5292    i.atan              m_ws.l(atan.o)
    0x08003fac   0x08003fac   0x0000019c   Code   RO         4984    i.atan2             m_ws.l(atan2.o)
    0x08004148   0x08004148   0x0000001a   Code   RO         3874    i.delay_ms          systick.o
    0x08004162   0x08004162   0x00000002   PAD
    0x08004164   0x08004164   0x00000048   Code   RO         3875    i.delay_us          systick.o
    0x080041ac   0x080041ac   0x00000024   Code   RO         3906    i.fputc             usart.o
    0x080041d0   0x080041d0   0x00000034   Code   RO          265    i.freertos_demo     freertos_demo.o
    0x08004204   0x08004204   0x0000004c   Code   RO         4830    i.invSqrt           imu.o
    0x08004250   0x08004250   0x00000038   Code   RO            1    i.main              main.o
    0x08004288   0x08004288   0x00000012   Code   RO         4940    i.motor_range       ctrl.o
    0x0800429a   0x0800429a   0x00000002   PAD
    0x0800429c   0x0800429c   0x000000c0   Code   RO         4359    i.prvAddCurrentTaskToDelayedList  tasks.o
    0x0800435c   0x0800435c   0x000000e4   Code   RO         4360    i.prvAddNewTaskToReadyList  tasks.o
    0x08004440   0x08004440   0x00000048   Code   RO         4361    i.prvCheckTasksWaitingTermination  tasks.o
    0x08004488   0x08004488   0x00000012   Code   RO         4362    i.prvDeleteTCB      tasks.o
    0x0800449a   0x0800449a   0x00000002   PAD
    0x0800449c   0x0800449c   0x00000070   Code   RO         4671    i.prvHeapInit       heap_4.o
    0x0800450c   0x0800450c   0x00000028   Code   RO         4363    i.prvIdleTask       tasks.o
    0x08004534   0x08004534   0x0000007a   Code   RO         4364    i.prvInitialiseNewTask  tasks.o
    0x080045ae   0x080045ae   0x00000002   PAD
    0x080045b0   0x080045b0   0x00000068   Code   RO         4365    i.prvInitialiseTaskLists  tasks.o
    0x08004618   0x08004618   0x00000068   Code   RO         4672    i.prvInsertBlockIntoFreeList  heap_4.o
    0x08004680   0x08004680   0x00000030   Code   RO         4366    i.prvResetNextTaskUnblockTime  tasks.o
    0x080046b0   0x080046b0   0x00000016   Code   RO         4733    i.prvTaskExitError  port.o
    0x080046c6   0x080046c6   0x00000002   PAD
    0x080046c8   0x080046c8   0x000000e4   Code   RO         4674    i.pvPortMalloc      heap_4.o
    0x080047ac   0x080047ac   0x00000024   Code   RO         4734    i.pxPortInitialiseStack  port.o
    0x080047d0   0x080047d0   0x0000004c   Code   RO         5321    i.sqrt              m_ws.l(sqrt.o)
    0x0800481c   0x0800481c   0x00000028   Code   RO         4040    i.uxListRemove      list.o
    0x08004844   0x08004844   0x0000001a   Code   RO         4041    i.vListInitialise   list.o
    0x0800485e   0x0800485e   0x00000006   Code   RO         4042    i.vListInitialiseItem  list.o
    0x08004864   0x08004864   0x00000034   Code   RO         4043    i.vListInsert       list.o
    0x08004898   0x08004898   0x00000018   Code   RO         4044    i.vListInsertEnd    list.o
    0x080048b0   0x080048b0   0x00000024   Code   RO         4736    i.vPortEnterCritical  port.o
    0x080048d4   0x080048d4   0x00000020   Code   RO         4737    i.vPortExitCritical  port.o
    0x080048f4   0x080048f4   0x0000004c   Code   RO         4675    i.vPortFree         heap_4.o
    0x08004940   0x08004940   0x00000018   Code   RO         4738    i.vPortSetupTimerInterrupt  port.o
    0x08004958   0x08004958   0x00000034   Code   RO         4374    i.vTaskDelay        tasks.o
    0x0800498c   0x0800498c   0x000000d4   Code   RO         4375    i.vTaskDelete       tasks.o
    0x08004a60   0x08004a60   0x0000006c   Code   RO         4386    i.vTaskStartScheduler  tasks.o
    0x08004acc   0x08004acc   0x00000010   Code   RO         4388    i.vTaskSuspendAll   tasks.o
    0x08004adc   0x08004adc   0x00000060   Code   RO         4389    i.vTaskSwitchContext  tasks.o
    0x08004b3c   0x08004b3c   0x00000034   Code   RO         4739    i.xPortStartScheduler  port.o
    0x08004b70   0x08004b70   0x00000034   Code   RO         4740    i.xPortSysTickHandler  port.o
    0x08004ba4   0x08004ba4   0x00000068   Code   RO         4392    i.xTaskCreate       tasks.o
    0x08004c0c   0x08004c0c   0x00000020   Code   RO         4399    i.xTaskGetSchedulerState  tasks.o
    0x08004c2c   0x08004c2c   0x00000190   Code   RO         4402    i.xTaskIncrementTick  tasks.o
    0x08004dbc   0x08004dbc   0x0000015c   Code   RO         4404    i.xTaskResumeAll    tasks.o
    0x08004f18   0x08004f18   0x0000000c   Data   RO            2    .constdata          main.o
    0x08004f24   0x08004f24   0x00000004   PAD
    0x08004f28   0x08004f28   0x00000050   Data   RO         4975    .constdata          m_ws.l(asin.o)
    0x08004f78   0x08004f78   0x00000098   Data   RO         5293    .constdata          m_ws.l(atan.o)
    0x08005010   0x08005010   0x00000008   Data   RO         5319    .constdata          m_ws.l(qnan.o)
    0x08005018   0x08005018   0x00000020   Data   RO         5381    Region$$Table       anon$$obj.o


    Execution Region RW_IRAM1 (Exec base: 0x20000000, Load base: 0x08005038, Size: 0x00008b30, Max: 0x00010000, ABSOLUTE, COMPRESSED[0x00000060])

    Exec Addr    Load Addr    Size         Type   Attr      Idx    E Section Name        Object

    0x20000000   COMPRESSED   0x00000030   Data   RW          266    .data               freertos_demo.o
    0x20000030   COMPRESSED   0x00000014   Data   RW         2082    .data               stm32f10x_rcc.o
    0x20000044   COMPRESSED   0x0000000b   Data   RW         3723    .data               si24r.o
    0x2000004f   COMPRESSED   0x00000001   Data   RW         3802    .data               exit.o
    0x20000050   COMPRESSED   0x00000004   Data   RW         3876    .data               systick.o
    0x20000054   COMPRESSED   0x00000002   Data   RW         3908    .data               usart.o
    0x20000056   COMPRESSED   0x00000002   PAD
    0x20000058   COMPRESSED   0x00000040   Data   RW         4407    .data               tasks.o
    0x20000098   COMPRESSED   0x0000001c   Data   RW         4681    .data               heap_4.o
    0x200000b4   COMPRESSED   0x00000004   Data   RW         4741    .data               port.o
    0x200000b8   COMPRESSED   0x0000006d   Data   RW         4806    .data               filtering.o
    0x20000125   COMPRESSED   0x00000003   PAD
    0x20000128   COMPRESSED   0x0000001c   Data   RW         4832    .data               imu.o
    0x20000144   COMPRESSED   0x00000008   Data   RW         4888    .data               remotedata.o
    0x2000014c   COMPRESSED   0x00000020   Data   RW         4942    .data               ctrl.o
    0x2000016c   COMPRESSED   0x00000004   Data   RW         5344    .data               mc_w.l(stdout.o)
    0x20000170   COMPRESSED   0x00000004   Data   RW         5354    .data               mc_w.l(errno.o)
    0x20000174        -       0x00000044   Zero   RW         3594    .bss                mpu6050.o
    0x200001b8        -       0x00000020   Zero   RW         3801    .bss                exit.o
    0x200001d8        -       0x000000c8   Zero   RW         3907    .bss                usart.o
    0x200002a0        -       0x000002e4   Zero   RW         4406    .bss                tasks.o
    0x20000584        -       0x00008000   Zero   RW         4680    .bss                heap_4.o
    0x20008584        -       0x00000018   Zero   RW         4805    .bss                filtering.o
    0x2000859c        -       0x00000030   Zero   RW         4831    .bss                imu.o
    0x200085cc        -       0x00000014   Zero   RW         4887    .bss                remotedata.o
    0x200085e0        -       0x00000150   Zero   RW         4941    .bss                ctrl.o
    0x20008730        -       0x00000400   Zero   RW          477    STACK               startup_stm32f10x_hd.o


==============================================================================

Image component sizes


      Code (inc. data)   RO Data    RW Data    ZI Data      Debug   Object Name

       172          8          0          0          0        568   com_ano.o
       954        160          0         32        336       2993   ctrl.o
         0          0          0          0          0       2492   event_groups.o
       264         22          0          1         32       1868   exit.o
       186         14          0        109         24       2311   filtering.o
       424        148          0         48          0     221752   freertos_demo.o
       520         58          0         28      32768       4707   heap_4.o
       688         76          0          0          0       5876   iic.o
      1904         96          0         28         48       3976   imu.o
        48          4          0          0          0        467   led.o
       148          0          0          0          0       3270   list.o
        56          4         12          0          0     216179   main.o
       172         22          0          0          0       2333   misc.o
       368         18          0          0          0       1404   motor.o
      1350        110          0          0         68       8168   mpu6050.o
       284          6          0          0          0       1686   pid.o
       404         48          0          4          0       9004   port.o
       448         60          0          8         20       2730   remotedata.o
       836        158          0         11          0       6978   si24r.o
       184         14          0          0          0       1105   spi.o
        36          8        304          0       1024        840   startup_stm32f10x_hd.o
       200         18          0          0          0       2388   stm32f10x_exti.o
       346          4          0          0          0       3393   stm32f10x_gpio.o
        22          0          0          0          0      57393   stm32f10x_it.o
       276         32          0         20          0       4714   stm32f10x_rcc.o
       112          0          0          0          0       4174   stm32f10x_spi.o
       934         92          0          0          0       9366   stm32f10x_tim.o
       460          6          0          0          0       7171   stm32f10x_usart.o
        84         10          0          0          0        470   system.o
       328         28          0          0          0       2041   system_stm32f10x.o
       194          8          0          4          0       2371   systick.o
      2192        308          0         64        740      27154   tasks.o
       128         12          0          0          0       1083   time4.o
       348         28          0          2        200       3715   usart.o

    ----------------------------------------------------------------------
     15114       1580        352        364      35260     626140   Object Totals
         0          0         32          0          0          0   (incl. Generated)
        44          0          4          5          0          0   (incl. Padding)

    ----------------------------------------------------------------------

      Code (inc. data)   RO Data    RW Data    ZI Data      Debug   Library Member Name

       624         52         80          0          0        168   asin.o
       544         70        152          0          0        124   atan.o
       412         38          0          0          0        144   atan2.o
        38          6          0          0          0        272   dunder.o
        40          0          0          0          0         68   fpclassify.o
       170          0          0          0          0         96   poly.o
         0          0          8          0          0          0   qnan.o
        76          0          0          0          0         84   sqrt.o
        86          0          0          0          0          0   __dczerorl2.o
         0          0          0          0          0          0   entry.o
         0          0          0          0          0          0   entry10a.o
         0          0          0          0          0          0   entry11a.o
         4          0          0          0          0          0   entry12b.o
         8          4          0          0          0          0   entry2.o
         4          0          0          0          0          0   entry5.o
         0          0          0          0          0          0   entry7b.o
         0          0          0          0          0          0   entry8b.o
         8          4          0          0          0          0   entry9a.o
        12          6          0          4          0         68   errno.o
        30          0          0          0          0          0   handlers.o
        36          8          0          0          0         68   init.o
         0          0          0          0          0          0   iusefp.o
        30          0          0          0          0         68   llshl.o
        36          0          0          0          0         68   llsshr.o
        32          0          0          0          0         68   llushr.o
        36          0          0          0          0        108   memseta.o
       472         14          0          0          0        184   printf3.o
         0          0          0          4          0          0   stdout.o
        44          0          0          0          0         80   uidiv.o
        48          0          0          0          0         68   cdcmple.o
        20          0          0          0          0         68   cfcmple.o
        20          0          0          0          0         68   cfrcmple.o
        56          0          0          0          0         88   d2f.o
       334          0          0          0          0        148   dadd.o
       222          0          0          0          0        100   ddiv.o
       186          0          0          0          0        176   depilogue.o
        62          0          0          0          0         80   dfixi.o
        34          0          0          0          0         76   dflti.o
       228          0          0          0          0         96   dmul.o
        46          0          0          0          0         80   dscalb.o
       162          0          0          0          0        100   dsqrt.o
        38          0          0          0          0         68   f2d.o
       176          0          0          0          0        140   fadd.o
       124          0          0          0          0         88   fdiv.o
       110          0          0          0          0        168   fepilogue.o
        50          0          0          0          0         68   ffixi.o
        40          0          0          0          0         68   ffixui.o
        18          0          0          0          0         68   fflti.o
        10          0          0          0          0         68   ffltui.o
       100          0          0          0          0         76   fmul.o

    ----------------------------------------------------------------------
      4830        202        240          8          0       3628   Library Totals
         4          0          0          0          0          0   (incl. Padding)

    ----------------------------------------------------------------------

      Code (inc. data)   RO Data    RW Data    ZI Data      Debug   Library Name

      1904        166        240          0          0        956   m_ws.l
       838         36          0          8          0        712   mc_w.l
      2084          0          0          0          0       1960   mf_w.l

    ----------------------------------------------------------------------
      4830        202        240          8          0       3628   Library Totals

    ----------------------------------------------------------------------

==============================================================================


      Code (inc. data)   RO Data    RW Data    ZI Data      Debug   

     19944       1782        592        372      35260     620380   Grand Totals
     19944       1782        592         96      35260     620380   ELF Image Totals (compressed)
     19944       1782        592         96          0          0   ROM Totals

==============================================================================

    Total RO  Size (Code + RO Data)                20536 (  20.05kB)
    Total RW  Size (RW Data + ZI Data)             35632 (  34.80kB)
    Total ROM Size (Code + RO Data + RW Data)      20632 (  20.15kB)

==============================================================================

