Component: ARM Compiler 5.06 update 7 (build 960) Tool: armlink [4d3601]

==============================================================================

Section Cross References

    main.o(i.main) refers to system.o(i.System_Systick_Init) for System_Systick_Init
    main.o(i.main) refers to misc.o(i.NVIC_PriorityGroupConfig) for NVIC_PriorityGroupConfig
    main.o(i.main) refers to systick.o(i.SysTick_Init) for SysTick_Init
    main.o(i.main) refers to freertos_demo.o(i.HardWare_Init) for HardWare_Init
    main.o(i.main) refers to freertos_demo.o(i.freertos_demo) for freertos_demo
    freertos_demo.o(i.HardWare_Init) refers to usart.o(i.Usart_Init) for Usart_Init
    freertos_demo.o(i.HardWare_Init) refers to led.o(i.LED_Init) for LED_Init
    freertos_demo.o(i.HardWare_Init) refers to motor.o(i.TIM3_PWM_Init) for TIM3_PWM_Init
    freertos_demo.o(i.HardWare_Init) refers to si24r.o(i.Si24r_Init) for Si24r_Init
    freertos_demo.o(i.HardWare_Init) refers to si24r.o(i.Si24r_TX_Mode) for Si24r_TX_Mode
    freertos_demo.o(i.HardWare_Init) refers to exit.o(i.EXIT_GPIOC8_Init) for EXIT_GPIOC8_Init
    freertos_demo.o(i.HardWare_Init) refers to adc.o(i.ADC1_Init) for ADC1_Init
    freertos_demo.o(i.HardWare_Init) refers to remote.o(i.Remote_Offset_Data) for Remote_Offset_Data
    freertos_demo.o(i.HardWare_Init) refers to time4.o(i.Time4_Init) for Time4_Init
    freertos_demo.o(i.HardWare_Init) refers to printfa.o(i.__0printf) for __2printf
    freertos_demo.o(i.MPU6050_Task) refers to remote.o(i.Decode_Data) for Decode_Data
    freertos_demo.o(i.MPU6050_Task) refers to remote.o(i.Remote_Data) for Remote_Data
    freertos_demo.o(i.MPU6050_Task) refers to f2d.o(.text) for __aeabi_f2d
    freertos_demo.o(i.MPU6050_Task) refers to printfa.o(i.__0printf) for __2printf
    freertos_demo.o(i.MPU6050_Task) refers to tasks.o(i.vTaskDelay) for vTaskDelay
    freertos_demo.o(i.Start_Task) refers to port.o(i.vPortEnterCritical) for vPortEnterCritical
    freertos_demo.o(i.Start_Task) refers to tasks.o(i.xTaskCreate) for xTaskCreate
    freertos_demo.o(i.Start_Task) refers to tasks.o(i.vTaskDelete) for vTaskDelete
    freertos_demo.o(i.Start_Task) refers to port.o(i.vPortExitCritical) for vPortExitCritical
    freertos_demo.o(i.Start_Task) refers to freertos_demo.o(.data) for Task1_Handler
    freertos_demo.o(i.Start_Task) refers to freertos_demo.o(i.Task1) for Task1
    freertos_demo.o(i.Start_Task) refers to freertos_demo.o(i.MPU6050_Task) for MPU6050_Task
    freertos_demo.o(i.Task1) refers to tasks.o(i.vTaskDelay) for vTaskDelay
    freertos_demo.o(i.freertos_demo) refers to tasks.o(i.xTaskCreate) for xTaskCreate
    freertos_demo.o(i.freertos_demo) refers to tasks.o(i.vTaskStartScheduler) for vTaskStartScheduler
    freertos_demo.o(i.freertos_demo) refers to freertos_demo.o(.data) for Start_Task_Handler
    freertos_demo.o(i.freertos_demo) refers to freertos_demo.o(i.Start_Task) for Start_Task
    startup_stm32f10x_hd.o(RESET) refers to startup_stm32f10x_hd.o(STACK) for __initial_sp
    startup_stm32f10x_hd.o(RESET) refers to startup_stm32f10x_hd.o(.text) for Reset_Handler
    startup_stm32f10x_hd.o(RESET) refers to stm32f10x_it.o(i.NMI_Handler) for NMI_Handler
    startup_stm32f10x_hd.o(RESET) refers to stm32f10x_it.o(i.HardFault_Handler) for HardFault_Handler
    startup_stm32f10x_hd.o(RESET) refers to stm32f10x_it.o(i.MemManage_Handler) for MemManage_Handler
    startup_stm32f10x_hd.o(RESET) refers to stm32f10x_it.o(i.BusFault_Handler) for BusFault_Handler
    startup_stm32f10x_hd.o(RESET) refers to stm32f10x_it.o(i.UsageFault_Handler) for UsageFault_Handler
    startup_stm32f10x_hd.o(RESET) refers to port.o(.emb_text) for SVC_Handler
    startup_stm32f10x_hd.o(RESET) refers to stm32f10x_it.o(i.DebugMon_Handler) for DebugMon_Handler
    startup_stm32f10x_hd.o(RESET) refers to systick.o(i.SysTick_Handler) for SysTick_Handler
    startup_stm32f10x_hd.o(RESET) refers to stm32f10x_it.o(i.TAMPER_IRQHandler) for TAMPER_IRQHandler
    startup_stm32f10x_hd.o(RESET) refers to exit.o(i.EXTI9_5_IRQHandler) for EXTI9_5_IRQHandler
    startup_stm32f10x_hd.o(RESET) refers to time4.o(i.TIM4_IRQHandler) for TIM4_IRQHandler
    startup_stm32f10x_hd.o(RESET) refers to usart.o(i.USART1_IRQHandler) for USART1_IRQHandler
    startup_stm32f10x_hd.o(.text) refers to system_stm32f10x.o(i.SystemInit) for SystemInit
    startup_stm32f10x_hd.o(.text) refers to entry.o(.ARM.Collect$$$$00000000) for __main
    stm32f10x_adc.o(i.ADC_DeInit) refers to stm32f10x_rcc.o(i.RCC_APB2PeriphResetCmd) for RCC_APB2PeriphResetCmd
    stm32f10x_bkp.o(i.BKP_DeInit) refers to stm32f10x_rcc.o(i.RCC_BackupResetCmd) for RCC_BackupResetCmd
    stm32f10x_can.o(i.CAN_DeInit) refers to stm32f10x_rcc.o(i.RCC_APB1PeriphResetCmd) for RCC_APB1PeriphResetCmd
    stm32f10x_can.o(i.CAN_GetITStatus) refers to stm32f10x_can.o(i.CheckITStatus) for CheckITStatus
    stm32f10x_cec.o(i.CEC_DeInit) refers to stm32f10x_rcc.o(i.RCC_APB1PeriphResetCmd) for RCC_APB1PeriphResetCmd
[...]
    ../fplib/microlib/fpmul.c                0x00000000   Number         0  dmul.o ABSOLUTE
    ../fplib/microlib/fpscalb.c              0x00000000   Number         0  dscalb.o ABSOLUTE
    ../fplib/microlib/fpsqrt.c               0x00000000   Number         0  dsqrt.o ABSOLUTE
    ../mathlib/asin.c                        0x00000000   Number         0  asin_x.o ABSOLUTE
    ../mathlib/asin.c                        0x00000000   Number         0  asin.o ABSOLUTE
    ../mathlib/atan.c                        0x00000000   Number         0  atan_x.o ABSOLUTE
    ../mathlib/atan.c                        0x00000000   Number         0  atan.o ABSOLUTE
    ../mathlib/atan2.c                       0x00000000   Number         0  atan2.o ABSOLUTE
    ../mathlib/atan2.c                       0x00000000   Number         0  atan2_x.o ABSOLUTE
    ../mathlib/dunder.c                      0x00000000   Number         0  dunder.o ABSOLUTE
    ../mathlib/fpclassify.c                  0x00000000   Number         0  fpclassify.o ABSOLUTE
    ../mathlib/poly.c                        0x00000000   Number         0  poly.o ABSOLUTE
    ../mathlib/qnan.c                        0x00000000   Number         0  qnan.o ABSOLUTE
    ../mathlib/sqrt.c                        0x00000000   Number         0  sqrt_x.o ABSOLUTE
    ../mathlib/sqrt.c                        0x00000000   Number         0  sqrt.o ABSOLUTE
    ..\APP\Remote\remote.c                   0x00000000   Number         0  remote.o ABSOLUTE
    ..\Com\com_ano.c                         0x00000000   Number         0  com_ano.o ABSOLUTE
    ..\Drvers\BSP\ADC\adc.c                  0x00000000   Number         0  adc.o ABSOLUTE
    ..\Drvers\BSP\EXIT\exit.c                0x00000000   Number         0  exit.o ABSOLUTE
    ..\Drvers\BSP\IIC\iic.c                  0x00000000   Number         0  iic.o ABSOLUTE
    ..\Drvers\BSP\LED\led.c                  0x00000000   Number         0  led.o ABSOLUTE
    ..\Drvers\BSP\MOTOR\motor.c              0x00000000   Number         0  motor.o ABSOLUTE
    ..\Drvers\BSP\MPU-6050\mpu6050.c         0x00000000   Number         0  mpu6050.o ABSOLUTE
    ..\Drvers\BSP\SI24R\si24r.c              0x00000000   Number         0  si24r.o ABSOLUTE
    ..\Drvers\BSP\SPI\spi.c                  0x00000000   Number         0  spi.o ABSOLUTE
    ..\Drvers\BSP\TIME\time4.c               0x00000000   Number         0  time4.o ABSOLUTE
    ..\Drvers\Librarise\CMSIS\core_cm3.c     0x00000000   Number         0  core_cm3.o ABSOLUTE
    ..\Drvers\Librarise\CMSIS\startup_stm32f10x_hd.s 0x00000000   Number         0  startup_stm32f10x_hd.o ABSOLUTE
    ..\Drvers\Librarise\CMSIS\system_stm32f10x.c 0x00000000   Number         0  system_stm32f10x.o ABSOLUTE
    ..\Drvers\Librarise\STM32F10x_StdPeriph_Driver\src\misc.c 0x00000000   Number         0  misc.o ABSOLUTE
    ..\Drvers\Librarise\STM32F10x_StdPeriph_Driver\src\stm32f10x_adc.c 0x00000000   Number         0  stm32f10x_adc.o ABSOLUTE
    ..\Drvers\Librarise\STM32F10x_StdPeriph_Driver\src\stm32f10x_bkp.c 0x00000000   Number         0  stm32f10x_bkp.o ABSOLUTE
    ..\Drvers\Librarise\STM32F10x_StdPeriph_Driver\src\stm32f10x_can.c 0x00000000   Number         0  stm32f10x_can.o ABSOLUTE
    ..\Drvers\Librarise\STM32F10x_StdPeriph_Driver\src\stm32f10x_cec.c 0x00000000   Number         0  stm32f10x_cec.o ABSOLUTE
    ..\Drvers\Librarise\STM32F10x_StdPeriph_Driver\src\stm32f10x_crc.c 0x00000000   Number         0  stm32f10x_crc.o ABSOLUTE
    ..\Drvers\Librarise\STM32F10x_StdPeriph_Driver\src\stm32f10x_dac.c 0x00000000   Number         0  stm32f10x_dac.o ABSOLUTE
    ..\Drvers\Librarise\STM32F10x_StdPeriph_Driver\src\stm32f10x_dbgmcu.c 0x00000000   Number         0  stm32f10x_dbgmcu.o ABSOLUTE
    ..\Drvers\Librarise\STM32F10x_StdPeriph_Driver\src\stm32f10x_dma.c 0x00000000   Number         0  stm32f10x_dma.o ABSOLUTE
    ..\Drvers\Librarise\STM32F10x_StdPeriph_Driver\src\stm32f10x_exti.c 0x00000000   Number         0  stm32f10x_exti.o ABSOLUTE
    ..\Drvers\Librarise\STM32F10x_StdPeriph_Driver\src\stm32f10x_flash.c 0x00000000   Number         0  stm32f10x_flash.o ABSOLUTE
    ..\Drvers\Librarise\STM32F10x_StdPeriph_Driver\src\stm32f10x_fsmc.c 0x00000000   Number         0  stm32f10x_fsmc.o ABSOLUTE
    ..\Drvers\Librarise\STM32F10x_StdPeriph_Driver\src\stm32f10x_gpio.c 0x00000000   Number         0  stm32f10x_gpio.o ABSOLUTE
    ..\Drvers\Librarise\STM32F10x_StdPeriph_Driver\src\stm32f10x_i2c.c 0x00000000   Number         0  stm32f10x_i2c.o ABSOLUTE
    ..\Drvers\Librarise\STM32F10x_StdPeriph_Driver\src\stm32f10x_iwdg.c 0x00000000   Number         0  stm32f10x_iwdg.o ABSOLUTE
    ..\Drvers\Librarise\STM32F10x_StdPeriph_Driver\src\stm32f10x_pwr.c 0x00000000   Number         0  stm32f10x_pwr.o ABSOLUTE
    ..\Drvers\Librarise\STM32F10x_StdPeriph_Driver\src\stm32f10x_rcc.c 0x00000000   Number         0  stm32f10x_rcc.o ABSOLUTE
    ..\Drvers\Librarise\STM32F10x_StdPeriph_Driver\src\stm32f10x_rtc.c 0x00000000   Number         0  stm32f10x_rtc.o ABSOLUTE
    ..\Drvers\Librarise\STM32F10x_StdPeriph_Driver\src\stm32f10x_sdio.c 0x00000000   Number         0  stm32f10x_sdio.o ABSOLUTE
    ..\Drvers\Librarise\STM32F10x_StdPeriph_Driver\src\stm32f10x_spi.c 0x00000000   Number         0  stm32f10x_spi.o ABSOLUTE
    ..\Drvers\Librarise\STM32F10x_StdPeriph_Driver\src\stm32f10x_tim.c 0x00000000   Number         0  stm32f10x_tim.o ABSOLUTE
    ..\Drvers\Librarise\STM32F10x_StdPeriph_Driver\src\stm32f10x_usart.c 0x00000000   Number         0  stm32f10x_usart.o ABSOLUTE
    ..\Drvers\Librarise\STM32F10x_StdPeriph_Driver\src\stm32f10x_wwdg.c 0x00000000   Number         0  stm32f10x_wwdg.o ABSOLUTE
    ..\Drvers\SYSTEM\system\system.c         0x00000000   Number         0  system.o ABSOLUTE
    ..\Drvers\SYSTEM\systick\systick.c       0x00000000   Number         0  systick.o ABSOLUTE
    ..\Drvers\SYSTEM\usart\usart.c           0x00000000   Number         0  usart.o ABSOLUTE
    ..\IMU\filtering.c                       0x00000000   Number         0  filtering.o ABSOLUTE
    ..\IMU\imu.c                             0x00000000   Number         0  imu.o ABSOLUTE
    ..\Middlewares\FreeRTOS\croutine.c       0x00000000   Number         0  croutine.o ABSOLUTE
    ..\Middlewares\FreeRTOS\event_groups.c   0x00000000   Number         0  event_groups.o ABSOLUTE
    ..\Middlewares\FreeRTOS\list.c           0x00000000   Number         0  list.o ABSOLUTE
    ..\Middlewares\FreeRTOS\portable\heap_4.c 0x00000000   Number         0  heap_4.o ABSOLUTE
    ..\Middlewares\FreeRTOS\portable\port.c  0x00000000   Number         0  port.o ABSOLUTE
    ..\Middlewares\FreeRTOS\queue.c          0x00000000   Number         0  queue.o ABSOLUTE
    ..\Middlewares\FreeRTOS\stream_buffer.c  0x00000000   Number         0  stream_buffer.o ABSOLUTE
    ..\Middlewares\FreeRTOS\tasks.c          0x00000000   Number         0  tasks.o ABSOLUTE
    ..\Middlewares\FreeRTOS\timers.c         0x00000000   Number         0  timers.o ABSOLUTE
    ..\User\freertos_demo.c                  0x00000000   Number         0  freertos_demo.o ABSOLUTE
    ..\User\main.c                           0x00000000   Number         0  main.o ABSOLUTE
    ..\User\stm32f10x_it.c                   0x00000000   Number         0  stm32f10x_it.o ABSOLUTE
    ..\\Drvers\\Librarise\\CMSIS\\core_cm3.c 0x00000000   Number         0  core_cm3.o ABSOLUTE
    ..\\Middlewares\\FreeRTOS\\portable\\port.c 0x00000000   Number         0  port.o ABSOLUTE
    cdcmple.s                                0x00000000   Number         0  cdcmple.o ABSOLUTE
    cdrcmple.s                               0x00000000   Number         0  cdrcmple.o ABSOLUTE
    cfcmple.s                                0x00000000   Number         0  cfcmple.o ABSOLUTE
    dc.s                                     0x00000000   Number         0  dc.o ABSOLUTE
    handlers.s                               0x00000000   Number         0  handlers.o ABSOLUTE
    init.s                                   0x00000000   Number         0  init.o ABSOLUTE
    RESET                                    0x08000000   Section      304  startup_stm32f10x_hd.o(RESET)
    .ARM.Collect$$$$00000000                 0x08000130   Section        0  entry.o(.ARM.Collect$$$$00000000)
    .ARM.Collect$$$$00000001                 0x08000130   Section        4  entry2.o(.ARM.Collect$$$$00000001)
    .ARM.Collect$$$$00000004                 0x08000134   Section        4  entry5.o(.ARM.Collect$$$$00000004)
    .ARM.Collect$$$$00000008                 0x08000138   Section        0  entry7b.o(.ARM.Collect$$$$00000008)
    .ARM.Collect$$$$0000000A                 0x08000138   Section        0  entry8b.o(.ARM.Collect$$$$0000000A)
    .ARM.Collect$$$$0000000B                 0x08000138   Section        8  entry9a.o(.ARM.Collect$$$$0000000B)
    .ARM.Collect$$$$0000000E                 0x08000140   Section        4  entry12b.o(.ARM.Collect$$$$0000000E)
    .ARM.Collect$$$$0000000F                 0x08000144   Section        0  entry10a.o(.ARM.Collect$$$$0000000F)
    .ARM.Collect$$$$00000011                 0x08000144   Section        0  entry11a.o(.ARM.Collect$$$$00000011)
    .ARM.Collect$$$$00002712                 0x08000144   Section        4  entry2.o(.ARM.Collect$$$$00002712)
    __lit__00000000                          0x08000144   Data           4  entry2.o(.ARM.Collect$$$$00002712)
    .emb_text                                0x08000148   Section      150  port.o(.emb_text)
    .text                                    0x080001e0   Section       36  startup_stm32f10x_hd.o(.text)
    .text                                    0x08000204   Section        0  memseta.o(.text)
    .text                                    0x08000228   Section        0  fadd.o(.text)
    .text                                    0x080002d8   Section        0  fmul.o(.text)
    .text                                    0x0800033c   Section        0  fdiv.o(.text)
    .text                                    0x080003b8   Section        0  dmul.o(.text)
    .text                                    0x0800049c   Section        0  ddiv.o(.text)
    .text                                    0x0800057a   Section        0  fflti.o(.text)
    .text                                    0x0800058c   Section        0  ffltui.o(.text)
    .text                                    0x08000596   Section        0  ffixi.o(.text)
    .text                                    0x080005c8   Section        0  ffixui.o(.text)
    .text                                    0x080005f0   Section        0  f2d.o(.text)
    .text                                    0x08000616   Section        0  d2f.o(.text)
    .text                                    0x0800064e   Section        0  uidiv.o(.text)
    .text                                    0x0800067a   Section        0  uldiv.o(.text)
    .text                                    0x080006dc   Section        0  llushr.o(.text)
    .text                                    0x080006fc   Section        0  fepilogue.o(.text)
    .text                                    0x080006fc   Section        0  iusefp.o(.text)
    .text                                    0x0800076a   Section        0  depilogue.o(.text)
    .text                                    0x08000824   Section        0  dadd.o(.text)
    .text                                    0x08000972   Section        0  dfixul.o(.text)
    .text                                    0x080009a4   Section       48  cdrcmple.o(.text)
    .text                                    0x080009d4   Section       36  init.o(.text)
    .text                                    0x080009f8   Section        0  llshl.o(.text)
    .text                                    0x08000a16   Section        0  llsshr.o(.text)
    i.ADC1_Init                              0x08000a3c   Section        0  adc.o(i.ADC1_Init)
    i.ADC_Cmd                                0x08000b70   Section        0  stm32f10x_adc.o(i.ADC_Cmd)
    i.ADC_DMACmd                             0x08000b86   Section        0  stm32f10x_adc.o(i.ADC_DMACmd)
    i.ADC_GetCalibrationStatus               0x08000b9c   Section        0  stm32f10x_adc.o(i.ADC_GetCalibrationStatus)
    i.ADC_GetResetCalibrationStatus          0x08000bb0   Section        0  stm32f10x_adc.o(i.ADC_GetResetCalibrationStatus)
    i.ADC_Init                               0x08000bc4   Section        0  stm32f10x_adc.o(i.ADC_Init)
    i.ADC_RegularChannelConfig               0x08000c14   Section        0  stm32f10x_adc.o(i.ADC_RegularChannelConfig)
    i.ADC_ResetCalibration                   0x08000ccc   Section        0  stm32f10x_adc.o(i.ADC_ResetCalibration)
    i.ADC_SoftwareStartConvCmd               0x08000cd6   Section        0  stm32f10x_adc.o(i.ADC_SoftwareStartConvCmd)
    i.ADC_StartCalibration                   0x08000cec   Section        0  stm32f10x_adc.o(i.ADC_StartCalibration)
    i.BusFault_Handler                       0x08000cf6   Section        0  stm32f10x_it.o(i.BusFault_Handler)
    i.DMA_Cmd                                0x08000cfa   Section        0  stm32f10x_dma.o(i.DMA_Cmd)
    i.DMA_Init                               0x08000d12   Section        0  stm32f10x_dma.o(i.DMA_Init)
    i.DebugMon_Handler                       0x08000d4e   Section        0  stm32f10x_it.o(i.DebugMon_Handler)
    i.Decode_Data                            0x08000d50   Section        0  remote.o(i.Decode_Data)
    i.EXIT_GPIOC8_Init                       0x08000de0   Section        0  exit.o(i.EXIT_GPIOC8_Init)
    i.EXTI9_5_IRQHandler                     0x08000e4c   Section        0  exit.o(i.EXTI9_5_IRQHandler)
    i.EXTI_ClearITPendingBit                 0x08000ee4   Section        0  stm32f10x_exti.o(i.EXTI_ClearITPendingBit)
    i.EXTI_GetITStatus                       0x08000ef0   Section        0  stm32f10x_exti.o(i.EXTI_GetITStatus)
    i.EXTI_Init                              0x08000f18   Section        0  stm32f10x_exti.o(i.EXTI_Init)
    i.GPIO_EXTILineConfig                    0x08000fac   Section        0  stm32f10x_gpio.o(i.GPIO_EXTILineConfig)
    i.GPIO_Init                              0x08000fec   Section        0  stm32f10x_gpio.o(i.GPIO_Init)
    i.GPIO_ResetBits                         0x08001102   Section        0  stm32f10x_gpio.o(i.GPIO_ResetBits)
    i.HardFault_Handler                      0x08001106   Section        0  stm32f10x_it.o(i.HardFault_Handler)
    i.HardWare_Init                          0x0800110c   Section        0  freertos_demo.o(i.HardWare_Init)
    i.LED_Init                               0x08001164   Section        0  led.o(i.LED_Init)
    i.MPU6050_Task                           0x08001198   Section        0  freertos_demo.o(i.MPU6050_Task)
    i.Max_Min_Limitations                    0x0800120c   Section        0  remote.o(i.Max_Min_Limitations)
    i.MemManage_Handler                      0x080012d4   Section        0  stm32f10x_it.o(i.MemManage_Handler)
    i.NMI_Handler                            0x080012d8   Section        0  stm32f10x_it.o(i.NMI_Handler)
    i.NVIC_Init                              0x080012dc   Section        0  misc.o(i.NVIC_Init)
    i.NVIC_PriorityGroupConfig               0x0800134c   Section        0  misc.o(i.NVIC_PriorityGroupConfig)
    i.RCC_AHBPeriphClockCmd                  0x08001360   Section        0  stm32f10x_rcc.o(i.RCC_AHBPeriphClockCmd)
    i.RCC_APB1PeriphClockCmd                 0x08001380   Section        0  stm32f10x_rcc.o(i.RCC_APB1PeriphClockCmd)
    i.RCC_APB2PeriphClockCmd                 0x080013a0   Section        0  stm32f10x_rcc.o(i.RCC_APB2PeriphClockCmd)
    i.RCC_GetClocksFreq                      0x080013c0   Section        0  stm32f10x_rcc.o(i.RCC_GetClocksFreq)
    i.Remote_ADC_Data                        0x08001494   Section        0  remote.o(i.Remote_ADC_Data)
    i.Remote_Data                            0x08001538   Section        0  remote.o(i.Remote_Data)
    i.Remote_Middle_Limit                    0x08001548   Section        0  remote.o(i.Remote_Middle_Limit)
    i.Remote_Offset_Data                     0x080015d0   Section        0  remote.o(i.Remote_Offset_Data)
    i.Remote_Send_Data                       0x080016b8   Section        0  remote.o(i.Remote_Send_Data)
    i.Remote_Window_Filter                   0x080017cc   Section        0  remote.o(i.Remote_Window_Filter)
    i.SI24R1_RxPacket                        0x08001904   Section        0  si24r.o(i.SI24R1_RxPacket)
    i.SI24R1_TxPacket                        0x08001934   Section        0  si24r.o(i.SI24R1_TxPacket)
    i.SPI2_Init                              0x0800198c   Section        0  spi.o(i.SPI2_Init)
    i.SPI2_ReadWrite                         0x08001a20   Section        0  spi.o(i.SPI2_ReadWrite)
    i.SPI_Cmd                                0x08001a58   Section        0  stm32f10x_spi.o(i.SPI_Cmd)
    i.SPI_I2S_GetFlagStatus                  0x08001a70   Section        0  stm32f10x_spi.o(i.SPI_I2S_GetFlagStatus)
    i.SPI_I2S_ReceiveData                    0x08001a82   Section        0  stm32f10x_spi.o(i.SPI_I2S_ReceiveData)
    i.SPI_I2S_SendData                       0x08001a88   Section        0  stm32f10x_spi.o(i.SPI_I2S_SendData)
    i.SPI_Init                               0x08001a8c   Section        0  stm32f10x_spi.o(i.SPI_Init)
    i.SetSysClock                            0x08001ac8   Section        0  system_stm32f10x.o(i.SetSysClock)
    SetSysClock                              0x08001ac9   Thumb Code     8  system_stm32f10x.o(i.SetSysClock)
    i.SetSysClockTo72                        0x08001ad0   Section        0  system_stm32f10x.o(i.SetSysClockTo72)
    SetSysClockTo72                          0x08001ad1   Thumb Code   214  system_stm32f10x.o(i.SetSysClockTo72)
    i.Si24r_Check                            0x08001bb0   Section        0  si24r.o(i.Si24r_Check)
    i.Si24r_Init                             0x08001bf8   Section        0  si24r.o(i.Si24r_Init)
    i.Si24r_Read_Data                        0x08001c60   Section        0  si24r.o(i.Si24r_Read_Data)
    i.Si24r_Read_reg                         0x08001ca0   Section        0  si24r.o(i.Si24r_Read_reg)
    i.Si24r_TX_Mode                          0x08001ccc   Section        0  si24r.o(i.Si24r_TX_Mode)
    i.Si24r_TestConnection                   0x08001d5c   Section        0  si24r.o(i.Si24r_TestConnection)
    i.Si24r_Write_Data                       0x08001da8   Section        0  si24r.o(i.Si24r_Write_Data)
    i.Si24r_Write_reg                        0x08001de8   Section        0  si24r.o(i.Si24r_Write_reg)
    i.Si24rset_Mode                          0x08001e14   Section        0  si24r.o(i.Si24rset_Mode)
    i.Start_Task                             0x08001e6c   Section        0  freertos_demo.o(i.Start_Task)
    i.SysTick_CLKSourceConfig                0x08001ed8   Section        0  misc.o(i.SysTick_CLKSourceConfig)
    i.SysTick_Handler                        0x08001f00   Section        0  systick.o(i.SysTick_Handler)
    i.SysTick_Init                           0x08001f10   Section        0  systick.o(i.SysTick_Init)
    i.SystemInit                             0x08001f60   Section        0  system_stm32f10x.o(i.SystemInit)
    i.System_Systick_Init                    0x08001fc0   Section        0  system.o(i.System_Systick_Init)
    i.TAMPER_IRQHandler                      0x08002014   Section        0  stm32f10x_it.o(i.TAMPER_IRQHandler)
    i.TIM3_PWM_Init                          0x08002018   Section        0  motor.o(i.TIM3_PWM_Init)
    i.TIM4_IRQHandler                        0x08002130   Section        0  time4.o(i.TIM4_IRQHandler)
    i.TIM_ClearITPendingBit                  0x08002150   Section        0  stm32f10x_tim.o(i.TIM_ClearITPendingBit)
    i.TIM_Cmd                                0x08002156   Section        0  stm32f10x_tim.o(i.TIM_Cmd)
    i.TIM_GetITStatus                        0x0800216e   Section        0  stm32f10x_tim.o(i.TIM_GetITStatus)
    i.TIM_ITConfig                           0x08002190   Section        0  stm32f10x_tim.o(i.TIM_ITConfig)
    i.TIM_OC1Init                            0x080021a4   Section        0  stm32f10x_tim.o(i.TIM_OC1Init)
    i.TIM_OC1PreloadConfig                   0x0800223c   Section        0  stm32f10x_tim.o(i.TIM_OC1PreloadConfig)
    i.TIM_OC2Init                            0x08002250   Section        0  stm32f10x_tim.o(i.TIM_OC2Init)
    i.TIM_OC2PreloadConfig                   0x080022f4   Section        0  stm32f10x_tim.o(i.TIM_OC2PreloadConfig)
    i.TIM_OC3Init                            0x08002310   Section        0  stm32f10x_tim.o(i.TIM_OC3Init)
    i.TIM_OC3PreloadConfig                   0x080023b0   Section        0  stm32f10x_tim.o(i.TIM_OC3PreloadConfig)
    i.TIM_OC4Init                            0x080023c4   Section        0  stm32f10x_tim.o(i.TIM_OC4Init)
    i.TIM_OC4PreloadConfig                   0x08002440   Section        0  stm32f10x_tim.o(i.TIM_OC4PreloadConfig)
    i.TIM_TimeBaseInit                       0x0800245c   Section        0  stm32f10x_tim.o(i.TIM_TimeBaseInit)
    i.Task1                                  0x08002500   Section        0  freertos_demo.o(i.Task1)
    i.Time4_Init                             0x08002520   Section        0  time4.o(i.Time4_Init)
    i.USART1_IRQHandler                      0x08002580   Section        0  usart.o(i.USART1_IRQHandler)
    i.USART_ClearFlag                        0x08002608   Section        0  stm32f10x_usart.o(i.USART_ClearFlag)
    i.USART_Cmd                              0x0800261a   Section        0  stm32f10x_usart.o(i.USART_Cmd)
    i.USART_GetFlagStatus                    0x08002632   Section        0  stm32f10x_usart.o(i.USART_GetFlagStatus)
    i.USART_GetITStatus                      0x0800264c   Section        0  stm32f10x_usart.o(i.USART_GetITStatus)
    i.USART_ITConfig                         0x080026a0   Section        0  stm32f10x_usart.o(i.USART_ITConfig)
    i.USART_Init                             0x080026ec   Section        0  stm32f10x_usart.o(i.USART_Init)
    i.USART_ReceiveData                      0x080027c4   Section        0  stm32f10x_usart.o(i.USART_ReceiveData)
    i.USART_SendData                         0x080027ce   Section        0  stm32f10x_usart.o(i.USART_SendData)
    i.UsageFault_Handler                     0x080027d6   Section        0  stm32f10x_it.o(i.UsageFault_Handler)
    i.Usart_Init                             0x080027dc   Section        0  usart.o(i.Usart_Init)
    i.__0printf                              0x0800288c   Section        0  printfa.o(i.__0printf)
    i.__scatterload_copy                     0x080028ac   Section       14  handlers.o(i.__scatterload_copy)
    i.__scatterload_null                     0x080028ba   Section        2  handlers.o(i.__scatterload_null)
    i.__scatterload_zeroinit                 0x080028bc   Section       14  handlers.o(i.__scatterload_zeroinit)
    i._fp_digits                             0x080028cc   Section        0  printfa.o(i._fp_digits)
    _fp_digits                               0x080028cd   Thumb Code   366  printfa.o(i._fp_digits)
    i._printf_core                           0x08002a50   Section        0  printfa.o(i._printf_core)
    _printf_core                             0x08002a51   Thumb Code  1704  printfa.o(i._printf_core)
    i._printf_post_padding                   0x08003104   Section        0  printfa.o(i._printf_post_padding)
    _printf_post_padding                     0x08003105   Thumb Code    36  printfa.o(i._printf_post_padding)
    i._printf_pre_padding                    0x08003128   Section        0  printfa.o(i._printf_pre_padding)
    _printf_pre_padding                      0x08003129   Thumb Code    46  printfa.o(i._printf_pre_padding)
    i.delay_us                               0x08003158   Section        0  systick.o(i.delay_us)
    i.fputc                                  0x080031a0   Section        0  usart.o(i.fputc)
    i.freertos_demo                          0x080031c4   Section        0  freertos_demo.o(i.freertos_demo)
    i.main                                   0x080031f8   Section        0  main.o(i.main)
    i.prvAddCurrentTaskToDelayedList         0x08003218   Section        0  tasks.o(i.prvAddCurrentTaskToDelayedList)
    prvAddCurrentTaskToDelayedList           0x08003219   Thumb Code   164  tasks.o(i.prvAddCurrentTaskToDelayedList)
    i.prvAddNewTaskToReadyList               0x080032d8   Section        0  tasks.o(i.prvAddNewTaskToReadyList)
    prvAddNewTaskToReadyList                 0x080032d9   Thumb Code   200  tasks.o(i.prvAddNewTaskToReadyList)
    i.prvCheckTasksWaitingTermination        0x080033bc   Section        0  tasks.o(i.prvCheckTasksWaitingTermination)
    prvCheckTasksWaitingTermination          0x080033bd   Thumb Code    60  tasks.o(i.prvCheckTasksWaitingTermination)
    i.prvDeleteTCB                           0x08003404   Section        0  tasks.o(i.prvDeleteTCB)
    prvDeleteTCB                             0x08003405   Thumb Code    18  tasks.o(i.prvDeleteTCB)
    i.prvHeapInit                            0x08003418   Section        0  heap_4.o(i.prvHeapInit)
    prvHeapInit                              0x08003419   Thumb Code    90  heap_4.o(i.prvHeapInit)
    i.prvIdleTask                            0x08003488   Section        0  tasks.o(i.prvIdleTask)
    prvIdleTask                              0x08003489   Thumb Code    32  tasks.o(i.prvIdleTask)
    i.prvInitialiseNewTask                   0x080034b0   Section        0  tasks.o(i.prvInitialiseNewTask)
    prvInitialiseNewTask                     0x080034b1   Thumb Code   122  tasks.o(i.prvInitialiseNewTask)
    i.prvInitialiseTaskLists                 0x0800352c   Section        0  tasks.o(i.prvInitialiseTaskLists)
    prvInitialiseTaskLists                   0x0800352d   Thumb Code    70  tasks.o(i.prvInitialiseTaskLists)
    i.prvInsertBlockIntoFreeList             0x08003594   Section        0  heap_4.o(i.prvInsertBlockIntoFreeList)
    prvInsertBlockIntoFreeList               0x08003595   Thumb Code    96  heap_4.o(i.prvInsertBlockIntoFreeList)
    i.prvResetNextTaskUnblockTime            0x080035fc   Section        0  tasks.o(i.prvResetNextTaskUnblockTime)
    prvResetNextTaskUnblockTime              0x080035fd   Thumb Code    40  tasks.o(i.prvResetNextTaskUnblockTime)
    i.prvTaskExitError                       0x0800362c   Section        0  port.o(i.prvTaskExitError)
    prvTaskExitError                         0x0800362d   Thumb Code    22  port.o(i.prvTaskExitError)
    i.pvPortMalloc                           0x08003644   Section        0  heap_4.o(i.pvPortMalloc)
    i.pxPortInitialiseStack                  0x08003728   Section        0  port.o(i.pxPortInitialiseStack)
    i.uxListRemove                           0x0800374c   Section        0  list.o(i.uxListRemove)
    i.vListInitialise                        0x08003774   Section        0  list.o(i.vListInitialise)
    i.vListInitialiseItem                    0x0800378e   Section        0  list.o(i.vListInitialiseItem)
    i.vListInsert                            0x08003794   Section        0  list.o(i.vListInsert)
    i.vListInsertEnd                         0x080037c8   Section        0  list.o(i.vListInsertEnd)
    i.vPortEnterCritical                     0x080037e0   Section        0  port.o(i.vPortEnterCritical)
    i.vPortExitCritical                      0x08003804   Section        0  port.o(i.vPortExitCritical)
    i.vPortFree                              0x08003824   Section        0  heap_4.o(i.vPortFree)
    i.vPortSetupTimerInterrupt               0x08003870   Section        0  port.o(i.vPortSetupTimerInterrupt)
    i.vTaskDelay                             0x08003888   Section        0  tasks.o(i.vTaskDelay)
    i.vTaskDelete                            0x080038bc   Section        0  tasks.o(i.vTaskDelete)
    i.vTaskStartScheduler                    0x08003990   Section        0  tasks.o(i.vTaskStartScheduler)
    i.vTaskSuspendAll                        0x080039fc   Section        0  tasks.o(i.vTaskSuspendAll)
    i.vTaskSwitchContext                     0x08003a0c   Section        0  tasks.o(i.vTaskSwitchContext)
    i.xPortStartScheduler                    0x08003a6c   Section        0  port.o(i.xPortStartScheduler)
    i.xPortSysTickHandler                    0x08003aa0   Section        0  port.o(i.xPortSysTickHandler)
    i.xTaskCreate                            0x08003ad4   Section        0  tasks.o(i.xTaskCreate)
    i.xTaskGetSchedulerState                 0x08003b3c   Section        0  tasks.o(i.xTaskGetSchedulerState)
    i.xTaskIncrementTick                     0x08003b5c   Section        0  tasks.o(i.xTaskIncrementTick)
    i.xTaskResumeAll                         0x08003cec   Section        0  tasks.o(i.xTaskResumeAll)
    .data                                    0x20000000   Section       12  freertos_demo.o(.data)
    .data                                    0x2000000c   Section       20  stm32f10x_rcc.o(.data)
    APBAHBPrescTable                         0x2000000c   Data          16  stm32f10x_rcc.o(.data)
    ADCPrescTable                            0x2000001c   Data           4  stm32f10x_rcc.o(.data)
    .data                                    0x20000020   Section       11  si24r.o(.data)
    .data                                    0x2000002c   Section        8  adc.o(.data)
    .data                                    0x20000034   Section        1  systick.o(.data)
    fac_us                                   0x20000034   Data           1  systick.o(.data)
    .data                                    0x20000036   Section        2  usart.o(.data)
    .data                                    0x20000038   Section       64  tasks.o(.data)
    pxDelayedTaskList                        0x2000003c   Data           4  tasks.o(.data)
    pxOverflowDelayedTaskList                0x20000040   Data           4  tasks.o(.data)
    uxDeletedTasksWaitingCleanUp             0x20000044   Data           4  tasks.o(.data)
    uxCurrentNumberOfTasks                   0x20000048   Data           4  tasks.o(.data)
    xTickCount                               0x2000004c   Data           4  tasks.o(.data)
    uxTopReadyPriority                       0x20000050   Data           4  tasks.o(.data)
    xSchedulerRunning                        0x20000054   Data           4  tasks.o(.data)
    xPendedTicks                             0x20000058   Data           4  tasks.o(.data)
    xYieldPending                            0x2000005c   Data           4  tasks.o(.data)
    xNumOfOverflows                          0x20000060   Data           4  tasks.o(.data)
    uxTaskNumber                             0x20000064   Data           4  tasks.o(.data)
    xNextTaskUnblockTime                     0x20000068   Data           4  tasks.o(.data)
    xIdleTaskHandle                          0x2000006c   Data           4  tasks.o(.data)
    uxSchedulerSuspended                     0x20000074   Data           4  tasks.o(.data)
    .data                                    0x20000078   Section       28  heap_4.o(.data)
    xStart                                   0x20000078   Data           8  heap_4.o(.data)
    pxEnd                                    0x20000080   Data           4  heap_4.o(.data)
    xFreeBytesRemaining                      0x20000084   Data           4  heap_4.o(.data)
    xMinimumEverFreeBytesRemaining           0x20000088   Data           4  heap_4.o(.data)
    xNumberOfSuccessfulAllocations           0x2000008c   Data           4  heap_4.o(.data)
    xNumberOfSuccessfulFrees                 0x20000090   Data           4  heap_4.o(.data)
    .data                                    0x20000094   Section        4  port.o(.data)
    uxCriticalNesting                        0x20000094   Data           4  port.o(.data)
    .data                                    0x20000098   Section       10  remote.o(.data)
    count                                    0x200000a1   Data           1  remote.o(.data)
    .data                                    0x200000a4   Section        4  stdout.o(.data)
    .bss                                     0x200000a8   Section       32  exit.o(.bss)
    .bss                                     0x200000c8   Section      200  usart.o(.bss)
    .bss                                     0x20000190   Section      740  tasks.o(.bss)
    pxReadyTasksLists                        0x20000190   Data         640  tasks.o(.bss)
    xDelayedTaskList1                        0x20000410   Data          20  tasks.o(.bss)
    xDelayedTaskList2                        0x20000424   Data          20  tasks.o(.bss)
    xPendingReadyList                        0x20000438   Data          20  tasks.o(.bss)
    xTasksWaitingTermination                 0x2000044c   Data          20  tasks.o(.bss)
    xSuspendedTaskList                       0x20000460   Data          20  tasks.o(.bss)
    .bss                                     0x20000474   Section    32768  heap_4.o(.bss)
    ucHeap                                   0x20000474   Data       32768  heap_4.o(.bss)
    .bss                                     0x20008474   Section      116  remote.o(.bss)
    STACK                                    0x200084e8   Section     1024  startup_stm32f10x_hd.o(STACK)

    Global Symbols

    Symbol Name                              Value     Ov Type        Size  Object(Section)

    BuildAttributes$$THM_ISAv4$P$D$K$B$S$PE$A:L22UL41UL21$X:L11$S22US41US21$IEEE1$IW$USESV6$~STKCKD$USESV7$~SHL$OTIME$ROPI$IEEEX$EBA8$MICROLIB$REQ8$PRES8$EABIv2 0x00000000   Number         0  anon$$obj.o ABSOLUTE
    __ARM_use_no_argv                        0x00000000   Number         0  main.o ABSOLUTE
    _printf_a                                0x00000000   Number         0  stubs.o ABSOLUTE
    _printf_c                                0x00000000   Number         0  stubs.o ABSOLUTE
    _printf_charcount                        0x00000000   Number         0  stubs.o ABSOLUTE
    _printf_d                                0x00000000   Number         0  stubs.o ABSOLUTE
    _printf_e                                0x00000000   Number         0  stubs.o ABSOLUTE
    _printf_f                                0x00000000   Number         0  stubs.o ABSOLUTE
    _printf_flags                            0x00000000   Number         0  stubs.o ABSOLUTE
    _printf_fp_dec                           0x00000000   Number         0  stubs.o ABSOLUTE
    _printf_fp_hex                           0x00000000   Number         0  stubs.o ABSOLUTE
    _printf_g                                0x00000000   Number         0  stubs.o ABSOLUTE
    _printf_i                                0x00000000   Number         0  stubs.o ABSOLUTE
    _printf_int_dec                          0x00000000   Number         0  stubs.o ABSOLUTE
    _printf_l                                0x00000000   Number         0  stubs.o ABSOLUTE
    _printf_lc                               0x00000000   Number         0  stubs.o ABSOLUTE
    _printf_ll                               0x00000000   Number         0  stubs.o ABSOLUTE
    _printf_lld                              0x00000000   Number         0  stubs.o ABSOLUTE
    _printf_lli                              0x00000000   Number         0  stubs.o ABSOLUTE
    _printf_llo                              0x00000000   Number         0  stubs.o ABSOLUTE
    _printf_llu                              0x00000000   Number         0  stubs.o ABSOLUTE
    _printf_llx                              0x00000000   Number         0  stubs.o ABSOLUTE
    _printf_longlong_dec                     0x00000000   Number         0  stubs.o ABSOLUTE
    _printf_longlong_hex                     0x00000000   Number         0  stubs.o ABSOLUTE
    _printf_longlong_oct                     0x00000000   Number         0  stubs.o ABSOLUTE
    _printf_ls                               0x00000000   Number         0  stubs.o ABSOLUTE
    _printf_mbtowc                           0x00000000   Number         0  stubs.o ABSOLUTE
    _printf_n                                0x00000000   Number         0  stubs.o ABSOLUTE
    _printf_o                                0x00000000   Number         0  stubs.o ABSOLUTE
    _printf_p                                0x00000000   Number         0  stubs.o ABSOLUTE
    _printf_percent                          0x00000000   Number         0  stubs.o ABSOLUTE
    _printf_pre_padding                      0x00000000   Number         0  stubs.o ABSOLUTE
    _printf_return_value                     0x00000000   Number         0  stubs.o ABSOLUTE
    _printf_s                                0x00000000   Number         0  stubs.o ABSOLUTE
    _printf_sizespec                         0x00000000   Number         0  stubs.o ABSOLUTE
    _printf_str                              0x00000000   Number         0  stubs.o ABSOLUTE
    _printf_truncate_signed                  0x00000000   Number         0  stubs.o ABSOLUTE
    _printf_truncate_unsigned                0x00000000   Number         0  stubs.o ABSOLUTE
    _printf_u                                0x00000000   Number         0  stubs.o ABSOLUTE
    _printf_wc                               0x00000000   Number         0  stubs.o ABSOLUTE
    _printf_wctomb                           0x00000000   Number         0  stubs.o ABSOLUTE
    _printf_widthprec                        0x00000000   Number         0  stubs.o ABSOLUTE
    _printf_x                                0x00000000   Number         0  stubs.o ABSOLUTE
    __arm_fini_                               - Undefined Weak Reference
    __cpp_initialize__aeabi_                  - Undefined Weak Reference
    __cxa_finalize                            - Undefined Weak Reference
    __decompress                              - Undefined Weak Reference
    _clock_init                               - Undefined Weak Reference
    _microlib_exit                            - Undefined Weak Reference
    __Vectors_Size                           0x00000130   Number         0  startup_stm32f10x_hd.o ABSOLUTE
    __Vectors                                0x08000000   Data           4  startup_stm32f10x_hd.o(RESET)
    __Vectors_End                            0x08000130   Data           0  startup_stm32f10x_hd.o(RESET)
    __main                                   0x08000131   Thumb Code     0  entry.o(.ARM.Collect$$$$00000000)
    _main_stk                                0x08000131   Thumb Code     0  entry2.o(.ARM.Collect$$$$00000001)
    _main_scatterload                        0x08000135   Thumb Code     0  entry5.o(.ARM.Collect$$$$00000004)
    __main_after_scatterload                 0x08000139   Thumb Code     0  entry5.o(.ARM.Collect$$$$00000004)
    _main_clock                              0x08000139   Thumb Code     0  entry7b.o(.ARM.Collect$$$$00000008)
    _main_cpp_init                           0x08000139   Thumb Code     0  entry8b.o(.ARM.Collect$$$$0000000A)
    _main_init                               0x08000139   Thumb Code     0  entry9a.o(.ARM.Collect$$$$0000000B)
    __rt_lib_shutdown_fini                   0x08000141   Thumb Code     0  entry12b.o(.ARM.Collect$$$$0000000E)
    __rt_final_cpp                           0x08000145   Thumb Code     0  entry10a.o(.ARM.Collect$$$$0000000F)
    __rt_final_exit                          0x08000145   Thumb Code     0  entry11a.o(.ARM.Collect$$$$00000011)
    SVC_Handler                              0x08000149   Thumb Code    32  port.o(.emb_text)
    __asm___6_port_c_39a90d8d__prvStartFirstTask 0x0800016d   Thumb Code    28  port.o(.emb_text)
    PendSV_Handler                           0x0800018d   Thumb Code    72  port.o(.emb_text)
    vPortGetIPSR                             0x080001d9   Thumb Code     6  port.o(.emb_text)
    Reset_Handler                            0x080001e1   Thumb Code     8  startup_stm32f10x_hd.o(.text)
    ADC1_2_IRQHandler                        0x080001fb   Thumb Code     0  startup_stm32f10x_hd.o(.text)
    ADC3_IRQHandler                          0x080001fb   Thumb Code     0  startup_stm32f10x_hd.o(.text)
    CAN1_RX1_IRQHandler                      0x080001fb   Thumb Code     0  startup_stm32f10x_hd.o(.text)
    CAN1_SCE_IRQHandler                      0x080001fb   Thumb Code     0  startup_stm32f10x_hd.o(.text)
    DMA1_Channel1_IRQHandler                 0x080001fb   Thumb Code     0  startup_stm32f10x_hd.o(.text)
    DMA1_Channel2_IRQHandler                 0x080001fb   Thumb Code     0  startup_stm32f10x_hd.o(.text)
    DMA1_Channel3_IRQHandler                 0x080001fb   Thumb Code     0  startup_stm32f10x_hd.o(.text)
    DMA1_Channel4_IRQHandler                 0x080001fb   Thumb Code     0  startup_stm32f10x_hd.o(.text)
    DMA1_Channel5_IRQHandler                 0x080001fb   Thumb Code     0  startup_stm32f10x_hd.o(.text)
    DMA1_Channel6_IRQHandler                 0x080001fb   Thumb Code     0  startup_stm32f10x_hd.o(.text)
    DMA1_Channel7_IRQHandler                 0x080001fb   Thumb Code     0  startup_stm32f10x_hd.o(.text)
    DMA2_Channel1_IRQHandler                 0x080001fb   Thumb Code     0  startup_stm32f10x_hd.o(.text)
    DMA2_Channel2_IRQHandler                 0x080001fb   Thumb Code     0  startup_stm32f10x_hd.o(.text)
    DMA2_Channel3_IRQHandler                 0x080001fb   Thumb Code     0  startup_stm32f10x_hd.o(.text)
    DMA2_Channel4_5_IRQHandler               0x080001fb   Thumb Code     0  startup_stm32f10x_hd.o(.text)
    EXTI0_IRQHandler                         0x080001fb   Thumb Code     0  startup_stm32f10x_hd.o(.text)
    EXTI15_10_IRQHandler                     0x080001fb   Thumb Code     0  startup_stm32f10x_hd.o(.text)
    EXTI1_IRQHandler                         0x080001fb   Thumb Code     0  startup_stm32f10x_hd.o(.text)
    EXTI2_IRQHandler                         0x080001fb   Thumb Code     0  startup_stm32f10x_hd.o(.text)
    EXTI3_IRQHandler                         0x080001fb   Thumb Code     0  startup_stm32f10x_hd.o(.text)
    EXTI4_IRQHandler                         0x080001fb   Thumb Code     0  startup_stm32f10x_hd.o(.text)
    FLASH_IRQHandler                         0x080001fb   Thumb Code     0  startup_stm32f10x_hd.o(.text)
    FSMC_IRQHandler                          0x080001fb   Thumb Code     0  startup_stm32f10x_hd.o(.text)
    I2C1_ER_IRQHandler                       0x080001fb   Thumb Code     0  startup_stm32f10x_hd.o(.text)
    I2C1_EV_IRQHandler                       0x080001fb   Thumb Code     0  startup_stm32f10x_hd.o(.text)
    I2C2_ER_IRQHandler                       0x080001fb   Thumb Code     0  startup_stm32f10x_hd.o(.text)
    I2C2_EV_IRQHandler                       0x080001fb   Thumb Code     0  startup_stm32f10x_hd.o(.text)
    PVD_IRQHandler                           0x080001fb   Thumb Code     0  startup_stm32f10x_hd.o(.text)
    RCC_IRQHandler                           0x080001fb   Thumb Code     0  startup_stm32f10x_hd.o(.text)
    RTCAlarm_IRQHandler                      0x080001fb   Thumb Code     0  startup_stm32f10x_hd.o(.text)
    RTC_IRQHandler                           0x080001fb   Thumb Code     0  startup_stm32f10x_hd.o(.text)
    SDIO_IRQHandler                          0x080001fb   Thumb Code     0  startup_stm32f10x_hd.o(.text)
    SPI1_IRQHandler                          0x080001fb   Thumb Code     0  startup_stm32f10x_hd.o(.text)
    SPI2_IRQHandler                          0x080001fb   Thumb Code     0  startup_stm32f10x_hd.o(.text)
    SPI3_IRQHandler                          0x080001fb   Thumb Code     0  startup_stm32f10x_hd.o(.text)
    TIM1_BRK_IRQHandler                      0x080001fb   Thumb Code     0  startup_stm32f10x_hd.o(.text)
    TIM1_CC_IRQHandler                       0x080001fb   Thumb Code     0  startup_stm32f10x_hd.o(.text)
    TIM1_TRG_COM_IRQHandler                  0x080001fb   Thumb Code     0  startup_stm32f10x_hd.o(.text)
    TIM1_UP_IRQHandler                       0x080001fb   Thumb Code     0  startup_stm32f10x_hd.o(.text)
    TIM2_IRQHandler                          0x080001fb   Thumb Code     0  startup_stm32f10x_hd.o(.text)
    TIM3_IRQHandler                          0x080001fb   Thumb Code     0  startup_stm32f10x_hd.o(.text)
    TIM5_IRQHandler                          0x080001fb   Thumb Code     0  startup_stm32f10x_hd.o(.text)
    TIM6_IRQHandler                          0x080001fb   Thumb Code     0  startup_stm32f10x_hd.o(.text)
    TIM7_IRQHandler                          0x080001fb   Thumb Code     0  startup_stm32f10x_hd.o(.text)
    TIM8_BRK_IRQHandler                      0x080001fb   Thumb Code     0  startup_stm32f10x_hd.o(.text)
    TIM8_CC_IRQHandler                       0x080001fb   Thumb Code     0  startup_stm32f10x_hd.o(.text)
    TIM8_TRG_COM_IRQHandler                  0x080001fb   Thumb Code     0  startup_stm32f10x_hd.o(.text)
    TIM8_UP_IRQHandler                       0x080001fb   Thumb Code     0  startup_stm32f10x_hd.o(.text)
    UART4_IRQHandler                         0x080001fb   Thumb Code     0  startup_stm32f10x_hd.o(.text)
    UART5_IRQHandler                         0x080001fb   Thumb Code     0  startup_stm32f10x_hd.o(.text)
    USART2_IRQHandler                        0x080001fb   Thumb Code     0  startup_stm32f10x_hd.o(.text)
    USART3_IRQHandler                        0x080001fb   Thumb Code     0  startup_stm32f10x_hd.o(.text)
    USBWakeUp_IRQHandler                     0x080001fb   Thumb Code     0  startup_stm32f10x_hd.o(.text)
    USB_HP_CAN1_TX_IRQHandler                0x080001fb   Thumb Code     0  startup_stm32f10x_hd.o(.text)
    USB_LP_CAN1_RX0_IRQHandler               0x080001fb   Thumb Code     0  startup_stm32f10x_hd.o(.text)
    WWDG_IRQHandler                          0x080001fb   Thumb Code     0  startup_stm32f10x_hd.o(.text)
    __aeabi_memset                           0x08000205   Thumb Code    14  memseta.o(.text)
    __aeabi_memset4                          0x08000205   Thumb Code     0  memseta.o(.text)
    __aeabi_memset8                          0x08000205   Thumb Code     0  memseta.o(.text)
    __aeabi_memclr                           0x08000213   Thumb Code     4  memseta.o(.text)
    __aeabi_memclr4                          0x08000213   Thumb Code     0  memseta.o(.text)
    __aeabi_memclr8                          0x08000213   Thumb Code     0  memseta.o(.text)
    _memset$wrapper                          0x08000217   Thumb Code    18  memseta.o(.text)
    __aeabi_fadd                             0x08000229   Thumb Code   164  fadd.o(.text)
    __aeabi_fsub                             0x080002cd   Thumb Code     6  fadd.o(.text)
    __aeabi_frsub                            0x080002d3   Thumb Code     6  fadd.o(.text)
    __aeabi_fmul                             0x080002d9   Thumb Code   100  fmul.o(.text)
    __aeabi_fdiv                             0x0800033d   Thumb Code   124  fdiv.o(.text)
    __aeabi_dmul                             0x080003b9   Thumb Code   228  dmul.o(.text)
    __aeabi_ddiv                             0x0800049d   Thumb Code   222  ddiv.o(.text)
    __aeabi_i2f                              0x0800057b   Thumb Code    18  fflti.o(.text)
    __aeabi_ui2f                             0x0800058d   Thumb Code    10  ffltui.o(.text)
    __aeabi_f2iz                             0x08000597   Thumb Code    50  ffixi.o(.text)
    __aeabi_f2uiz                            0x080005c9   Thumb Code    40  ffixui.o(.text)
    __aeabi_f2d                              0x080005f1   Thumb Code    38  f2d.o(.text)
    __aeabi_d2f                              0x08000617   Thumb Code    56  d2f.o(.text)
    __aeabi_uidiv                            0x0800064f   Thumb Code     0  uidiv.o(.text)
    __aeabi_uidivmod                         0x0800064f   Thumb Code    44  uidiv.o(.text)
    __aeabi_uldivmod                         0x0800067b   Thumb Code    98  uldiv.o(.text)
    __aeabi_llsr                             0x080006dd   Thumb Code    32  llushr.o(.text)
    _ll_ushift_r                             0x080006dd   Thumb Code     0  llushr.o(.text)
    __I$use$fp                               0x080006fd   Thumb Code     0  iusefp.o(.text)
    _float_round                             0x080006fd   Thumb Code    18  fepilogue.o(.text)
    _float_epilogue                          0x0800070f   Thumb Code    92  fepilogue.o(.text)
    _double_round                            0x0800076b   Thumb Code    30  depilogue.o(.text)
    _double_epilogue                         0x08000789   Thumb Code   156  depilogue.o(.text)
    __aeabi_dadd                             0x08000825   Thumb Code   322  dadd.o(.text)
    __aeabi_dsub                             0x08000967   Thumb Code     6  dadd.o(.text)
    __aeabi_drsub                            0x0800096d   Thumb Code     6  dadd.o(.text)
    __aeabi_d2ulz                            0x08000973   Thumb Code    48  dfixul.o(.text)
    __aeabi_cdrcmple                         0x080009a5   Thumb Code    48  cdrcmple.o(.text)
    __scatterload                            0x080009d5   Thumb Code    28  init.o(.text)
    __scatterload_rt2                        0x080009d5   Thumb Code     0  init.o(.text)
    __aeabi_llsl                             0x080009f9   Thumb Code    30  llshl.o(.text)
    _ll_shift_l                              0x080009f9   Thumb Code     0  llshl.o(.text)
    __aeabi_lasr                             0x08000a17   Thumb Code    36  llsshr.o(.text)
    _ll_sshift_r                             0x08000a17   Thumb Code     0  llsshr.o(.text)
    ADC1_Init                                0x08000a3d   Thumb Code   290  adc.o(i.ADC1_Init)
    ADC_Cmd                                  0x08000b71   Thumb Code    22  stm32f10x_adc.o(i.ADC_Cmd)
    ADC_DMACmd                               0x08000b87   Thumb Code    22  stm32f10x_adc.o(i.ADC_DMACmd)
    ADC_GetCalibrationStatus                 0x08000b9d   Thumb Code    20  stm32f10x_adc.o(i.ADC_GetCalibrationStatus)
    ADC_GetResetCalibrationStatus            0x08000bb1   Thumb Code    20  stm32f10x_adc.o(i.ADC_GetResetCalibrationStatus)
    ADC_Init                                 0x08000bc5   Thumb Code    70  stm32f10x_adc.o(i.ADC_Init)
    ADC_RegularChannelConfig                 0x08000c15   Thumb Code   184  stm32f10x_adc.o(i.ADC_RegularChannelConfig)
    ADC_ResetCalibration                     0x08000ccd   Thumb Code    10  stm32f10x_adc.o(i.ADC_ResetCalibration)
    ADC_SoftwareStartConvCmd                 0x08000cd7   Thumb Code    22  stm32f10x_adc.o(i.ADC_SoftwareStartConvCmd)
    ADC_StartCalibration                     0x08000ced   Thumb Code    10  stm32f10x_adc.o(i.ADC_StartCalibration)
    BusFault_Handler                         0x08000cf7   Thumb Code     4  stm32f10x_it.o(i.BusFault_Handler)
    DMA_Cmd                                  0x08000cfb   Thumb Code    24  stm32f10x_dma.o(i.DMA_Cmd)
    DMA_Init                                 0x08000d13   Thumb Code    60  stm32f10x_dma.o(i.DMA_Init)
    DebugMon_Handler                         0x08000d4f   Thumb Code     2  stm32f10x_it.o(i.DebugMon_Handler)
    Decode_Data                              0x08000d51   Thumb Code   136  remote.o(i.Decode_Data)
    EXIT_GPIOC8_Init                         0x08000de1   Thumb Code   102  exit.o(i.EXIT_GPIOC8_Init)
    EXTI9_5_IRQHandler                       0x08000e4d   Thumb Code   132  exit.o(i.EXTI9_5_IRQHandler)
    EXTI_ClearITPendingBit                   0x08000ee5   Thumb Code     6  stm32f10x_exti.o(i.EXTI_ClearITPendingBit)
    EXTI_GetITStatus                         0x08000ef1   Thumb Code    34  stm32f10x_exti.o(i.EXTI_GetITStatus)
    EXTI_Init                                0x08000f19   Thumb Code   142  stm32f10x_exti.o(i.EXTI_Init)
    GPIO_EXTILineConfig                      0x08000fad   Thumb Code    60  stm32f10x_gpio.o(i.GPIO_EXTILineConfig)
    GPIO_Init                                0x08000fed   Thumb Code   278  stm32f10x_gpio.o(i.GPIO_Init)
    GPIO_ResetBits                           0x08001103   Thumb Code     4  stm32f10x_gpio.o(i.GPIO_ResetBits)
    HardFault_Handler                        0x08001107   Thumb Code     4  stm32f10x_it.o(i.HardFault_Handler)
    HardWare_Init                            0x0800110d   Thumb Code    58  freertos_demo.o(i.HardWare_Init)
    LED_Init                                 0x08001165   Thumb Code    46  led.o(i.LED_Init)
    MPU6050_Task                             0x08001199   Thumb Code    76  freertos_demo.o(i.MPU6050_Task)
    Max_Min_Limitations                      0x0800120d   Thumb Code   194  remote.o(i.Max_Min_Limitations)
    MemManage_Handler                        0x080012d5   Thumb Code     4  stm32f10x_it.o(i.MemManage_Handler)
    NMI_Handler                              0x080012d9   Thumb Code     2  stm32f10x_it.o(i.NMI_Handler)
    NVIC_Init                                0x080012dd   Thumb Code   100  misc.o(i.NVIC_Init)
    NVIC_PriorityGroupConfig                 0x0800134d   Thumb Code    10  misc.o(i.NVIC_PriorityGroupConfig)
    RCC_AHBPeriphClockCmd                    0x08001361   Thumb Code    26  stm32f10x_rcc.o(i.RCC_AHBPeriphClockCmd)
    RCC_APB1PeriphClockCmd                   0x08001381   Thumb Code    26  stm32f10x_rcc.o(i.RCC_APB1PeriphClockCmd)
    RCC_APB2PeriphClockCmd                   0x080013a1   Thumb Code    26  stm32f10x_rcc.o(i.RCC_APB2PeriphClockCmd)
    RCC_GetClocksFreq                        0x080013c1   Thumb Code   192  stm32f10x_rcc.o(i.RCC_GetClocksFreq)
    Remote_ADC_Data                          0x08001495   Thumb Code   148  remote.o(i.Remote_ADC_Data)
    Remote_Data                              0x08001539   Thumb Code    16  remote.o(i.Remote_Data)
    Remote_Middle_Limit                      0x08001549   Thumb Code   130  remote.o(i.Remote_Middle_Limit)
    Remote_Offset_Data                       0x080015d1   Thumb Code   216  remote.o(i.Remote_Offset_Data)
    Remote_Send_Data                         0x080016b9   Thumb Code   272  remote.o(i.Remote_Send_Data)
    Remote_Window_Filter                     0x080017cd   Thumb Code   286  remote.o(i.Remote_Window_Filter)
    SI24R1_RxPacket                          0x08001905   Thumb Code    38  si24r.o(i.SI24R1_RxPacket)
    SI24R1_TxPacket                          0x08001935   Thumb Code    72  si24r.o(i.SI24R1_TxPacket)
    SPI2_Init                                0x0800198d   Thumb Code   140  spi.o(i.SPI2_Init)
    SPI2_ReadWrite                           0x08001a21   Thumb Code    50  spi.o(i.SPI2_ReadWrite)
    SPI_Cmd                                  0x08001a59   Thumb Code    24  stm32f10x_spi.o(i.SPI_Cmd)
    SPI_I2S_GetFlagStatus                    0x08001a71   Thumb Code    18  stm32f10x_spi.o(i.SPI_I2S_GetFlagStatus)
    SPI_I2S_ReceiveData                      0x08001a83   Thumb Code     6  stm32f10x_spi.o(i.SPI_I2S_ReceiveData)
    SPI_I2S_SendData                         0x08001a89   Thumb Code     4  stm32f10x_spi.o(i.SPI_I2S_SendData)
    SPI_Init                                 0x08001a8d   Thumb Code    60  stm32f10x_spi.o(i.SPI_Init)
    Si24r_Check                              0x08001bb1   Thumb Code    26  si24r.o(i.Si24r_Check)
    Si24r_Init                               0x08001bf9   Thumb Code    86  si24r.o(i.Si24r_Init)
    Si24r_Read_Data                          0x08001c61   Thumb Code    58  si24r.o(i.Si24r_Read_Data)
    Si24r_Read_reg                           0x08001ca1   Thumb Code    36  si24r.o(i.Si24r_Read_reg)
    Si24r_TX_Mode                            0x08001ccd   Thumb Code   126  si24r.o(i.Si24r_TX_Mode)
    Si24r_TestConnection                     0x08001d5d   Thumb Code    66  si24r.o(i.Si24r_TestConnection)
    Si24r_Write_Data                         0x08001da9   Thumb Code    58  si24r.o(i.Si24r_Write_Data)
    Si24r_Write_reg                          0x08001de9   Thumb Code    34  si24r.o(i.Si24r_Write_reg)
    Si24rset_Mode                            0x08001e15   Thumb Code    78  si24r.o(i.Si24rset_Mode)
    Start_Task                               0x08001e6d   Thumb Code    66  freertos_demo.o(i.Start_Task)
    SysTick_CLKSourceConfig                  0x08001ed9   Thumb Code    40  misc.o(i.SysTick_CLKSourceConfig)
    SysTick_Handler                          0x08001f01   Thumb Code    16  systick.o(i.SysTick_Handler)
    SysTick_Init                             0x08001f11   Thumb Code    76  systick.o(i.SysTick_Init)
    SystemInit                               0x08001f61   Thumb Code    78  system_stm32f10x.o(i.SystemInit)
    System_Systick_Init                      0x08001fc1   Thumb Code    74  system.o(i.System_Systick_Init)
    TAMPER_IRQHandler                        0x08002015   Thumb Code     2  stm32f10x_it.o(i.TAMPER_IRQHandler)
    TIM3_PWM_Init                            0x08002019   Thumb Code   266  motor.o(i.TIM3_PWM_Init)
    TIM4_IRQHandler                          0x08002131   Thumb Code    26  time4.o(i.TIM4_IRQHandler)
    TIM_ClearITPendingBit                    0x08002151   Thumb Code     6  stm32f10x_tim.o(i.TIM_ClearITPendingBit)
    TIM_Cmd                                  0x08002157   Thumb Code    24  stm32f10x_tim.o(i.TIM_Cmd)
    TIM_GetITStatus                          0x0800216f   Thumb Code    34  stm32f10x_tim.o(i.TIM_GetITStatus)
    TIM_ITConfig                             0x08002191   Thumb Code    18  stm32f10x_tim.o(i.TIM_ITConfig)
    TIM_OC1Init                              0x080021a5   Thumb Code   132  stm32f10x_tim.o(i.TIM_OC1Init)
    TIM_OC1PreloadConfig                     0x0800223d   Thumb Code    18  stm32f10x_tim.o(i.TIM_OC1PreloadConfig)
    TIM_OC2Init                              0x08002251   Thumb Code   154  stm32f10x_tim.o(i.TIM_OC2Init)
    TIM_OC2PreloadConfig                     0x080022f5   Thumb Code    26  stm32f10x_tim.o(i.TIM_OC2PreloadConfig)
    TIM_OC3Init                              0x08002311   Thumb Code   150  stm32f10x_tim.o(i.TIM_OC3Init)
    TIM_OC3PreloadConfig                     0x080023b1   Thumb Code    18  stm32f10x_tim.o(i.TIM_OC3PreloadConfig)
    TIM_OC4Init                              0x080023c5   Thumb Code   114  stm32f10x_tim.o(i.TIM_OC4Init)
    TIM_OC4PreloadConfig                     0x08002441   Thumb Code    26  stm32f10x_tim.o(i.TIM_OC4PreloadConfig)
    TIM_TimeBaseInit                         0x0800245d   Thumb Code   122  stm32f10x_tim.o(i.TIM_TimeBaseInit)
    Task1                                    0x08002501   Thumb Code    22  freertos_demo.o(i.Task1)
    Time4_Init                               0x08002521   Thumb Code    90  time4.o(i.Time4_Init)
    USART1_IRQHandler                        0x08002581   Thumb Code   122  usart.o(i.USART1_IRQHandler)
    USART_ClearFlag                          0x08002609   Thumb Code    18  stm32f10x_usart.o(i.USART_ClearFlag)
    USART_Cmd                                0x0800261b   Thumb Code    24  stm32f10x_usart.o(i.USART_Cmd)
    USART_GetFlagStatus                      0x08002633   Thumb Code    26  stm32f10x_usart.o(i.USART_GetFlagStatus)
    USART_GetITStatus                        0x0800264d   Thumb Code    84  stm32f10x_usart.o(i.USART_GetITStatus)
    USART_ITConfig                           0x080026a1   Thumb Code    74  stm32f10x_usart.o(i.USART_ITConfig)
    USART_Init                               0x080026ed   Thumb Code   210  stm32f10x_usart.o(i.USART_Init)
    USART_ReceiveData                        0x080027c5   Thumb Code    10  stm32f10x_usart.o(i.USART_ReceiveData)
    USART_SendData                           0x080027cf   Thumb Code     8  stm32f10x_usart.o(i.USART_SendData)
    UsageFault_Handler                       0x080027d7   Thumb Code     4  stm32f10x_it.o(i.UsageFault_Handler)
    Usart_Init                               0x080027dd   Thumb Code   166  usart.o(i.Usart_Init)
    __0printf                                0x0800288d   Thumb Code    22  printfa.o(i.__0printf)
    __1printf                                0x0800288d   Thumb Code     0  printfa.o(i.__0printf)
    __2printf                                0x0800288d   Thumb Code     0  printfa.o(i.__0printf)
    __c89printf                              0x0800288d   Thumb Code     0  printfa.o(i.__0printf)
    printf                                   0x0800288d   Thumb Code     0  printfa.o(i.__0printf)
    __scatterload_copy                       0x080028ad   Thumb Code    14  handlers.o(i.__scatterload_copy)
    __scatterload_null                       0x080028bb   Thumb Code     2  handlers.o(i.__scatterload_null)
    __scatterload_zeroinit                   0x080028bd   Thumb Code    14  handlers.o(i.__scatterload_zeroinit)
    delay_us                                 0x08003159   Thumb Code    68  systick.o(i.delay_us)
    fputc                                    0x080031a1   Thumb Code    32  usart.o(i.fputc)
    freertos_demo                            0x080031c5   Thumb Code    30  freertos_demo.o(i.freertos_demo)
    main                                     0x080031f9   Thumb Code    32  main.o(i.main)
    pvPortMalloc                             0x08003645   Thumb Code   208  heap_4.o(i.pvPortMalloc)
    pxPortInitialiseStack                    0x08003729   Thumb Code    30  port.o(i.pxPortInitialiseStack)
    uxListRemove                             0x0800374d   Thumb Code    40  list.o(i.uxListRemove)
    vListInitialise                          0x08003775   Thumb Code    26  list.o(i.vListInitialise)
    vListInitialiseItem                      0x0800378f   Thumb Code     6  list.o(i.vListInitialiseItem)
    vListInsert                              0x08003795   Thumb Code    52  list.o(i.vListInsert)
    vListInsertEnd                           0x080037c9   Thumb Code    24  list.o(i.vListInsertEnd)
    vPortEnterCritical                       0x080037e1   Thumb Code    30  port.o(i.vPortEnterCritical)
    vPortExitCritical                        0x08003805   Thumb Code    28  port.o(i.vPortExitCritical)
    vPortFree                                0x08003825   Thumb Code    68  heap_4.o(i.vPortFree)
    vPortSetupTimerInterrupt                 0x08003871   Thumb Code    20  port.o(i.vPortSetupTimerInterrupt)
    vTaskDelay                               0x08003889   Thumb Code    46  tasks.o(i.vTaskDelay)
    vTaskDelete                              0x080038bd   Thumb Code   174  tasks.o(i.vTaskDelete)
    vTaskStartScheduler                      0x08003991   Thumb Code    76  tasks.o(i.vTaskStartScheduler)
    vTaskSuspendAll                          0x080039fd   Thumb Code    12  tasks.o(i.vTaskSuspendAll)
    vTaskSwitchContext                       0x08003a0d   Thumb Code    76  tasks.o(i.vTaskSwitchContext)
    xPortStartScheduler                      0x08003a6d   Thumb Code    42  port.o(i.xPortStartScheduler)
    xPortSysTickHandler                      0x08003aa1   Thumb Code    46  port.o(i.xPortSysTickHandler)
    xTaskCreate                              0x08003ad5   Thumb Code   104  tasks.o(i.xTaskCreate)
    xTaskGetSchedulerState                   0x08003b3d   Thumb Code    24  tasks.o(i.xTaskGetSchedulerState)
    xTaskIncrementTick                       0x08003b5d   Thumb Code   356  tasks.o(i.xTaskIncrementTick)
    xTaskResumeAll                           0x08003ced   Thumb Code   310  tasks.o(i.xTaskResumeAll)
    Region$$Table$$Base                      0x08003e48   Number         0  anon$$obj.o(Region$$Table)
    Region$$Table$$Limit                     0x08003e68   Number         0  anon$$obj.o(Region$$Table)
    Start_Task_Handler                       0x20000000   Data           4  freertos_demo.o(.data)
    Task1_Handler                            0x20000004   Data           4  freertos_demo.o(.data)
    MPU6050_TASK_Handler                     0x20000008   Data           4  freertos_demo.o(.data)
    TX_ADDR                                  0x20000020   Data           5  si24r.o(.data)
    RX_ADDR                                  0x20000025   Data           5  si24r.o(.data)
    state                                    0x2000002a   Data           1  si24r.o(.data)
    ADC_Buf                                  0x2000002c   Data           8  adc.o(.data)
    USART1_RX_STA                            0x20000036   Data           2  usart.o(.data)
    pxCurrentTCB                             0x20000038   Data           4  tasks.o(.data)
    uxTopUsedPriority                        0x20000070   Data           4  tasks.o(.data)
    Remote_Offset                            0x20000098   Data           8  remote.o(.data)
    offset_flag                              0x200000a0   Data           1  remote.o(.data)
    __stdout                                 0x200000a4   Data           4  stdout.o(.data)
    rxbuf                                    0x200000a8   Data          32  exit.o(.bss)
    USART1_RX_BUF                            0x200000c8   Data         200  usart.o(.bss)
    My_Remote_Data                           0x20008474   Data          20  remote.o(.bss)
    Filter_Window_THR                        0x20008488   Data          24  remote.o(.bss)
    Filter_Window_YAW                        0x200084a0   Data          24  remote.o(.bss)
    Filter_Window_PIT                        0x200084b8   Data          24  remote.o(.bss)
    Filter_Window_ROL                        0x200084d0   Data          24  remote.o(.bss)
    __initial_sp                             0x200088e8   Data           0  startup_stm32f10x_hd.o(STACK)



==============================================================================

Memory Map of the image

  Image Entry point : 0x08000131

  Load Region LR_IROM1 (Base: 0x08000000, Size: 0x00003f10, Max: 0x00080000, ABSOLUTE)

    Execution Region ER_IROM1 (Exec base: 0x08000000, Load base: 0x08000000, Size: 0x00003e68, Max: 0x00080000, ABSOLUTE)

    Exec Addr    Load Addr    Size         Type   Attr      Idx    E Section Name        Object

    0x08000000   0x08000000   0x00000130   Data   RO          469    RESET               startup_stm32f10x_hd.o
    0x08000130   0x08000130   0x00000000   Code   RO         4968  * .ARM.Collect$$$$00000000  mc_w.l(entry.o)
    0x08000130   0x08000130   0x00000004   Code   RO         5303    .ARM.Collect$$$$00000001  mc_w.l(entry2.o)
    0x08000134   0x08000134   0x00000004   Code   RO         5306    .ARM.Collect$$$$00000004  mc_w.l(entry5.o)
    0x08000138   0x08000138   0x00000000   Code   RO         5308    .ARM.Collect$$$$00000008  mc_w.l(entry7b.o)
    0x08000138   0x08000138   0x00000000   Code   RO         5310    .ARM.Collect$$$$0000000A  mc_w.l(entry8b.o)
    0x08000138   0x08000138   0x00000008   Code   RO         5311    .ARM.Collect$$$$0000000B  mc_w.l(entry9a.o)
    0x08000140   0x08000140   0x00000004   Code   RO         5318    .ARM.Collect$$$$0000000E  mc_w.l(entry12b.o)
    0x08000144   0x08000144   0x00000000   Code   RO         5313    .ARM.Collect$$$$0000000F  mc_w.l(entry10a.o)
    0x08000144   0x08000144   0x00000000   Code   RO         5315    .ARM.Collect$$$$00000011  mc_w.l(entry11a.o)
    0x08000144   0x08000144   0x00000004   Code   RO         5304    .ARM.Collect$$$$00002712  mc_w.l(entry2.o)
    0x08000148   0x08000148   0x00000096   Code   RO         4733    .emb_text           port.o
    0x080001de   0x080001de   0x00000002   PAD
    0x080001e0   0x080001e0   0x00000024   Code   RO          470    .text               startup_stm32f10x_hd.o
    0x08000204   0x08000204   0x00000024   Code   RO         4973    .text               mc_w.l(memseta.o)
    0x08000228   0x08000228   0x000000b0   Code   RO         5238    .text               mf_w.l(fadd.o)
    0x080002d8   0x080002d8   0x00000064   Code   RO         5240    .text               mf_w.l(fmul.o)
    0x0800033c   0x0800033c   0x0000007c   Code   RO         5242    .text               mf_w.l(fdiv.o)
    0x080003b8   0x080003b8   0x000000e4   Code   RO         5244    .text               mf_w.l(dmul.o)
    0x0800049c   0x0800049c   0x000000de   Code   RO         5246    .text               mf_w.l(ddiv.o)
    0x0800057a   0x0800057a   0x00000012   Code   RO         5248    .text               mf_w.l(fflti.o)
    0x0800058c   0x0800058c   0x0000000a   Code   RO         5250    .text               mf_w.l(ffltui.o)
    0x08000596   0x08000596   0x00000032   Code   RO         5254    .text               mf_w.l(ffixi.o)
    0x080005c8   0x080005c8   0x00000028   Code   RO         5256    .text               mf_w.l(ffixui.o)
    0x080005f0   0x080005f0   0x00000026   Code   RO         5260    .text               mf_w.l(f2d.o)
    0x08000616   0x08000616   0x00000038   Code   RO         5262    .text               mf_w.l(d2f.o)
    0x0800064e   0x0800064e   0x0000002c   Code   RO         5320    .text               mc_w.l(uidiv.o)
    0x0800067a   0x0800067a   0x00000062   Code   RO         5322    .text               mc_w.l(uldiv.o)
    0x080006dc   0x080006dc   0x00000020   Code   RO         5324    .text               mc_w.l(llushr.o)
    0x080006fc   0x080006fc   0x00000000   Code   RO         5333    .text               mc_w.l(iusefp.o)
    0x080006fc   0x080006fc   0x0000006e   Code   RO         5334    .text               mf_w.l(fepilogue.o)
    0x0800076a   0x0800076a   0x000000ba   Code   RO         5336    .text               mf_w.l(depilogue.o)
    0x08000824   0x08000824   0x0000014e   Code   RO         5338    .text               mf_w.l(dadd.o)
    0x08000972   0x08000972   0x00000030   Code   RO         5342    .text               mf_w.l(dfixul.o)
    0x080009a2   0x080009a2   0x00000002   PAD
    0x080009a4   0x080009a4   0x00000030   Code   RO         5346    .text               mf_w.l(cdrcmple.o)
    0x080009d4   0x080009d4   0x00000024   Code   RO         5348    .text               mc_w.l(init.o)
    0x080009f8   0x080009f8   0x0000001e   Code   RO         5350    .text               mc_w.l(llshl.o)
    0x08000a16   0x08000a16   0x00000024   Code   RO         5352    .text               mc_w.l(llsshr.o)
    0x08000a3a   0x08000a3a   0x00000002   PAD
    0x08000a3c   0x08000a3c   0x00000134   Code   RO         3840    i.ADC1_Init         adc.o
    0x08000b70   0x08000b70   0x00000016   Code   RO          517    i.ADC_Cmd           stm32f10x_adc.o
    0x08000b86   0x08000b86   0x00000016   Code   RO          518    i.ADC_DMACmd        stm32f10x_adc.o
    0x08000b9c   0x08000b9c   0x00000014   Code   RO          525    i.ADC_GetCalibrationStatus  stm32f10x_adc.o
    0x08000bb0   0x08000bb0   0x00000014   Code   RO          531    i.ADC_GetResetCalibrationStatus  stm32f10x_adc.o
    0x08000bc4   0x08000bc4   0x00000050   Code   RO          535    i.ADC_Init          stm32f10x_adc.o
    0x08000c14   0x08000c14   0x000000b8   Code   RO          539    i.ADC_RegularChannelConfig  stm32f10x_adc.o
    0x08000ccc   0x08000ccc   0x0000000a   Code   RO          540    i.ADC_ResetCalibration  stm32f10x_adc.o
    0x08000cd6   0x08000cd6   0x00000016   Code   RO          542    i.ADC_SoftwareStartConvCmd  stm32f10x_adc.o
    0x08000cec   0x08000cec   0x0000000a   Code   RO          544    i.ADC_StartCalibration  stm32f10x_adc.o
    0x08000cf6   0x08000cf6   0x00000004   Code   RO          156    i.BusFault_Handler  stm32f10x_it.o
    0x08000cfa   0x08000cfa   0x00000018   Code   RO         1202    i.DMA_Cmd           stm32f10x_dma.o
    0x08000d12   0x08000d12   0x0000003c   Code   RO         1208    i.DMA_Init          stm32f10x_dma.o
    0x08000d4e   0x08000d4e   0x00000002   Code   RO          157    i.DebugMon_Handler  stm32f10x_it.o
    0x08000d50   0x08000d50   0x00000090   Code   RO         4885    i.Decode_Data       remote.o
    0x08000de0   0x08000de0   0x0000006c   Code   RO         3789    i.EXIT_GPIOC8_Init  exit.o
    0x08000e4c   0x08000e4c   0x00000098   Code   RO         3790    i.EXTI9_5_IRQHandler  exit.o
    0x08000ee4   0x08000ee4   0x0000000c   Code   RO         1273    i.EXTI_ClearITPendingBit  stm32f10x_exti.o
    0x08000ef0   0x08000ef0   0x00000028   Code   RO         1277    i.EXTI_GetITStatus  stm32f10x_exti.o
    0x08000f18   0x08000f18   0x00000094   Code   RO         1278    i.EXTI_Init         stm32f10x_exti.o
    0x08000fac   0x08000fac   0x00000040   Code   RO         1623    i.GPIO_EXTILineConfig  stm32f10x_gpio.o
    0x08000fec   0x08000fec   0x00000116   Code   RO         1626    i.GPIO_Init         stm32f10x_gpio.o
    0x08001102   0x08001102   0x00000004   Code   RO         1633    i.GPIO_ResetBits    stm32f10x_gpio.o
    0x08001106   0x08001106   0x00000004   Code   RO          158    i.HardFault_Handler  stm32f10x_it.o
    0x0800110a   0x0800110a   0x00000002   PAD
    0x0800110c   0x0800110c   0x00000058   Code   RO          259    i.HardWare_Init     freertos_demo.o
    0x08001164   0x08001164   0x00000034   Code   RO         3486    i.LED_Init          led.o
    0x08001198   0x08001198   0x00000074   Code   RO          260    i.MPU6050_Task      freertos_demo.o
    0x0800120c   0x0800120c   0x000000c8   Code   RO         4886    i.Max_Min_Limitations  remote.o
    0x080012d4   0x080012d4   0x00000004   Code   RO          159    i.MemManage_Handler  stm32f10x_it.o
    0x080012d8   0x080012d8   0x00000002   Code   RO          160    i.NMI_Handler       stm32f10x_it.o
    0x080012da   0x080012da   0x00000002   PAD
    0x080012dc   0x080012dc   0x00000070   Code   RO          475    i.NVIC_Init         misc.o
    0x0800134c   0x0800134c   0x00000014   Code   RO          476    i.NVIC_PriorityGroupConfig  misc.o
    0x08001360   0x08001360   0x00000020   Code   RO         2041    i.RCC_AHBPeriphClockCmd  stm32f10x_rcc.o
    0x08001380   0x08001380   0x00000020   Code   RO         2042    i.RCC_APB1PeriphClockCmd  stm32f10x_rcc.o
    0x080013a0   0x080013a0   0x00000020   Code   RO         2044    i.RCC_APB2PeriphClockCmd  stm32f10x_rcc.o
    0x080013c0   0x080013c0   0x000000d4   Code   RO         2052    i.RCC_GetClocksFreq  stm32f10x_rcc.o
    0x08001494   0x08001494   0x000000a4   Code   RO         4887    i.Remote_ADC_Data   remote.o
    0x08001538   0x08001538   0x00000010   Code   RO         4888    i.Remote_Data       remote.o
    0x08001548   0x08001548   0x00000088   Code   RO         4889    i.Remote_Middle_Limit  remote.o
    0x080015d0   0x080015d0   0x000000e8   Code   RO         4890    i.Remote_Offset_Data  remote.o
    0x080016b8   0x080016b8   0x00000114   Code   RO         4891    i.Remote_Send_Data  remote.o
    0x080017cc   0x080017cc   0x00000138   Code   RO         4892    i.Remote_Window_Filter  remote.o
    0x08001904   0x08001904   0x00000030   Code   RO         3701    i.SI24R1_RxPacket   si24r.o
    0x08001934   0x08001934   0x00000058   Code   RO         3702    i.SI24R1_TxPacket   si24r.o
    0x0800198c   0x0800198c   0x00000094   Code   RO         3680    i.SPI2_Init         spi.o
    0x08001a20   0x08001a20   0x00000038   Code   RO         3681    i.SPI2_ReadWrite    spi.o
    0x08001a58   0x08001a58   0x00000018   Code   RO         2521    i.SPI_Cmd           stm32f10x_spi.o
    0x08001a70   0x08001a70   0x00000012   Code   RO         2529    i.SPI_I2S_GetFlagStatus  stm32f10x_spi.o
    0x08001a82   0x08001a82   0x00000006   Code   RO         2532    i.SPI_I2S_ReceiveData  stm32f10x_spi.o
    0x08001a88   0x08001a88   0x00000004   Code   RO         2533    i.SPI_I2S_SendData  stm32f10x_spi.o
    0x08001a8c   0x08001a8c   0x0000003c   Code   RO         2534    i.SPI_Init          stm32f10x_spi.o
    0x08001ac8   0x08001ac8   0x00000008   Code   RO         3452    i.SetSysClock       system_stm32f10x.o
    0x08001ad0   0x08001ad0   0x000000e0   Code   RO         3453    i.SetSysClockTo72   system_stm32f10x.o
    0x08001bb0   0x08001bb0   0x00000048   Code   RO         3703    i.Si24r_Check       si24r.o
    0x08001bf8   0x08001bf8   0x00000068   Code   RO         3704    i.Si24r_Init        si24r.o
    0x08001c60   0x08001c60   0x00000040   Code   RO         3706    i.Si24r_Read_Data   si24r.o
    0x08001ca0   0x08001ca0   0x0000002c   Code   RO         3707    i.Si24r_Read_reg    si24r.o
    0x08001ccc   0x08001ccc   0x00000090   Code   RO         3708    i.Si24r_TX_Mode     si24r.o
    0x08001d5c   0x08001d5c   0x0000004c   Code   RO         3709    i.Si24r_TestConnection  si24r.o
    0x08001da8   0x08001da8   0x00000040   Code   RO         3710    i.Si24r_Write_Data  si24r.o
    0x08001de8   0x08001de8   0x0000002c   Code   RO         3711    i.Si24r_Write_reg   si24r.o
    0x08001e14   0x08001e14   0x00000058   Code   RO         3712    i.Si24rset_Mode     si24r.o
    0x08001e6c   0x08001e6c   0x0000006c   Code   RO          261    i.Start_Task        freertos_demo.o
    0x08001ed8   0x08001ed8   0x00000028   Code   RO          479    i.SysTick_CLKSourceConfig  misc.o
    0x08001f00   0x08001f00   0x00000010   Code   RO         3870    i.SysTick_Handler   systick.o
    0x08001f10   0x08001f10   0x00000050   Code   RO         3871    i.SysTick_Init      systick.o
    0x08001f60   0x08001f60   0x00000060   Code   RO         3455    i.SystemInit        system_stm32f10x.o
    0x08001fc0   0x08001fc0   0x00000054   Code   RO         3858    i.System_Systick_Init  system.o
    0x08002014   0x08002014   0x00000002   Code   RO          161    i.TAMPER_IRQHandler  stm32f10x_it.o
    0x08002016   0x08002016   0x00000002   PAD
    0x08002018   0x08002018   0x00000118   Code   RO         3660    i.TIM3_PWM_Init     motor.o
    0x08002130   0x08002130   0x00000020   Code   RO         3817    i.TIM4_IRQHandler   time4.o
    0x08002150   0x08002150   0x00000006   Code   RO         2671    i.TIM_ClearITPendingBit  stm32f10x_tim.o
    0x08002156   0x08002156   0x00000018   Code   RO         2676    i.TIM_Cmd           stm32f10x_tim.o
    0x0800216e   0x0800216e   0x00000022   Code   RO         2697    i.TIM_GetITStatus   stm32f10x_tim.o
    0x08002190   0x08002190   0x00000012   Code   RO         2701    i.TIM_ITConfig      stm32f10x_tim.o
    0x080021a2   0x080021a2   0x00000002   PAD
    0x080021a4   0x080021a4   0x00000098   Code   RO         2705    i.TIM_OC1Init       stm32f10x_tim.o
    0x0800223c   0x0800223c   0x00000012   Code   RO         2708    i.TIM_OC1PreloadConfig  stm32f10x_tim.o
    0x0800224e   0x0800224e   0x00000002   PAD
    0x08002250   0x08002250   0x000000a4   Code   RO         2710    i.TIM_OC2Init       stm32f10x_tim.o
    0x080022f4   0x080022f4   0x0000001a   Code   RO         2713    i.TIM_OC2PreloadConfig  stm32f10x_tim.o
    0x0800230e   0x0800230e   0x00000002   PAD
    0x08002310   0x08002310   0x000000a0   Code   RO         2715    i.TIM_OC3Init       stm32f10x_tim.o
    0x080023b0   0x080023b0   0x00000012   Code   RO         2718    i.TIM_OC3PreloadConfig  stm32f10x_tim.o
    0x080023c2   0x080023c2   0x00000002   PAD
    0x080023c4   0x080023c4   0x0000007c   Code   RO         2720    i.TIM_OC4Init       stm32f10x_tim.o
    0x08002440   0x08002440   0x0000001a   Code   RO         2722    i.TIM_OC4PreloadConfig  stm32f10x_tim.o
    0x0800245a   0x0800245a   0x00000002   PAD
    0x0800245c   0x0800245c   0x000000a4   Code   RO         2747    i.TIM_TimeBaseInit  stm32f10x_tim.o
    0x08002500   0x08002500   0x00000020   Code   RO          262    i.Task1             freertos_demo.o
    0x08002520   0x08002520   0x00000060   Code   RO         3818    i.Time4_Init        time4.o
    0x08002580   0x08002580   0x00000088   Code   RO         3902    i.USART1_IRQHandler  usart.o
    0x08002608   0x08002608   0x00000012   Code   RO         3208    i.USART_ClearFlag   stm32f10x_usart.o
    0x0800261a   0x0800261a   0x00000018   Code   RO         3212    i.USART_Cmd         stm32f10x_usart.o
    0x08002632   0x08002632   0x0000001a   Code   RO         3215    i.USART_GetFlagStatus  stm32f10x_usart.o
    0x0800264c   0x0800264c   0x00000054   Code   RO         3216    i.USART_GetITStatus  stm32f10x_usart.o
    0x080026a0   0x080026a0   0x0000004a   Code   RO         3218    i.USART_ITConfig    stm32f10x_usart.o
    0x080026ea   0x080026ea   0x00000002   PAD
    0x080026ec   0x080026ec   0x000000d8   Code   RO         3219    i.USART_Init        stm32f10x_usart.o
    0x080027c4   0x080027c4   0x0000000a   Code   RO         3226    i.USART_ReceiveData  stm32f10x_usart.o
    0x080027ce   0x080027ce   0x00000008   Code   RO         3229    i.USART_SendData    stm32f10x_usart.o
    0x080027d6   0x080027d6   0x00000004   Code   RO          162    i.UsageFault_Handler  stm32f10x_it.o
    0x080027da   0x080027da   0x00000002   PAD
    0x080027dc   0x080027dc   0x000000b0   Code   RO         3903    i.Usart_Init        usart.o
    0x0800288c   0x0800288c   0x00000020   Code   RO         5210    i.__0printf         mc_w.l(printfa.o)
    0x080028ac   0x080028ac   0x0000000e   Code   RO         5358    i.__scatterload_copy  mc_w.l(handlers.o)
    0x080028ba   0x080028ba   0x00000002   Code   RO         5359    i.__scatterload_null  mc_w.l(handlers.o)
    0x080028bc   0x080028bc   0x0000000e   Code   RO         5360    i.__scatterload_zeroinit  mc_w.l(handlers.o)
    0x080028ca   0x080028ca   0x00000002   PAD
    0x080028cc   0x080028cc   0x00000184   Code   RO         5217    i._fp_digits        mc_w.l(printfa.o)
    0x08002a50   0x08002a50   0x000006b4   Code   RO         5218    i._printf_core      mc_w.l(printfa.o)
    0x08003104   0x08003104   0x00000024   Code   RO         5219    i._printf_post_padding  mc_w.l(printfa.o)
    0x08003128   0x08003128   0x0000002e   Code   RO         5220    i._printf_pre_padding  mc_w.l(printfa.o)
    0x08003156   0x08003156   0x00000002   PAD
    0x08003158   0x08003158   0x00000048   Code   RO         3873    i.delay_us          systick.o
    0x080031a0   0x080031a0   0x00000024   Code   RO         3904    i.fputc             usart.o
    0x080031c4   0x080031c4   0x00000034   Code   RO          263    i.freertos_demo     freertos_demo.o
    0x080031f8   0x080031f8   0x00000020   Code   RO            1    i.main              main.o
    0x08003218   0x08003218   0x000000c0   Code   RO         4360    i.prvAddCurrentTaskToDelayedList  tasks.o
    0x080032d8   0x080032d8   0x000000e4   Code   RO         4361    i.prvAddNewTaskToReadyList  tasks.o
    0x080033bc   0x080033bc   0x00000048   Code   RO         4362    i.prvCheckTasksWaitingTermination  tasks.o
    0x08003404   0x08003404   0x00000012   Code   RO         4363    i.prvDeleteTCB      tasks.o
    0x08003416   0x08003416   0x00000002   PAD
    0x08003418   0x08003418   0x00000070   Code   RO         4672    i.prvHeapInit       heap_4.o
    0x08003488   0x08003488   0x00000028   Code   RO         4364    i.prvIdleTask       tasks.o
    0x080034b0   0x080034b0   0x0000007a   Code   RO         4365    i.prvInitialiseNewTask  tasks.o
    0x0800352a   0x0800352a   0x00000002   PAD
    0x0800352c   0x0800352c   0x00000068   Code   RO         4366    i.prvInitialiseTaskLists  tasks.o
    0x08003594   0x08003594   0x00000068   Code   RO         4673    i.prvInsertBlockIntoFreeList  heap_4.o
    0x080035fc   0x080035fc   0x00000030   Code   RO         4367    i.prvResetNextTaskUnblockTime  tasks.o
    0x0800362c   0x0800362c   0x00000016   Code   RO         4734    i.prvTaskExitError  port.o
    0x08003642   0x08003642   0x00000002   PAD
    0x08003644   0x08003644   0x000000e4   Code   RO         4675    i.pvPortMalloc      heap_4.o
    0x08003728   0x08003728   0x00000024   Code   RO         4735    i.pxPortInitialiseStack  port.o
    0x0800374c   0x0800374c   0x00000028   Code   RO         4041    i.uxListRemove      list.o
    0x08003774   0x08003774   0x0000001a   Code   RO         4042    i.vListInitialise   list.o
    0x0800378e   0x0800378e   0x00000006   Code   RO         4043    i.vListInitialiseItem  list.o
    0x08003794   0x08003794   0x00000034   Code   RO         4044    i.vListInsert       list.o
    0x080037c8   0x080037c8   0x00000018   Code   RO         4045    i.vListInsertEnd    list.o
    0x080037e0   0x080037e0   0x00000024   Code   RO         4737    i.vPortEnterCritical  port.o
    0x08003804   0x08003804   0x00000020   Code   RO         4738    i.vPortExitCritical  port.o
    0x08003824   0x08003824   0x0000004c   Code   RO         4676    i.vPortFree         heap_4.o
    0x08003870   0x08003870   0x00000018   Code   RO         4739    i.vPortSetupTimerInterrupt  port.o
    0x08003888   0x08003888   0x00000034   Code   RO         4375    i.vTaskDelay        tasks.o
    0x080038bc   0x080038bc   0x000000d4   Code   RO         4376    i.vTaskDelete       tasks.o
    0x08003990   0x08003990   0x0000006c   Code   RO         4387    i.vTaskStartScheduler  tasks.o
    0x080039fc   0x080039fc   0x00000010   Code   RO         4389    i.vTaskSuspendAll   tasks.o
    0x08003a0c   0x08003a0c   0x00000060   Code   RO         4390    i.vTaskSwitchContext  tasks.o
    0x08003a6c   0x08003a6c   0x00000034   Code   RO         4740    i.xPortStartScheduler  port.o
    0x08003aa0   0x08003aa0   0x00000034   Code   RO         4741    i.xPortSysTickHandler  port.o
    0x08003ad4   0x08003ad4   0x00000068   Code   RO         4393    i.xTaskCreate       tasks.o
    0x08003b3c   0x08003b3c   0x00000020   Code   RO         4400    i.xTaskGetSchedulerState  tasks.o
    0x08003b5c   0x08003b5c   0x00000190   Code   RO         4403    i.xTaskIncrementTick  tasks.o
    0x08003cec   0x08003cec   0x0000015c   Code   RO         4405    i.xTaskResumeAll    tasks.o
    0x08003e48   0x08003e48   0x00000020   Data   RO         5356    Region$$Table       anon$$obj.o


    Execution Region RW_IRAM1 (Exec base: 0x20000000, Load base: 0x08003e68, Size: 0x000088e8, Max: 0x00010000, ABSOLUTE)

    Exec Addr    Load Addr    Size         Type   Attr      Idx    E Section Name        Object

    0x20000000   0x08003e68   0x0000000c   Data   RW          265    .data               freertos_demo.o
    0x2000000c   0x08003e74   0x00000014   Data   RW         2072    .data               stm32f10x_rcc.o
    0x20000020   0x08003e88   0x0000000b   Data   RW         3713    .data               si24r.o
    0x2000002b   0x08003e93   0x00000001   PAD
    0x2000002c   0x08003e94   0x00000008   Data   RW         3841    .data               adc.o
    0x20000034   0x08003e9c   0x00000001   Data   RW         3874    .data               systick.o
    0x20000035   0x08003e9d   0x00000001   PAD
    0x20000036   0x08003e9e   0x00000002   Data   RW         3906    .data               usart.o
    0x20000038   0x08003ea0   0x00000040   Data   RW         4408    .data               tasks.o
    0x20000078   0x08003ee0   0x0000001c   Data   RW         4682    .data               heap_4.o
    0x20000094   0x08003efc   0x00000004   Data   RW         4742    .data               port.o
    0x20000098   0x08003f00   0x0000000a   Data   RW         4894    .data               remote.o
    0x200000a2   0x08003f0a   0x00000002   PAD
    0x200000a4   0x08003f0c   0x00000004   Data   RW         5319    .data               mc_w.l(stdout.o)
    0x200000a8        -       0x00000020   Zero   RW         3791    .bss                exit.o
    0x200000c8        -       0x000000c8   Zero   RW         3905    .bss                usart.o
    0x20000190        -       0x000002e4   Zero   RW         4407    .bss                tasks.o
    0x20000474        -       0x00008000   Zero   RW         4681    .bss                heap_4.o
    0x20008474        -       0x00000074   Zero   RW         4893    .bss                remote.o
    0x200084e8        -       0x00000400   Zero   RW          467    STACK               startup_stm32f10x_hd.o


==============================================================================

Image component sizes


      Code (inc. data)   RO Data    RW Data    ZI Data      Debug   Object Name

       308         18          0          8          0       1366   adc.o
         0          0          0          0          0       2492   event_groups.o
       260         26          0          0         32       1796   exit.o
       396        144          0         12          0     268750   freertos_demo.o
       520         58          0         28      32768       4707   heap_4.o
        52          6          0          0          0        467   led.o
       148          0          0          0          0       3270   list.o
        32          0          0          0          0     216111   main.o
       172         22          0          0          0       2333   misc.o
       280         14          0          0          0        712   motor.o
       404         48          0          4          0       9004   port.o
      1480         82          0         10        116       5288   remote.o
       836        158          0         11          0       6978   si24r.o
       204         14          0          0          0       1117   spi.o
        36          8        304          0       1024        840   startup_stm32f10x_hd.o
       390         10          0          0          0       7873   stm32f10x_adc.o
        84          0          0          0          0       3017   stm32f10x_dma.o
       200         18          0          0          0       2388   stm32f10x_exti.o
       346          4          0          0          0       3395   stm32f10x_gpio.o
        22          0          0          0          0      76341   stm32f10x_it.o
       308         38          0         20          0       5314   stm32f10x_rcc.o
       112          0          0          0          0       4174   stm32f10x_spi.o
       934         92          0          0          0       9366   stm32f10x_tim.o
       460          6          0          0          0       7171   stm32f10x_usart.o
        84         10          0          0          0        470   system.o
       328         28          0          0          0       2041   system_stm32f10x.o
       168          8          0          1          0       1824   systick.o
      2192        308          0         64        740      27154   tasks.o
       128         12          0          0          0       1083   time4.o
       348         28          0          2        200       3715   usart.o

    ----------------------------------------------------------------------
     11260       1160        336        164      34880     680557   Object Totals
         0          0         32          0          0          0   (incl. Generated)
        28          0          0          4          0          0   (incl. Padding)

    ----------------------------------------------------------------------

      Code (inc. data)   RO Data    RW Data    ZI Data      Debug   Library Member Name

         0          0          0          0          0          0   entry.o
         0          0          0          0          0          0   entry10a.o
         0          0          0          0          0          0   entry11a.o
         4          0          0          0          0          0   entry12b.o
         8          4          0          0          0          0   entry2.o
         4          0          0          0          0          0   entry5.o
         0          0          0          0          0          0   entry7b.o
         0          0          0          0          0          0   entry8b.o
         8          4          0          0          0          0   entry9a.o
        30          0          0          0          0          0   handlers.o
        36          8          0          0          0         68   init.o
         0          0          0          0          0          0   iusefp.o
        30          0          0          0          0         68   llshl.o
        36          0          0          0          0         68   llsshr.o
        32          0          0          0          0         68   llushr.o
        36          0          0          0          0        108   memseta.o
      2218         90          0          0          0        464   printfa.o
         0          0          0          4          0          0   stdout.o
        44          0          0          0          0         80   uidiv.o
        98          0          0          0          0         92   uldiv.o
        48          0          0          0          0         68   cdrcmple.o
        56          0          0          0          0         88   d2f.o
       334          0          0          0          0        148   dadd.o
       222          0          0          0          0        100   ddiv.o
       186          0          0          0          0        176   depilogue.o
        48          0          0          0          0         68   dfixul.o
       228          0          0          0          0         96   dmul.o
        38          0          0          0          0         68   f2d.o
       176          0          0          0          0        140   fadd.o
       124          0          0          0          0         88   fdiv.o
       110          0          0          0          0        168   fepilogue.o
        50          0          0          0          0         68   ffixi.o
        40          0          0          0          0         68   ffixui.o
        18          0          0          0          0         68   fflti.o
        10          0          0          0          0         68   ffltui.o
       100          0          0          0          0         76   fmul.o

    ----------------------------------------------------------------------
      4380        106          0          4          0       2572   Library Totals
         8          0          0          0          0          0   (incl. Padding)

    ----------------------------------------------------------------------

      Code (inc. data)   RO Data    RW Data    ZI Data      Debug   Library Name

      2584        106          0          4          0       1016   mc_w.l
      1788          0          0          0          0       1556   mf_w.l

    ----------------------------------------------------------------------
      4380        106          0          4          0       2572   Library Totals

    ----------------------------------------------------------------------

==============================================================================


      Code (inc. data)   RO Data    RW Data    ZI Data      Debug   

     15640       1266        336        168      34880     675117   Grand Totals
     15640       1266        336        168      34880     675117   ELF Image Totals
     15640       1266        336        168          0          0   ROM Totals

==============================================================================

    Total RO  Size (Code + RO Data)                15976 (  15.60kB)
    Total RW  Size (RW Data + ZI Data)             35048 (  34.23kB)
    Total ROM Size (Code + RO Data + RW Data)      16144 (  15.77kB)

==============================================================================

